2026-08-12 16:45:00,148 [INFO] core.observability: [事件] settings.schema_migrated | application=NativeWatchlistProfile_15776_1786524299002253000 | description=bootstrap centralized settings repository | from_version=0 | organization=VCPHunterDiagnostics
2026-08-12 16:45:00,224 [INFO] ui.main_window_qt: [watchdog] watchdog.started | pid=15776 | rss=134MB | private=133MB | wset=134MB | vms=133MB | threads=10 | source=psutil
2026-08-12 16:45:00,230 [INFO] ui.main_window_qt: [watchdog] main_window.init.begin | pid=15776 | rss=134MB | private=134MB | wset=134MB | vms=134MB | threads=10 | source=psutil
2026-08-12 16:45:00,293 [INFO] infra.storage.data_store: [DataStore] SQLite 存储已就绪: D:\vcp_hunter_runtime_ab\20260812_layout_prelayout_ab\single_vars\control\profile.db
2026-08-12 16:45:00,767 [WARNING] infra.diagnostics.ui_stall_probe: [事件] ui.stall.method | elapsed_ms=450.042 | method=MainWindowQT.create_workspace | severity=critical | threshold_ms=100.0
2026-08-12 16:45:00,767 [DEBUG] infra.diagnostics.ui_stall_probe: [structured] {"event": "metric.recorded", "fields": {"metric": "ui_method_stall_ms", "recorded_at": 1786524300.7676244, "tags": {"method": "MainWindowQT.create_workspace", "severity": "critical", "signal": "", "tab": ""}, "unit": "ms", "value": 450.04189999963273}}
2026-08-12 16:45:00,796 [DEBUG] core.observability: [structured] {"event": "metric.recorded", "fields": {"metric": "workspace_mount_ms", "recorded_at": 1786524300.796352, "tags": {"workspace_mode": "classic"}, "unit": "ms", "value": 537.1365000000878}}
2026-08-12 16:45:00,796 [INFO] core.observability: [启动] 工作区已加载 | 11页 | 537ms
2026-08-12 16:45:00,831 [INFO] ui.main_window_qt: [startup] auto refresh scheduler disabled for controlled window construction
2026-08-12 16:45:00,838 [INFO] ui.main_window_qt: [watchdog] main_window.init.ready | pid=15776 | rss=197MB | private=161MB | wset=197MB | vms=161MB | threads=11 | source=psutil
2026-08-12 16:45:01,048 [WARNING] infra.diagnostics.ui_stall_probe: [事件] ui.stall.event_loop | elapsed_ms=791.187 | event_loop_gap_ms=816.187 | severity=critical | tab=watchlist
2026-08-12 16:45:01,049 [DEBUG] infra.diagnostics.ui_stall_probe: [structured] {"event": "metric.recorded", "fields": {"metric": "ui_event_loop_stall_ms", "recorded_at": 1786524301.0491433, "tags": {"method": "", "severity": "critical", "signal": "", "tab": "watchlist"}, "unit": "ms", "value": 791.1870999992971}}
2026-08-12 16:45:01,062 [DEBUG] core.observability: [structured] {"event": "metric.recorded", "fields": {"metric": "main_window_first_paint_ms", "recorded_at": 1786524301.0622513, "tags": {}, "unit": "ms", "value": 874.9146999998629}}
2026-08-12 16:45:01,062 [INFO] core.observability: [启动] 主界面已显示 | 875ms
2026-08-12 16:45:01,089 [DEBUG] core.observability: [structured] {"event": "metric.recorded", "fields": {"metric": "main_window_post_paint_runtime_ms", "recorded_at": 1786524301.0897658, "tags": {}, "unit": "ms", "value": 1.76499999997759}}
2026-08-12 16:45:01,090 [INFO] core.observability: [事件] main_window.post_paint_runtime | elapsed_ms=1.765 | succeeded=False
2026-08-12 16:45:01,096 [DEBUG] core.observability: [structured] {"event": "metric.recorded", "fields": {"metric": "main_window_post_paint_runtime_ms", "recorded_at": 1786524301.096889, "tags": {}, "unit": "ms", "value": 1.500800000030722}}
2026-08-12 16:45:01,097 [INFO] core.observability: [事件] main_window.post_paint_runtime | elapsed_ms=1.501 | succeeded=False
2026-08-12 16:45:01,184 [INFO] infra.market_data.tdx_data_provider: [启动] 已启用通达信本地K线数据: D:\HT\vipdoc
2026-08-12 16:45:01,184 [INFO] infra.market_data.tdx_data_provider: [启动] gbbq 复权缓存改为按需加载
2026-08-12 16:45:01,184 [WARNING] infra.market_data.tdx_data_provider: [启动] 离线模式启动：跳过联网检测，使用本地数据
2026-08-12 16:45:01,226 [INFO] vcp.data_provider_history_mixin: [名称映射] 已从缓存载入 52882 条标的名称
2026-08-12 16:45:01,248 [DEBUG] core.observability: [structured] {"event": "metric.recorded", "fields": {"metric": "main_window_post_paint_runtime_ms", "recorded_at": 1786524301.2481344, "tags": {}, "unit": "ms", "value": 0.17740000021149172}}
2026-08-12 16:45:01,248 [INFO] core.observability: [事件] main_window.post_paint_runtime | elapsed_ms=0.177 | succeeded=False
2026-08-12 16:45:01,250 [DEBUG] core.observability: [structured] {"event": "metric.recorded", "fields": {"metric": "main_window_post_paint_runtime_ms", "recorded_at": 1786524301.2502482, "tags": {}, "unit": "ms", "value": 1.5624999996362021}}
2026-08-12 16:45:01,250 [INFO] core.observability: [事件] main_window.post_paint_runtime | elapsed_ms=1.562 | succeeded=False
2026-08-12 16:45:01,253 [DEBUG] core.observability: [structured] {"event": "metric.recorded", "fields": {"metric": "main_window_post_paint_runtime_ms", "recorded_at": 1786524301.253721, "tags": {}, "unit": "ms", "value": 2.210200000263285}}
2026-08-12 16:45:01,253 [INFO] core.observability: [事件] main_window.post_paint_runtime | elapsed_ms=2.21 | succeeded=False
2026-08-12 16:45:01,254 [INFO] ui.main_window_qt: [UI] central quotes disabled for controlled window construction
2026-08-12 16:45:01,254 [DEBUG] core.observability: [structured] {"event": "metric.recorded", "fields": {"metric": "main_window_post_paint_runtime_ms", "recorded_at": 1786524301.2545564, "tags": {}, "unit": "ms", "value": 0.31519999993179226}}
2026-08-12 16:45:01,254 [INFO] core.observability: [事件] main_window.post_paint_runtime | elapsed_ms=0.315 | succeeded=False
2026-08-12 16:45:01,255 [DEBUG] core.observability: [structured] {"event": "metric.recorded", "fields": {"metric": "main_window_post_paint_runtime_ms", "recorded_at": 1786524301.255107, "tags": {}, "unit": "ms", "value": 0.1883000004454516}}
2026-08-12 16:45:01,255 [INFO] core.observability: [事件] main_window.post_paint_runtime | elapsed_ms=0.188 | succeeded=False
2026-08-12 16:45:01,266 [DEBUG] core.observability: [structured] {"event": "metric.recorded", "fields": {"metric": "main_window_post_paint_runtime_ms", "recorded_at": 1786524301.2668555, "tags": {}, "unit": "ms", "value": 11.201599999367318}}
2026-08-12 16:45:01,267 [INFO] core.observability: [事件] main_window.post_paint_runtime | elapsed_ms=11.202 | succeeded=False
2026-08-12 16:45:01,267 [DEBUG] core.observability: [structured] {"event": "metric.recorded", "fields": {"metric": "main_window_post_paint_runtime_ms", "recorded_at": 1786524301.2677038, "tags": {}, "unit": "ms", "value": 0.12130000050092349}}
2026-08-12 16:45:01,267 [INFO] core.observability: [事件] main_window.post_paint_runtime | elapsed_ms=0.121 | succeeded=False
2026-08-12 16:45:01,268 [DEBUG] core.observability: [structured] {"event": "metric.recorded", "fields": {"metric": "main_window_post_paint_runtime_ms", "recorded_at": 1786524301.2684598, "tags": {}, "unit": "ms", "value": 0.13609999950858764}}
2026-08-12 16:45:01,268 [INFO] core.observability: [事件] main_window.post_paint_runtime | elapsed_ms=0.136 | succeeded=False
2026-08-12 16:45:01,271 [DEBUG] core.observability: [structured] {"event": "metric.recorded", "fields": {"metric": "main_window_post_paint_runtime_ms", "recorded_at": 1786524301.2719274, "tags": {}, "unit": "ms", "value": 0.07679999998799758}}
2026-08-12 16:45:01,272 [INFO] core.observability: [事件] main_window.post_paint_runtime | elapsed_ms=0.077 | succeeded=False
2026-08-12 16:45:01,272 [DEBUG] core.observability: [structured] {"event": "metric.recorded", "fields": {"metric": "main_window_post_paint_runtime_ms", "recorded_at": 1786524301.2726197, "tags": {}, "unit": "ms", "value": 0.08630000047560316}}
2026-08-12 16:45:01,272 [INFO] core.observability: [事件] main_window.post_paint_runtime | elapsed_ms=0.086 | succeeded=True
2026-08-12 16:45:01,425 [DEBUG] core.observability: [structured] {"event": "metric.recorded", "fields": {"metric": "watchlist_tab_import_ms", "recorded_at": 1786524301.4255545, "tags": {}, "unit": "ms", "value": 16.570599999795377}}
2026-08-12 16:45:01,425 [DEBUG] core.observability: [structured] {"event": "metric.recorded", "fields": {"metric": "watchlist_tab_ui_construct_ms", "recorded_at": 1786524301.4257593, "tags": {}, "unit": "ms", "value": 61.53710000035062}}
2026-08-12 16:45:01,430 [INFO] infra.diagnostics.ui_stall_probe: [事件] ui.stall.method | elapsed_ms=85.251 | method=ClassicWorkspace.ensure_tab_loaded | severity=warn | signal=background_prewarm
2026-08-12 16:45:01,430 [DEBUG] infra.diagnostics.ui_stall_probe: [structured] {"event": "metric.recorded", "fields": {"metric": "ui_method_stall_ms", "recorded_at": 1786524301.4306908, "tags": {"method": "ClassicWorkspace.ensure_tab_loaded", "severity": "warn", "signal": "background_prewarm", "tab": "watchlist"}, "unit": "ms", "value": 85.25069999996049}}
2026-08-12 16:45:01,430 [INFO] infra.diagnostics.ui_stall_probe: [事件] ui.stall.method | elapsed_ms=85.788 | method=ClassicWorkspace._prewarm_next_tab | severity=warn | signal=background_prewarm
2026-08-12 16:45:01,431 [DEBUG] infra.diagnostics.ui_stall_probe: [structured] {"event": "metric.recorded", "fields": {"metric": "ui_method_stall_ms", "recorded_at": 1786524301.4310877, "tags": {"method": "ClassicWorkspace._prewarm_next_tab", "severity": "warn", "signal": "background_prewarm", "tab": ""}, "unit": "ms", "value": 85.78789999955916}}
2026-08-12 16:45:01,440 [INFO] infra.diagnostics.ui_stall_probe: [事件] ui.stall.event_loop | elapsed_ms=70.275 | event_loop_gap_ms=95.275 | method=ClassicWorkspace._prewarm_next_tab | severity=warn
2026-08-12 16:45:01,440 [DEBUG] infra.diagnostics.ui_stall_probe: [structured] {"event": "metric.recorded", "fields": {"metric": "ui_event_loop_stall_ms", "recorded_at": 1786524301.4402468, "tags": {"method": "ClassicWorkspace._prewarm_next_tab", "severity": "warn", "signal": "background_prewarm", "tab": "watchlist"}, "unit": "ms", "value": 70.27489999982208}}
2026-08-12 16:45:01,442 [DEBUG] core.observability: [structured] {"event": "metric.recorded", "fields": {"metric": "watchlist_tab_initial_data_ms", "recorded_at": 1786524301.4421957, "tags": {"rows": "47"}, "unit": "ms", "value": 5.722400000195194}}
2026-08-12 16:45:01,443 [DEBUG] core.observability: [structured] {"event": "metric.recorded", "fields": {"metric": "watchlist_membership_reconcile", "recorded_at": 1786524301.4434714, "tags": {"mode": "reset_fallback", "new_rows": "47", "old_rows": "0", "source": "initial_data"}, "unit": "count", "value": 1.0}}
2026-08-12 16:45:01,943 [INFO] core.observability: [指标] watchlist_context_snapshot_capture_ms | 1ms | cached_rows=,candidate_source_rows=,captured_source_rows=,selected_sources=ai_industry_chain,earnings,foreign_block,lhb,na_daily,source_rows=,target_count=47,target_filter=True
2026-08-12 16:45:01,957 [DEBUG] ui.tabs.watchlist_tab: [watchlist] apply 47 metric rows
2026-08-12 16:45:02,119 [DEBUG] core.observability: [structured] {"event": "metric.recorded", "fields": {"metric": "stock_table_update_quotes_ms", "recorded_at": 1786524302.1196742, "tags": {"changed_rows": "47", "model": "StockTableModel", "payload_codes": "47", "scanned_rows": "47"}, "unit": "ms", "value": 1.4667999994344427}}
2026-08-12 16:45:02,119 [DEBUG] core.observability: [structured] {"event": "metric.recorded", "fields": {"metric": "quote_snapshot_apply_ms", "recorded_at": 1786524302.11985, "tags": {"applied_codes": "47", "changed_rows": "47", "model": "StockTableModel", "payload_codes": "47", "tab": "WatchlistTab"}, "unit": "ms", "value": 1.645700000153738}}
2026-08-12 16:45:02,119 [DEBUG] core.observability: [structured] {"event": "metric.recorded", "fields": {"metric": "watchlist_model_update_ms", "recorded_at": 1786524302.1199567, "tags": {"changed_headers": "买点,市价,市值,涨幅,涨幅%,现价", "mode": "direct", "reason": "quote_snapshot"}, "unit": "ms", "value": 1.893200000267825}}
2026-08-12 16:45:02,120 [DEBUG] core.observability: [structured] {"event": "metric.recorded", "fields": {"metric": "cache_snapshot_apply_ms", "recorded_at": 1786524302.1200716, "tags": {"changed_rows": "47", "codes": "47", "signal": "cache_snapshot", "tab": "WatchlistTab"}, "unit": "ms", "value": 2.041599999756727}}
2026-08-12 16:45:02,195 [INFO] ui.workspaces.background_tab_preload: [Workspace] background tab preload finished scope=visible_watchlist_ready completed=1 startup_lazy_handoff=10 failures=[]
2026-08-12 16:45:02,347 [WARNING] infra.diagnostics.ui_stall_probe: [事件] ui.stall.method | delivered_full_viewport=true | dirty_bounding_area_ratio=1.0000 | elapsed_ms=141.194 | method=VCPTableView.paintEvent
2026-08-12 16:45:02,348 [DEBUG] infra.diagnostics.ui_stall_probe: [structured] {"event": "metric.recorded", "fields": {"metric": "ui_method_stall_ms", "recorded_at": 1786524302.3480506, "tags": {"method": "VCPTableView.paintEvent", "severity": "critical", "signal": "preload_reveal", "tab": "watchlist"}, "unit": "ms", "value": 141.193899999962}}
2026-08-12 16:45:02,348 [DEBUG] core.observability: [structured] {"event": "metric.recorded", "fields": {"metric": "watchlist_table_paint_ms", "recorded_at": 1786524302.348174, "tags": {"background_preload_ready": "true", "background_prewarm_active_key_at_paint": "", "delivered_dirty_bounding_area_ratio": "1.0000", "delivered_full_viewport": "true", "delivery_kind": "structural_full_viewport", "dirty_bounding_area_ratio": "1.0000", "dirty_region_rects": "1", "model_rows": "47", "paint_event_spontaneous": "true", "pending_reasons": "preload_reveal", "preload_staged": "false", "reason": "preload_reveal", "structural_reason": "preload_reveal", "tab": "watchlist", "workspace_load_reason": "restore_last_tab"}, "unit": "ms", "value": 141.56349999939266}}
2026-08-12 16:45:02,348 [DEBUG] core.observability: [structured] {"event": "metric.recorded", "fields": {"metric": "watchlist_table_paint_delay_ms", "recorded_at": 1786524302.3482792, "tags": {"background_preload_ready": "true", "background_prewarm_active_key_at_paint": "", "delivered_dirty_bounding_area_ratio": "1.0000", "delivered_full_viewport": "true", "delivery_kind": "structural_full_viewport", "dirty_bounding_area_ratio": "1.0000", "dirty_region_rects": "1", "model_rows": "47", "paint_event_spontaneous": "true", "pending_reasons": "preload_reveal", "preload_staged": "false", "reason": "preload_reveal", "structural_reason": "preload_reveal", "tab": "watchlist", "workspace_load_reason": "restore_last_tab"}, "unit": "ms", "value": 32.363100000111444}}
2026-08-12 16:45:02,455 [INFO] infra.diagnostics.ui_stall_probe: [事件] ui.stall.method | delivered_full_viewport=true | dirty_bounding_area_ratio=1.0000 | elapsed_ms=95.319 | method=VCPTableView.paintEvent
2026-08-12 16:45:02,455 [DEBUG] infra.diagnostics.ui_stall_probe: [structured] {"event": "metric.recorded", "fields": {"metric": "ui_method_stall_ms", "recorded_at": 1786524302.4552388, "tags": {"method": "VCPTableView.paintEvent", "severity": "warn", "signal": "other", "tab": "watchlist"}, "unit": "ms", "value": 95.31889999925625}}
2026-08-12 16:45:02,455 [DEBUG] core.observability: [structured] {"event": "metric.recorded", "fields": {"metric": "watchlist_table_paint_ms", "recorded_at": 1786524302.4553614, "tags": {"background_preload_ready": "true", "background_prewarm_active_key_at_paint": "", "delivered_dirty_bounding_area_ratio": "1.0000", "delivered_full_viewport": "true", "delivery_kind": "full_viewport", "dirty_bounding_area_ratio": "1.0000", "dirty_region_rects": "1", "paint_event_spontaneous": "true", "preload_staged": "false", "reason": "other", "tab": "watchlist", "workspace_load_reason": "restore_last_tab"}, "unit": "ms", "value": 95.69089999968128}}
2026-08-12 16:45:02,559 [INFO] infra.diagnostics.ui_stall_probe: [事件] ui.stall.method | delivered_full_viewport=true | dirty_bounding_area_ratio=1.0000 | elapsed_ms=95.216 | method=VCPTableView.paintEvent
2026-08-12 16:45:02,559 [DEBUG] infra.diagnostics.ui_stall_probe: [structured] {"event": "metric.recorded", "fields": {"metric": "ui_method_stall_ms", "recorded_at": 1786524302.5596595, "tags": {"method": "VCPTableView.paintEvent", "severity": "warn", "signal": "other", "tab": "watchlist"}, "unit": "ms", "value": 95.21630000017467}}
2026-08-12 16:45:02,559 [DEBUG] core.observability: [structured] {"event": "metric.recorded", "fields": {"metric": "watchlist_table_paint_ms", "recorded_at": 1786524302.559783, "tags": {"background_preload_ready": "true", "background_prewarm_active_key_at_paint": "", "delivered_dirty_bounding_area_ratio": "1.0000", "delivered_full_viewport": "true", "delivery_kind": "full_viewport", "dirty_bounding_area_ratio": "1.0000", "dirty_region_rects": "1", "paint_event_spontaneous": "true", "preload_staged": "false", "reason": "other", "tab": "watchlist", "workspace_load_reason": "restore_last_tab"}, "unit": "ms", "value": 95.64609999961249}}
2026-08-12 16:45:03,698 [DEBUG] core.observability: [structured] {"event": "metric.recorded", "fields": {"metric": "kline_webengine_preflight_shutdown_ms", "recorded_at": 1786524303.6987343, "tags": {"clean": "true"}, "unit": "ms", "value": 0.004999999873689376}}
2026-08-12 16:45:03,698 [INFO] core.observability: [事件] kline.webengine_preflight_shutdown | clean=True | elapsed_ms=0.005
2026-08-12 16:45:03,699 [INFO] core.observability: [事件] kline.manager_shutdown | active_close_attempted=0 | active_close_clean=True | active_close_succeeded=0 | active_fallback_disposed=0
2026-08-12 16:45:03,713 [INFO] ui.main_window_qt: [watchdog] watchdog.stopped | pid=15776 | rss=269MB | private=269MB | wset=269MB | vms=269MB | threads=37 | source=psutil
2026-08-12 16:45:03,739 [INFO] infra.storage.data_store: [DataStore] SQLite 连接已关闭
