2026-08-12 16:46:40,396 [INFO] core.observability: [事件] settings.schema_migrated | application=NativeWatchlistProfile_23964_1786524399243595400 | description=bootstrap centralized settings repository | from_version=0 | organization=VCPHunterDiagnostics
2026-08-12 16:46:40,469 [INFO] ui.main_window_qt: [watchdog] watchdog.started | pid=23964 | rss=134MB | private=134MB | wset=134MB | vms=134MB | threads=10 | source=psutil
2026-08-12 16:46:40,475 [INFO] ui.main_window_qt: [watchdog] main_window.init.begin | pid=23964 | rss=135MB | private=134MB | wset=135MB | vms=134MB | threads=10 | source=psutil
2026-08-12 16:46:40,537 [INFO] infra.storage.data_store: [DataStore] SQLite 存储已就绪: D:\vcp_hunter_runtime_ab\20260812_layout_prelayout_ab\post_mount_layouts\post_all_outer\profile.db
2026-08-12 16:46:40,907 [WARNING] infra.diagnostics.ui_stall_probe: [事件] ui.stall.method | elapsed_ms=348.438 | method=MainWindowQT.create_workspace | severity=critical | threshold_ms=100.0
2026-08-12 16:46:40,907 [DEBUG] infra.diagnostics.ui_stall_probe: [structured] {"event": "metric.recorded", "fields": {"metric": "ui_method_stall_ms", "recorded_at": 1786524400.9075863, "tags": {"method": "MainWindowQT.create_workspace", "severity": "critical", "signal": "", "tab": ""}, "unit": "ms", "value": 348.43759999967006}}
2026-08-12 16:46:40,935 [DEBUG] core.observability: [structured] {"event": "metric.recorded", "fields": {"metric": "workspace_mount_ms", "recorded_at": 1786524400.935869, "tags": {"workspace_mode": "classic"}, "unit": "ms", "value": 431.2757000006968}}
2026-08-12 16:46:40,936 [INFO] core.observability: [启动] 工作区已加载 | 11页 | 431ms
2026-08-12 16:46:40,971 [INFO] ui.main_window_qt: [startup] auto refresh scheduler disabled for controlled window construction
2026-08-12 16:46:40,979 [INFO] ui.main_window_qt: [watchdog] main_window.init.ready | pid=23964 | rss=196MB | private=161MB | wset=196MB | vms=161MB | threads=11 | source=psutil
2026-08-12 16:46:41,185 [WARNING] infra.diagnostics.ui_stall_probe: [事件] ui.stall.event_loop | elapsed_ms=681.64 | event_loop_gap_ms=706.64 | severity=critical | tab=watchlist
2026-08-12 16:46:41,185 [DEBUG] infra.diagnostics.ui_stall_probe: [structured] {"event": "metric.recorded", "fields": {"metric": "ui_event_loop_stall_ms", "recorded_at": 1786524401.1856172, "tags": {"method": "", "severity": "critical", "signal": "", "tab": "watchlist"}, "unit": "ms", "value": 681.6396000000168}}
2026-08-12 16:46:41,196 [DEBUG] core.observability: [structured] {"event": "metric.recorded", "fields": {"metric": "main_window_first_paint_ms", "recorded_at": 1786524401.1963067, "tags": {}, "unit": "ms", "value": 758.9105000006384}}
2026-08-12 16:46:41,196 [INFO] core.observability: [启动] 主界面已显示 | 759ms
2026-08-12 16:46:41,219 [DEBUG] core.observability: [structured] {"event": "metric.recorded", "fields": {"metric": "main_window_post_paint_runtime_ms", "recorded_at": 1786524401.2196665, "tags": {}, "unit": "ms", "value": 1.3296999995873193}}
2026-08-12 16:46:41,219 [INFO] core.observability: [事件] main_window.post_paint_runtime | elapsed_ms=1.33 | succeeded=False
2026-08-12 16:46:41,227 [DEBUG] core.observability: [structured] {"event": "metric.recorded", "fields": {"metric": "main_window_post_paint_runtime_ms", "recorded_at": 1786524401.2277322, "tags": {}, "unit": "ms", "value": 1.505899999756366}}
2026-08-12 16:46:41,227 [INFO] core.observability: [事件] main_window.post_paint_runtime | elapsed_ms=1.506 | succeeded=False
2026-08-12 16:46:41,314 [INFO] infra.market_data.tdx_data_provider: [启动] 已启用通达信本地K线数据: D:\HT\vipdoc
2026-08-12 16:46:41,314 [INFO] infra.market_data.tdx_data_provider: [启动] gbbq 复权缓存改为按需加载
2026-08-12 16:46:41,314 [WARNING] infra.market_data.tdx_data_provider: [启动] 离线模式启动：跳过联网检测，使用本地数据
2026-08-12 16:46:41,351 [INFO] vcp.data_provider_history_mixin: [名称映射] 已从缓存载入 52882 条标的名称
2026-08-12 16:46:41,373 [DEBUG] core.observability: [structured] {"event": "metric.recorded", "fields": {"metric": "main_window_post_paint_runtime_ms", "recorded_at": 1786524401.3733473, "tags": {}, "unit": "ms", "value": 0.17700000080367317}}
2026-08-12 16:46:41,373 [INFO] core.observability: [事件] main_window.post_paint_runtime | elapsed_ms=0.177 | succeeded=False
2026-08-12 16:46:41,381 [DEBUG] core.observability: [structured] {"event": "metric.recorded", "fields": {"metric": "main_window_post_paint_runtime_ms", "recorded_at": 1786524401.3818753, "tags": {}, "unit": "ms", "value": 1.6349000006812275}}
2026-08-12 16:46:41,382 [INFO] core.observability: [事件] main_window.post_paint_runtime | elapsed_ms=1.635 | succeeded=False
2026-08-12 16:46:41,384 [DEBUG] core.observability: [structured] {"event": "metric.recorded", "fields": {"metric": "main_window_post_paint_runtime_ms", "recorded_at": 1786524401.384382, "tags": {}, "unit": "ms", "value": 2.0092000004297006}}
2026-08-12 16:46:41,384 [INFO] core.observability: [事件] main_window.post_paint_runtime | elapsed_ms=2.009 | succeeded=False
2026-08-12 16:46:41,384 [INFO] ui.main_window_qt: [UI] central quotes disabled for controlled window construction
2026-08-12 16:46:41,385 [DEBUG] core.observability: [structured] {"event": "metric.recorded", "fields": {"metric": "main_window_post_paint_runtime_ms", "recorded_at": 1786524401.385071, "tags": {}, "unit": "ms", "value": 0.26620000062393956}}
2026-08-12 16:46:41,385 [INFO] core.observability: [事件] main_window.post_paint_runtime | elapsed_ms=0.266 | succeeded=False
2026-08-12 16:46:41,385 [DEBUG] core.observability: [structured] {"event": "metric.recorded", "fields": {"metric": "main_window_post_paint_runtime_ms", "recorded_at": 1786524401.385618, "tags": {}, "unit": "ms", "value": 0.21830000059708254}}
2026-08-12 16:46:41,385 [INFO] core.observability: [事件] main_window.post_paint_runtime | elapsed_ms=0.218 | succeeded=False
2026-08-12 16:46:41,395 [DEBUG] core.observability: [structured] {"event": "metric.recorded", "fields": {"metric": "main_window_post_paint_runtime_ms", "recorded_at": 1786524401.3958092, "tags": {}, "unit": "ms", "value": 9.846800000559597}}
2026-08-12 16:46:41,396 [INFO] core.observability: [事件] main_window.post_paint_runtime | elapsed_ms=9.847 | succeeded=False
2026-08-12 16:46:41,396 [DEBUG] core.observability: [structured] {"event": "metric.recorded", "fields": {"metric": "main_window_post_paint_runtime_ms", "recorded_at": 1786524401.3967724, "tags": {}, "unit": "ms", "value": 0.36420000014913967}}
2026-08-12 16:46:41,396 [INFO] core.observability: [事件] main_window.post_paint_runtime | elapsed_ms=0.364 | succeeded=False
2026-08-12 16:46:41,397 [DEBUG] core.observability: [structured] {"event": "metric.recorded", "fields": {"metric": "main_window_post_paint_runtime_ms", "recorded_at": 1786524401.3974988, "tags": {}, "unit": "ms", "value": 0.08710000020073494}}
2026-08-12 16:46:41,397 [INFO] core.observability: [事件] main_window.post_paint_runtime | elapsed_ms=0.087 | succeeded=False
2026-08-12 16:46:41,397 [DEBUG] core.observability: [structured] {"event": "metric.recorded", "fields": {"metric": "main_window_post_paint_runtime_ms", "recorded_at": 1786524401.3979447, "tags": {}, "unit": "ms", "value": 0.06359999952110229}}
2026-08-12 16:46:41,398 [INFO] core.observability: [事件] main_window.post_paint_runtime | elapsed_ms=0.064 | succeeded=False
2026-08-12 16:46:41,398 [DEBUG] core.observability: [structured] {"event": "metric.recorded", "fields": {"metric": "main_window_post_paint_runtime_ms", "recorded_at": 1786524401.3983235, "tags": {}, "unit": "ms", "value": 0.046099999963189475}}
2026-08-12 16:46:41,398 [INFO] core.observability: [事件] main_window.post_paint_runtime | elapsed_ms=0.046 | succeeded=True
2026-08-12 16:46:41,562 [DEBUG] core.observability: [structured] {"event": "metric.recorded", "fields": {"metric": "watchlist_tab_import_ms", "recorded_at": 1786524401.5623896, "tags": {}, "unit": "ms", "value": 15.829900000426278}}
2026-08-12 16:46:41,562 [DEBUG] core.observability: [structured] {"event": "metric.recorded", "fields": {"metric": "watchlist_tab_ui_construct_ms", "recorded_at": 1786524401.5625968, "tags": {}, "unit": "ms", "value": 62.01299999975163}}
2026-08-12 16:46:41,566 [INFO] infra.diagnostics.ui_stall_probe: [事件] ui.stall.method | elapsed_ms=83.945 | method=ClassicWorkspace.ensure_tab_loaded | severity=warn | signal=background_prewarm
2026-08-12 16:46:41,566 [DEBUG] infra.diagnostics.ui_stall_probe: [structured] {"event": "metric.recorded", "fields": {"metric": "ui_method_stall_ms", "recorded_at": 1786524401.566395, "tags": {"method": "ClassicWorkspace.ensure_tab_loaded", "severity": "warn", "signal": "background_prewarm", "tab": "watchlist"}, "unit": "ms", "value": 83.94540000062989}}
2026-08-12 16:46:41,566 [INFO] infra.diagnostics.ui_stall_probe: [事件] ui.stall.method | elapsed_ms=84.386 | method=ClassicWorkspace._prewarm_next_tab | severity=warn | signal=background_prewarm
2026-08-12 16:46:41,566 [DEBUG] infra.diagnostics.ui_stall_probe: [structured] {"event": "metric.recorded", "fields": {"metric": "ui_method_stall_ms", "recorded_at": 1786524401.5668275, "tags": {"method": "ClassicWorkspace._prewarm_next_tab", "severity": "warn", "signal": "background_prewarm", "tab": ""}, "unit": "ms", "value": 84.38610000030167}}
2026-08-12 16:46:41,575 [INFO] infra.diagnostics.ui_stall_probe: [事件] ui.stall.event_loop | elapsed_ms=68.336 | event_loop_gap_ms=93.336 | method=ClassicWorkspace._prewarm_next_tab | severity=warn
2026-08-12 16:46:41,575 [DEBUG] infra.diagnostics.ui_stall_probe: [structured] {"event": "metric.recorded", "fields": {"metric": "ui_event_loop_stall_ms", "recorded_at": 1786524401.5752947, "tags": {"method": "ClassicWorkspace._prewarm_next_tab", "severity": "warn", "signal": "background_prewarm", "tab": "watchlist"}, "unit": "ms", "value": 68.33599999990838}}
2026-08-12 16:46:41,576 [DEBUG] core.observability: [structured] {"event": "metric.recorded", "fields": {"metric": "watchlist_tab_initial_data_ms", "recorded_at": 1786524401.5768824, "tags": {"rows": "47"}, "unit": "ms", "value": 5.6554000002506655}}
2026-08-12 16:46:41,578 [DEBUG] core.observability: [structured] {"event": "metric.recorded", "fields": {"metric": "watchlist_membership_reconcile", "recorded_at": 1786524401.5783663, "tags": {"mode": "reset_fallback", "new_rows": "47", "old_rows": "0", "source": "initial_data"}, "unit": "count", "value": 1.0}}
2026-08-12 16:46:42,080 [INFO] core.observability: [指标] watchlist_context_snapshot_capture_ms | 1ms | cached_rows=,candidate_source_rows=,captured_source_rows=,selected_sources=ai_industry_chain,earnings,foreign_block,lhb,na_daily,source_rows=,target_count=47,target_filter=True
2026-08-12 16:46:42,095 [DEBUG] ui.tabs.watchlist_tab: [watchlist] apply 47 metric rows
2026-08-12 16:46:42,254 [DEBUG] core.observability: [structured] {"event": "metric.recorded", "fields": {"metric": "stock_table_update_quotes_ms", "recorded_at": 1786524402.2540889, "tags": {"changed_rows": "47", "model": "StockTableModel", "payload_codes": "47", "scanned_rows": "47"}, "unit": "ms", "value": 1.4592999996239087}}
2026-08-12 16:46:42,254 [DEBUG] core.observability: [structured] {"event": "metric.recorded", "fields": {"metric": "quote_snapshot_apply_ms", "recorded_at": 1786524402.2542558, "tags": {"applied_codes": "47", "changed_rows": "47", "model": "StockTableModel", "payload_codes": "47", "tab": "WatchlistTab"}, "unit": "ms", "value": 1.6288000006170478}}
2026-08-12 16:46:42,254 [DEBUG] core.observability: [structured] {"event": "metric.recorded", "fields": {"metric": "watchlist_model_update_ms", "recorded_at": 1786524402.254358, "tags": {"changed_headers": "买点,市价,市值,涨幅,涨幅%,现价", "mode": "direct", "reason": "quote_snapshot"}, "unit": "ms", "value": 1.871700000265264}}
2026-08-12 16:46:42,254 [DEBUG] core.observability: [structured] {"event": "metric.recorded", "fields": {"metric": "cache_snapshot_apply_ms", "recorded_at": 1786524402.2544649, "tags": {"changed_rows": "47", "codes": "47", "signal": "cache_snapshot", "tab": "WatchlistTab"}, "unit": "ms", "value": 2.010100000006787}}
2026-08-12 16:46:42,332 [INFO] ui.workspaces.background_tab_preload: [Workspace] background tab preload finished scope=visible_watchlist_ready completed=1 startup_lazy_handoff=10 failures=[]
2026-08-12 16:46:42,477 [WARNING] infra.diagnostics.ui_stall_probe: [事件] ui.stall.method | delivered_full_viewport=true | dirty_bounding_area_ratio=1.0000 | elapsed_ms=135.017 | method=VCPTableView.paintEvent
2026-08-12 16:46:42,477 [DEBUG] infra.diagnostics.ui_stall_probe: [structured] {"event": "metric.recorded", "fields": {"metric": "ui_method_stall_ms", "recorded_at": 1786524402.4776664, "tags": {"method": "VCPTableView.paintEvent", "severity": "critical", "signal": "preload_reveal", "tab": "watchlist"}, "unit": "ms", "value": 135.01730000007228}}
2026-08-12 16:46:42,477 [DEBUG] core.observability: [structured] {"event": "metric.recorded", "fields": {"metric": "watchlist_table_paint_ms", "recorded_at": 1786524402.4778433, "tags": {"background_preload_ready": "true", "background_prewarm_active_key_at_paint": "", "delivered_dirty_bounding_area_ratio": "1.0000", "delivered_full_viewport": "true", "delivery_kind": "structural_full_viewport", "dirty_bounding_area_ratio": "1.0000", "dirty_region_rects": "1", "model_rows": "47", "paint_event_spontaneous": "true", "pending_reasons": "preload_reveal", "preload_staged": "false", "reason": "preload_reveal", "structural_reason": "preload_reveal", "tab": "watchlist", "workspace_load_reason": "restore_last_tab"}, "unit": "ms", "value": 135.51860000006855}}
2026-08-12 16:46:42,478 [DEBUG] core.observability: [structured] {"event": "metric.recorded", "fields": {"metric": "watchlist_table_paint_delay_ms", "recorded_at": 1786524402.4780152, "tags": {"background_preload_ready": "true", "background_prewarm_active_key_at_paint": "", "delivered_dirty_bounding_area_ratio": "1.0000", "delivered_full_viewport": "true", "delivery_kind": "structural_full_viewport", "dirty_bounding_area_ratio": "1.0000", "dirty_region_rects": "1", "model_rows": "47", "paint_event_spontaneous": "true", "pending_reasons": "preload_reveal", "preload_staged": "false", "reason": "preload_reveal", "structural_reason": "preload_reveal", "tab": "watchlist", "workspace_load_reason": "restore_last_tab"}, "unit": "ms", "value": 28.89839999988908}}
2026-08-12 16:46:42,578 [INFO] infra.diagnostics.ui_stall_probe: [事件] ui.stall.method | delivered_full_viewport=true | dirty_bounding_area_ratio=1.0000 | elapsed_ms=92.631 | method=VCPTableView.paintEvent
2026-08-12 16:46:42,578 [DEBUG] infra.diagnostics.ui_stall_probe: [structured] {"event": "metric.recorded", "fields": {"metric": "ui_method_stall_ms", "recorded_at": 1786524402.578416, "tags": {"method": "VCPTableView.paintEvent", "severity": "warn", "signal": "other", "tab": "watchlist"}, "unit": "ms", "value": 92.63050000026851}}
2026-08-12 16:46:42,578 [DEBUG] core.observability: [structured] {"event": "metric.recorded", "fields": {"metric": "watchlist_table_paint_ms", "recorded_at": 1786524402.578535, "tags": {"background_preload_ready": "true", "background_prewarm_active_key_at_paint": "", "delivered_dirty_bounding_area_ratio": "1.0000", "delivered_full_viewport": "true", "delivery_kind": "full_viewport", "dirty_bounding_area_ratio": "1.0000", "dirty_region_rects": "1", "paint_event_spontaneous": "true", "preload_staged": "false", "reason": "other", "tab": "watchlist", "workspace_load_reason": "restore_last_tab"}, "unit": "ms", "value": 92.9932999997618}}
2026-08-12 16:46:43,837 [DEBUG] core.observability: [structured] {"event": "metric.recorded", "fields": {"metric": "kline_webengine_preflight_shutdown_ms", "recorded_at": 1786524403.837138, "tags": {"clean": "true"}, "unit": "ms", "value": 0.005099999725644011}}
2026-08-12 16:46:43,837 [INFO] core.observability: [事件] kline.webengine_preflight_shutdown | clean=True | elapsed_ms=0.005
2026-08-12 16:46:43,837 [INFO] core.observability: [事件] kline.manager_shutdown | active_close_attempted=0 | active_close_clean=True | active_close_succeeded=0 | active_fallback_disposed=0
2026-08-12 16:46:43,879 [INFO] ui.main_window_qt: [watchdog] watchdog.stopped | pid=23964 | rss=267MB | private=270MB | wset=267MB | vms=270MB | threads=37 | source=psutil
2026-08-12 16:46:43,920 [INFO] infra.storage.data_store: [DataStore] SQLite 连接已关闭
