2026-08-12 16:01:07,336 [INFO] core.observability: [事件] settings.schema_migrated | application=NativeWatchlistProfile_12340_1786521665654095400 | description=bootstrap centralized settings repository | from_version=0 | organization=VCPHunterDiagnostics
2026-08-12 16:01:07,411 [INFO] ui.main_window_qt: [watchdog] watchdog.started | pid=12340 | rss=133MB | private=133MB | wset=133MB | vms=133MB | threads=10 | source=psutil
2026-08-12 16:01:07,417 [INFO] ui.main_window_qt: [watchdog] main_window.init.begin | pid=12340 | rss=134MB | private=133MB | wset=134MB | vms=133MB | threads=10 | source=psutil
2026-08-12 16:01:07,482 [INFO] infra.storage.data_store: [DataStore] SQLite 存储已就绪: D:\vcp_hunter_runtime_ab\20260812_qt_effect_ab\qt_ui_effects_disabled\profile.db
2026-08-12 16:01:07,887 [WARNING] infra.diagnostics.ui_stall_probe: [事件] ui.stall.method | elapsed_ms=385.515 | method=MainWindowQT.create_workspace | severity=critical | threshold_ms=100.0
2026-08-12 16:01:07,887 [DEBUG] infra.diagnostics.ui_stall_probe: [structured] {"event": "metric.recorded", "fields": {"metric": "ui_method_stall_ms", "recorded_at": 1786521667.8876371, "tags": {"method": "MainWindowQT.create_workspace", "severity": "critical", "signal": "", "tab": ""}, "unit": "ms", "value": 385.51470000038535}}
2026-08-12 16:01:07,912 [DEBUG] core.observability: [structured] {"event": "metric.recorded", "fields": {"metric": "workspace_mount_ms", "recorded_at": 1786521667.9125137, "tags": {"workspace_mode": "classic"}, "unit": "ms", "value": 466.45940000007613}}
2026-08-12 16:01:07,912 [INFO] core.observability: [启动] 工作区已加载 | 11页 | 466ms
2026-08-12 16:01:07,946 [INFO] ui.main_window_qt: [startup] auto refresh scheduler disabled for controlled window construction
2026-08-12 16:01:07,954 [INFO] ui.main_window_qt: [watchdog] main_window.init.ready | pid=12340 | rss=197MB | private=161MB | wset=197MB | vms=161MB | threads=11 | source=psutil
2026-08-12 16:01:08,131 [WARNING] infra.diagnostics.ui_stall_probe: [事件] ui.stall.event_loop | elapsed_ms=687.048 | event_loop_gap_ms=712.048 | severity=critical | tab=watchlist
2026-08-12 16:01:08,131 [DEBUG] infra.diagnostics.ui_stall_probe: [structured] {"event": "metric.recorded", "fields": {"metric": "ui_event_loop_stall_ms", "recorded_at": 1786521668.1313019, "tags": {"method": "", "severity": "critical", "signal": "", "tab": "watchlist"}, "unit": "ms", "value": 687.0482999998785}}
2026-08-12 16:01:08,139 [DEBUG] core.observability: [structured] {"event": "metric.recorded", "fields": {"metric": "main_window_first_paint_ms", "recorded_at": 1786521668.1390567, "tags": {}, "unit": "ms", "value": 760.9857000002194}}
2026-08-12 16:01:08,139 [INFO] core.observability: [启动] 主界面已显示 | 761ms
2026-08-12 16:01:08,163 [DEBUG] core.observability: [structured] {"event": "metric.recorded", "fields": {"metric": "main_window_post_paint_runtime_ms", "recorded_at": 1786521668.162972, "tags": {}, "unit": "ms", "value": 1.4149000003271794}}
2026-08-12 16:01:08,163 [INFO] core.observability: [事件] main_window.post_paint_runtime | elapsed_ms=1.415 | succeeded=False
2026-08-12 16:01:08,170 [DEBUG] core.observability: [structured] {"event": "metric.recorded", "fields": {"metric": "main_window_post_paint_runtime_ms", "recorded_at": 1786521668.1703904, "tags": {}, "unit": "ms", "value": 1.2702999997600273}}
2026-08-12 16:01:08,170 [INFO] core.observability: [事件] main_window.post_paint_runtime | elapsed_ms=1.27 | succeeded=False
2026-08-12 16:01:08,251 [INFO] infra.market_data.tdx_data_provider: [启动] 已启用通达信本地K线数据: D:\HT\vipdoc
2026-08-12 16:01:08,251 [INFO] infra.market_data.tdx_data_provider: [启动] gbbq 复权缓存改为按需加载
2026-08-12 16:01:08,251 [WARNING] infra.market_data.tdx_data_provider: [启动] 离线模式启动：跳过联网检测，使用本地数据
2026-08-12 16:01:08,287 [INFO] vcp.data_provider_history_mixin: [名称映射] 已从缓存载入 52863 条标的名称
2026-08-12 16:01:08,309 [DEBUG] core.observability: [structured] {"event": "metric.recorded", "fields": {"metric": "main_window_post_paint_runtime_ms", "recorded_at": 1786521668.3093462, "tags": {}, "unit": "ms", "value": 0.1781999999366235}}
2026-08-12 16:01:08,309 [INFO] core.observability: [事件] main_window.post_paint_runtime | elapsed_ms=0.178 | succeeded=False
2026-08-12 16:01:08,315 [DEBUG] core.observability: [structured] {"event": "metric.recorded", "fields": {"metric": "main_window_post_paint_runtime_ms", "recorded_at": 1786521668.3154035, "tags": {}, "unit": "ms", "value": 1.5339999999923748}}
2026-08-12 16:01:08,315 [INFO] core.observability: [事件] main_window.post_paint_runtime | elapsed_ms=1.534 | succeeded=False
2026-08-12 16:01:08,318 [DEBUG] core.observability: [structured] {"event": "metric.recorded", "fields": {"metric": "main_window_post_paint_runtime_ms", "recorded_at": 1786521668.3186786, "tags": {}, "unit": "ms", "value": 2.331099999992148}}
2026-08-12 16:01:08,318 [INFO] core.observability: [事件] main_window.post_paint_runtime | elapsed_ms=2.331 | succeeded=False
2026-08-12 16:01:08,319 [INFO] ui.main_window_qt: [UI] central quotes disabled for controlled window construction
2026-08-12 16:01:08,319 [DEBUG] core.observability: [structured] {"event": "metric.recorded", "fields": {"metric": "main_window_post_paint_runtime_ms", "recorded_at": 1786521668.319513, "tags": {}, "unit": "ms", "value": 0.27570000020205043}}
2026-08-12 16:01:08,319 [INFO] core.observability: [事件] main_window.post_paint_runtime | elapsed_ms=0.276 | succeeded=False
2026-08-12 16:01:08,320 [DEBUG] core.observability: [structured] {"event": "metric.recorded", "fields": {"metric": "main_window_post_paint_runtime_ms", "recorded_at": 1786521668.3200397, "tags": {}, "unit": "ms", "value": 0.17539999998916755}}
2026-08-12 16:01:08,320 [INFO] core.observability: [事件] main_window.post_paint_runtime | elapsed_ms=0.175 | succeeded=False
2026-08-12 16:01:08,330 [DEBUG] core.observability: [structured] {"event": "metric.recorded", "fields": {"metric": "main_window_post_paint_runtime_ms", "recorded_at": 1786521668.3306231, "tags": {}, "unit": "ms", "value": 10.270799999943847}}
2026-08-12 16:01:08,330 [INFO] core.observability: [事件] main_window.post_paint_runtime | elapsed_ms=10.271 | succeeded=False
2026-08-12 16:01:08,332 [DEBUG] core.observability: [structured] {"event": "metric.recorded", "fields": {"metric": "main_window_post_paint_runtime_ms", "recorded_at": 1786521668.332942, "tags": {}, "unit": "ms", "value": 0.12310000010984368}}
2026-08-12 16:01:08,333 [INFO] core.observability: [事件] main_window.post_paint_runtime | elapsed_ms=0.123 | succeeded=False
2026-08-12 16:01:08,333 [DEBUG] core.observability: [structured] {"event": "metric.recorded", "fields": {"metric": "main_window_post_paint_runtime_ms", "recorded_at": 1786521668.3335776, "tags": {}, "unit": "ms", "value": 0.07830000004105386}}
2026-08-12 16:01:08,333 [INFO] core.observability: [事件] main_window.post_paint_runtime | elapsed_ms=0.078 | succeeded=False
2026-08-12 16:01:08,334 [DEBUG] core.observability: [structured] {"event": "metric.recorded", "fields": {"metric": "main_window_post_paint_runtime_ms", "recorded_at": 1786521668.33406, "tags": {}, "unit": "ms", "value": 0.0752999999349413}}
2026-08-12 16:01:08,334 [INFO] core.observability: [事件] main_window.post_paint_runtime | elapsed_ms=0.075 | succeeded=False
2026-08-12 16:01:08,334 [DEBUG] core.observability: [structured] {"event": "metric.recorded", "fields": {"metric": "main_window_post_paint_runtime_ms", "recorded_at": 1786521668.3345647, "tags": {}, "unit": "ms", "value": 0.05020000025979243}}
2026-08-12 16:01:08,334 [INFO] core.observability: [事件] main_window.post_paint_runtime | elapsed_ms=0.05 | succeeded=True
2026-08-12 16:01:08,501 [DEBUG] core.observability: [structured] {"event": "metric.recorded", "fields": {"metric": "watchlist_tab_import_ms", "recorded_at": 1786521668.5009756, "tags": {}, "unit": "ms", "value": 16.20309999998426}}
2026-08-12 16:01:08,501 [DEBUG] core.observability: [structured] {"event": "metric.recorded", "fields": {"metric": "watchlist_tab_ui_construct_ms", "recorded_at": 1786521668.5012093, "tags": {}, "unit": "ms", "value": 53.41469999984838}}
2026-08-12 16:01:08,506 [INFO] infra.diagnostics.ui_stall_probe: [事件] ui.stall.method | elapsed_ms=78.57 | method=ClassicWorkspace.ensure_tab_loaded | severity=warn | signal=background_prewarm
2026-08-12 16:01:08,507 [DEBUG] infra.diagnostics.ui_stall_probe: [structured] {"event": "metric.recorded", "fields": {"metric": "ui_method_stall_ms", "recorded_at": 1786521668.506992, "tags": {"method": "ClassicWorkspace.ensure_tab_loaded", "severity": "warn", "signal": "background_prewarm", "tab": "watchlist"}, "unit": "ms", "value": 78.5703999999896}}
2026-08-12 16:01:08,507 [INFO] infra.diagnostics.ui_stall_probe: [事件] ui.stall.method | elapsed_ms=79.229 | method=ClassicWorkspace._prewarm_next_tab | severity=warn | signal=background_prewarm
2026-08-12 16:01:08,507 [DEBUG] infra.diagnostics.ui_stall_probe: [structured] {"event": "metric.recorded", "fields": {"metric": "ui_method_stall_ms", "recorded_at": 1786521668.5076082, "tags": {"method": "ClassicWorkspace._prewarm_next_tab", "severity": "warn", "signal": "background_prewarm", "tab": ""}, "unit": "ms", "value": 79.22899999994115}}
2026-08-12 16:01:08,515 [INFO] infra.diagnostics.ui_stall_probe: [事件] ui.stall.event_loop | elapsed_ms=62.689 | event_loop_gap_ms=87.689 | method=ClassicWorkspace._prewarm_next_tab | severity=warn
2026-08-12 16:01:08,515 [DEBUG] infra.diagnostics.ui_stall_probe: [structured] {"event": "metric.recorded", "fields": {"metric": "ui_event_loop_stall_ms", "recorded_at": 1786521668.5153005, "tags": {"method": "ClassicWorkspace._prewarm_next_tab", "severity": "warn", "signal": "background_prewarm", "tab": "watchlist"}, "unit": "ms", "value": 62.688799999796174}}
2026-08-12 16:01:08,516 [DEBUG] core.observability: [structured] {"event": "metric.recorded", "fields": {"metric": "watchlist_tab_initial_data_ms", "recorded_at": 1786521668.5166953, "tags": {"rows": "47"}, "unit": "ms", "value": 5.86959999964165}}
2026-08-12 16:01:08,518 [DEBUG] core.observability: [structured] {"event": "metric.recorded", "fields": {"metric": "watchlist_membership_reconcile", "recorded_at": 1786521668.5183196, "tags": {"mode": "reset_fallback", "new_rows": "47", "old_rows": "0", "source": "initial_data"}, "unit": "count", "value": 1.0}}
2026-08-12 16:01:09,019 [INFO] core.observability: [指标] watchlist_context_snapshot_capture_ms | 2ms | cached_rows=,candidate_source_rows=,captured_source_rows=,selected_sources=ai_industry_chain,earnings,foreign_block,lhb,na_daily,source_rows=,target_count=47,target_filter=True
2026-08-12 16:01:09,035 [DEBUG] ui.tabs.watchlist_tab: [watchlist] apply 47 metric rows
2026-08-12 16:01:09,195 [DEBUG] core.observability: [structured] {"event": "metric.recorded", "fields": {"metric": "stock_table_update_quotes_ms", "recorded_at": 1786521669.1951263, "tags": {"changed_rows": "47", "model": "StockTableModel", "payload_codes": "47", "scanned_rows": "47"}, "unit": "ms", "value": 1.4903000001140754}}
2026-08-12 16:01:09,195 [DEBUG] core.observability: [structured] {"event": "metric.recorded", "fields": {"metric": "quote_snapshot_apply_ms", "recorded_at": 1786521669.1952994, "tags": {"applied_codes": "47", "changed_rows": "47", "model": "StockTableModel", "payload_codes": "47", "tab": "WatchlistTab"}, "unit": "ms", "value": 1.665599999796541}}
2026-08-12 16:01:09,195 [DEBUG] core.observability: [structured] {"event": "metric.recorded", "fields": {"metric": "watchlist_model_update_ms", "recorded_at": 1786521669.1954014, "tags": {"changed_headers": "买点,市价,市值,涨幅,涨幅%,现价", "mode": "direct", "reason": "quote_snapshot"}, "unit": "ms", "value": 1.913099999910628}}
2026-08-12 16:01:09,195 [DEBUG] core.observability: [structured] {"event": "metric.recorded", "fields": {"metric": "cache_snapshot_apply_ms", "recorded_at": 1786521669.1955166, "tags": {"changed_rows": "47", "codes": "47", "signal": "cache_snapshot", "tab": "WatchlistTab"}, "unit": "ms", "value": 2.064799999971001}}
2026-08-12 16:01:09,274 [INFO] ui.workspaces.background_tab_preload: [Workspace] background tab preload finished scope=visible_watchlist_ready completed=1 startup_lazy_handoff=10 failures=[]
2026-08-12 16:01:09,418 [WARNING] infra.diagnostics.ui_stall_probe: [事件] ui.stall.method | delivered_full_viewport=true | dirty_bounding_area_ratio=1.0000 | elapsed_ms=133.891 | method=VCPTableView.paintEvent
2026-08-12 16:01:09,419 [DEBUG] infra.diagnostics.ui_stall_probe: [structured] {"event": "metric.recorded", "fields": {"metric": "ui_method_stall_ms", "recorded_at": 1786521669.4190924, "tags": {"method": "VCPTableView.paintEvent", "severity": "critical", "signal": "preload_reveal", "tab": "watchlist"}, "unit": "ms", "value": 133.89060000008612}}
2026-08-12 16:01:09,419 [DEBUG] core.observability: [structured] {"event": "metric.recorded", "fields": {"metric": "watchlist_table_paint_ms", "recorded_at": 1786521669.4192162, "tags": {"background_preload_ready": "true", "background_prewarm_active_key_at_paint": "", "delivered_dirty_bounding_area_ratio": "1.0000", "delivered_full_viewport": "true", "delivery_kind": "structural_full_viewport", "dirty_bounding_area_ratio": "1.0000", "dirty_region_rects": "1", "model_rows": "47", "paint_event_spontaneous": "true", "pending_reasons": "preload_reveal", "preload_staged": "false", "reason": "preload_reveal", "structural_reason": "preload_reveal", "tab": "watchlist", "workspace_load_reason": "restore_last_tab"}, "unit": "ms", "value": 134.26449999997203}}
2026-08-12 16:01:09,419 [DEBUG] core.observability: [structured] {"event": "metric.recorded", "fields": {"metric": "watchlist_table_paint_delay_ms", "recorded_at": 1786521669.4193237, "tags": {"background_preload_ready": "true", "background_prewarm_active_key_at_paint": "", "delivered_dirty_bounding_area_ratio": "1.0000", "delivered_full_viewport": "true", "delivery_kind": "structural_full_viewport", "dirty_bounding_area_ratio": "1.0000", "dirty_region_rects": "1", "model_rows": "47", "paint_event_spontaneous": "true", "pending_reasons": "preload_reveal", "preload_staged": "false", "reason": "preload_reveal", "structural_reason": "preload_reveal", "tab": "watchlist", "workspace_load_reason": "restore_last_tab"}, "unit": "ms", "value": 31.934200000250712}}
2026-08-12 16:01:09,423 [WARNING] infra.diagnostics.ui_stall_probe: [事件] ui.stall.event_loop | delivered_full_viewport=true | dirty_bounding_area_ratio=1.0000 | elapsed_ms=123.704 | event_loop_gap_ms=148.704
2026-08-12 16:01:09,423 [DEBUG] infra.diagnostics.ui_stall_probe: [structured] {"event": "metric.recorded", "fields": {"metric": "ui_event_loop_stall_ms", "recorded_at": 1786521669.4238517, "tags": {"method": "VCPTableView.paintEvent", "severity": "critical", "signal": "preload_reveal", "tab": "watchlist"}, "unit": "ms", "value": 123.70430000019041}}
2026-08-12 16:01:09,524 [INFO] infra.diagnostics.ui_stall_probe: [事件] ui.stall.method | delivered_full_viewport=true | dirty_bounding_area_ratio=1.0000 | elapsed_ms=92.785 | method=VCPTableView.paintEvent
2026-08-12 16:01:09,524 [DEBUG] infra.diagnostics.ui_stall_probe: [structured] {"event": "metric.recorded", "fields": {"metric": "ui_method_stall_ms", "recorded_at": 1786521669.5247555, "tags": {"method": "VCPTableView.paintEvent", "severity": "warn", "signal": "other", "tab": "watchlist"}, "unit": "ms", "value": 92.78450000010707}}
2026-08-12 16:01:09,524 [DEBUG] core.observability: [structured] {"event": "metric.recorded", "fields": {"metric": "watchlist_table_paint_ms", "recorded_at": 1786521669.5248764, "tags": {"background_preload_ready": "true", "background_prewarm_active_key_at_paint": "", "delivered_dirty_bounding_area_ratio": "1.0000", "delivered_full_viewport": "true", "delivery_kind": "full_viewport", "dirty_bounding_area_ratio": "1.0000", "dirty_region_rects": "1", "paint_event_spontaneous": "true", "preload_staged": "false", "reason": "other", "tab": "watchlist", "workspace_load_reason": "restore_last_tab"}, "unit": "ms", "value": 93.14069999982166}}
2026-08-12 16:01:09,641 [WARNING] infra.diagnostics.ui_stall_probe: [事件] ui.stall.method | delivered_full_viewport=true | dirty_bounding_area_ratio=1.0000 | elapsed_ms=107.974 | method=VCPTableView.paintEvent
2026-08-12 16:01:09,641 [DEBUG] infra.diagnostics.ui_stall_probe: [structured] {"event": "metric.recorded", "fields": {"metric": "ui_method_stall_ms", "recorded_at": 1786521669.641411, "tags": {"method": "VCPTableView.paintEvent", "severity": "critical", "signal": "other", "tab": "watchlist"}, "unit": "ms", "value": 107.97409999986485}}
2026-08-12 16:01:09,641 [DEBUG] core.observability: [structured] {"event": "metric.recorded", "fields": {"metric": "watchlist_table_paint_ms", "recorded_at": 1786521669.6415489, "tags": {"background_preload_ready": "true", "background_prewarm_active_key_at_paint": "", "delivered_dirty_bounding_area_ratio": "1.0000", "delivered_full_viewport": "true", "delivery_kind": "full_viewport", "dirty_bounding_area_ratio": "1.0000", "dirty_region_rects": "1", "paint_event_spontaneous": "true", "preload_staged": "false", "reason": "other", "tab": "watchlist", "workspace_load_reason": "restore_last_tab"}, "unit": "ms", "value": 108.416699999907}}
2026-08-12 16:01:09,645 [INFO] infra.diagnostics.ui_stall_probe: [事件] ui.stall.event_loop | delivered_full_viewport=true | dirty_bounding_area_ratio=1.0000 | elapsed_ms=92.683 | event_loop_gap_ms=117.683
2026-08-12 16:01:09,645 [DEBUG] infra.diagnostics.ui_stall_probe: [structured] {"event": "metric.recorded", "fields": {"metric": "ui_event_loop_stall_ms", "recorded_at": 1786521669.6452534, "tags": {"method": "VCPTableView.paintEvent", "severity": "warn", "signal": "other", "tab": "watchlist"}, "unit": "ms", "value": 92.68349999965722}}
2026-08-12 16:01:10,776 [DEBUG] core.observability: [structured] {"event": "metric.recorded", "fields": {"metric": "kline_webengine_preflight_shutdown_ms", "recorded_at": 1786521670.7769156, "tags": {"clean": "true"}, "unit": "ms", "value": 0.004999999873689376}}
2026-08-12 16:01:10,777 [INFO] core.observability: [事件] kline.webengine_preflight_shutdown | clean=True | elapsed_ms=0.005
2026-08-12 16:01:10,777 [INFO] core.observability: [事件] kline.manager_shutdown | active_close_attempted=0 | active_close_clean=True | active_close_succeeded=0 | active_fallback_disposed=0
2026-08-12 16:01:10,790 [INFO] ui.main_window_qt: [watchdog] watchdog.stopped | pid=12340 | rss=258MB | private=259MB | wset=258MB | vms=259MB | threads=25 | source=psutil
2026-08-12 16:01:10,813 [INFO] infra.storage.data_store: [DataStore] SQLite 连接已关闭
