2026-08-12 16:01:56,977 [INFO] core.observability: [事件] settings.schema_migrated | application=NativeWatchlistProfile_27112_1786521715406861900 | description=bootstrap centralized settings repository | from_version=0 | organization=VCPHunterDiagnostics
2026-08-12 16:01:57,051 [INFO] ui.main_window_qt: [watchdog] watchdog.started | pid=27112 | rss=134MB | private=134MB | wset=134MB | vms=134MB | threads=10 | source=psutil
2026-08-12 16:01:57,057 [INFO] ui.main_window_qt: [watchdog] main_window.init.begin | pid=27112 | rss=135MB | private=134MB | wset=135MB | vms=134MB | threads=10 | source=psutil
2026-08-12 16:01:57,117 [INFO] infra.storage.data_store: [DataStore] SQLite 存储已就绪: D:\vcp_hunter_runtime_ab\20260812_qt_effect_ab\main_window_frame_animations_stopped\profile.db
2026-08-12 16:01:57,490 [WARNING] infra.diagnostics.ui_stall_probe: [事件] ui.stall.method | elapsed_ms=353.393 | method=MainWindowQT.create_workspace | severity=critical | threshold_ms=100.0
2026-08-12 16:01:57,490 [DEBUG] infra.diagnostics.ui_stall_probe: [structured] {"event": "metric.recorded", "fields": {"metric": "ui_method_stall_ms", "recorded_at": 1786521717.4905212, "tags": {"method": "MainWindowQT.create_workspace", "severity": "critical", "signal": "", "tab": ""}, "unit": "ms", "value": 353.3930000003238}}
2026-08-12 16:01:57,515 [DEBUG] core.observability: [structured] {"event": "metric.recorded", "fields": {"metric": "workspace_mount_ms", "recorded_at": 1786521717.5153508, "tags": {"workspace_mode": "classic"}, "unit": "ms", "value": 430.62609999969936}}
2026-08-12 16:01:57,515 [INFO] core.observability: [启动] 工作区已加载 | 11页 | 431ms
2026-08-12 16:01:57,549 [INFO] ui.main_window_qt: [startup] auto refresh scheduler disabled for controlled window construction
2026-08-12 16:01:57,557 [INFO] ui.main_window_qt: [watchdog] main_window.init.ready | pid=27112 | rss=196MB | private=161MB | wset=196MB | vms=161MB | threads=11 | source=psutil
2026-08-12 16:01:57,754 [WARNING] infra.diagnostics.ui_stall_probe: [事件] ui.stall.event_loop | elapsed_ms=669.953 | event_loop_gap_ms=694.953 | severity=critical | tab=watchlist
2026-08-12 16:01:57,754 [DEBUG] infra.diagnostics.ui_stall_probe: [structured] {"event": "metric.recorded", "fields": {"metric": "ui_event_loop_stall_ms", "recorded_at": 1786521717.7544963, "tags": {"method": "", "severity": "critical", "signal": "", "tab": "watchlist"}, "unit": "ms", "value": 669.9529000003167}}
2026-08-12 16:01:57,762 [DEBUG] core.observability: [structured] {"event": "metric.recorded", "fields": {"metric": "main_window_first_paint_ms", "recorded_at": 1786521717.7624478, "tags": {}, "unit": "ms", "value": 742.0910000000731}}
2026-08-12 16:01:57,762 [INFO] core.observability: [启动] 主界面已显示 | 742ms
2026-08-12 16:01:57,789 [DEBUG] core.observability: [structured] {"event": "metric.recorded", "fields": {"metric": "main_window_post_paint_runtime_ms", "recorded_at": 1786521717.789933, "tags": {}, "unit": "ms", "value": 1.5570000000479922}}
2026-08-12 16:01:57,790 [INFO] core.observability: [事件] main_window.post_paint_runtime | elapsed_ms=1.557 | succeeded=False
2026-08-12 16:01:57,797 [DEBUG] core.observability: [structured] {"event": "metric.recorded", "fields": {"metric": "main_window_post_paint_runtime_ms", "recorded_at": 1786521717.7973902, "tags": {}, "unit": "ms", "value": 1.2704000000667293}}
2026-08-12 16:01:57,797 [INFO] core.observability: [事件] main_window.post_paint_runtime | elapsed_ms=1.27 | succeeded=False
2026-08-12 16:01:57,898 [INFO] infra.market_data.tdx_data_provider: [启动] 已启用通达信本地K线数据: D:\HT\vipdoc
2026-08-12 16:01:57,899 [INFO] infra.market_data.tdx_data_provider: [启动] gbbq 复权缓存改为按需加载
2026-08-12 16:01:57,899 [WARNING] infra.market_data.tdx_data_provider: [启动] 离线模式启动：跳过联网检测，使用本地数据
2026-08-12 16:01:57,939 [INFO] vcp.data_provider_history_mixin: [名称映射] 已从缓存载入 52863 条标的名称
2026-08-12 16:01:57,960 [DEBUG] core.observability: [structured] {"event": "metric.recorded", "fields": {"metric": "main_window_post_paint_runtime_ms", "recorded_at": 1786521717.9600465, "tags": {}, "unit": "ms", "value": 0.18199999976786785}}
2026-08-12 16:01:57,960 [INFO] core.observability: [事件] main_window.post_paint_runtime | elapsed_ms=0.182 | succeeded=False
2026-08-12 16:01:57,964 [DEBUG] core.observability: [structured] {"event": "metric.recorded", "fields": {"metric": "main_window_post_paint_runtime_ms", "recorded_at": 1786521717.9648716, "tags": {}, "unit": "ms", "value": 1.5236999997796374}}
2026-08-12 16:01:57,965 [INFO] core.observability: [事件] main_window.post_paint_runtime | elapsed_ms=1.524 | succeeded=False
2026-08-12 16:01:57,967 [DEBUG] core.observability: [structured] {"event": "metric.recorded", "fields": {"metric": "main_window_post_paint_runtime_ms", "recorded_at": 1786521717.9672594, "tags": {}, "unit": "ms", "value": 1.9328999997014762}}
2026-08-12 16:01:57,967 [INFO] core.observability: [事件] main_window.post_paint_runtime | elapsed_ms=1.933 | succeeded=False
2026-08-12 16:01:57,967 [INFO] ui.main_window_qt: [UI] central quotes disabled for controlled window construction
2026-08-12 16:01:57,967 [DEBUG] core.observability: [structured] {"event": "metric.recorded", "fields": {"metric": "main_window_post_paint_runtime_ms", "recorded_at": 1786521717.9678977, "tags": {}, "unit": "ms", "value": 0.2505000002201996}}
2026-08-12 16:01:57,968 [INFO] core.observability: [事件] main_window.post_paint_runtime | elapsed_ms=0.251 | succeeded=False
2026-08-12 16:01:57,968 [DEBUG] core.observability: [structured] {"event": "metric.recorded", "fields": {"metric": "main_window_post_paint_runtime_ms", "recorded_at": 1786521717.9688299, "tags": {}, "unit": "ms", "value": 0.3422999998292653}}
2026-08-12 16:01:57,968 [INFO] core.observability: [事件] main_window.post_paint_runtime | elapsed_ms=0.342 | succeeded=False
2026-08-12 16:01:57,979 [DEBUG] core.observability: [structured] {"event": "metric.recorded", "fields": {"metric": "main_window_post_paint_runtime_ms", "recorded_at": 1786521717.9792266, "tags": {}, "unit": "ms", "value": 9.915800000271702}}
2026-08-12 16:01:57,979 [INFO] core.observability: [事件] main_window.post_paint_runtime | elapsed_ms=9.916 | succeeded=False
2026-08-12 16:01:57,980 [DEBUG] core.observability: [structured] {"event": "metric.recorded", "fields": {"metric": "main_window_post_paint_runtime_ms", "recorded_at": 1786521717.9800215, "tags": {}, "unit": "ms", "value": 0.1098000002457411}}
2026-08-12 16:01:57,980 [INFO] core.observability: [事件] main_window.post_paint_runtime | elapsed_ms=0.11 | succeeded=False
2026-08-12 16:01:57,980 [DEBUG] core.observability: [structured] {"event": "metric.recorded", "fields": {"metric": "main_window_post_paint_runtime_ms", "recorded_at": 1786521717.9805474, "tags": {}, "unit": "ms", "value": 0.07920000007288763}}
2026-08-12 16:01:57,980 [INFO] core.observability: [事件] main_window.post_paint_runtime | elapsed_ms=0.079 | succeeded=False
2026-08-12 16:01:57,981 [DEBUG] core.observability: [structured] {"event": "metric.recorded", "fields": {"metric": "main_window_post_paint_runtime_ms", "recorded_at": 1786521717.9810374, "tags": {}, "unit": "ms", "value": 0.06419999999707215}}
2026-08-12 16:01:57,981 [INFO] core.observability: [事件] main_window.post_paint_runtime | elapsed_ms=0.064 | succeeded=False
2026-08-12 16:01:57,981 [DEBUG] core.observability: [structured] {"event": "metric.recorded", "fields": {"metric": "main_window_post_paint_runtime_ms", "recorded_at": 1786521717.981398, "tags": {}, "unit": "ms", "value": 0.04380000018500141}}
2026-08-12 16:01:57,981 [INFO] core.observability: [事件] main_window.post_paint_runtime | elapsed_ms=0.044 | succeeded=True
2026-08-12 16:01:58,133 [DEBUG] core.observability: [structured] {"event": "metric.recorded", "fields": {"metric": "watchlist_tab_import_ms", "recorded_at": 1786521718.1335905, "tags": {}, "unit": "ms", "value": 15.809600000011415}}
2026-08-12 16:01:58,133 [DEBUG] core.observability: [structured] {"event": "metric.recorded", "fields": {"metric": "watchlist_tab_ui_construct_ms", "recorded_at": 1786521718.1337755, "tags": {}, "unit": "ms", "value": 63.33089999998265}}
2026-08-12 16:01:58,138 [INFO] infra.diagnostics.ui_stall_probe: [事件] ui.stall.method | elapsed_ms=86.523 | method=ClassicWorkspace.ensure_tab_loaded | severity=warn | signal=background_prewarm
2026-08-12 16:01:58,138 [DEBUG] infra.diagnostics.ui_stall_probe: [structured] {"event": "metric.recorded", "fields": {"metric": "ui_method_stall_ms", "recorded_at": 1786521718.1383972, "tags": {"method": "ClassicWorkspace.ensure_tab_loaded", "severity": "warn", "signal": "background_prewarm", "tab": "watchlist"}, "unit": "ms", "value": 86.52290000009089}}
2026-08-12 16:01:58,138 [INFO] infra.diagnostics.ui_stall_probe: [事件] ui.stall.method | elapsed_ms=87.076 | method=ClassicWorkspace._prewarm_next_tab | severity=warn | signal=background_prewarm
2026-08-12 16:01:58,138 [DEBUG] infra.diagnostics.ui_stall_probe: [structured] {"event": "metric.recorded", "fields": {"metric": "ui_method_stall_ms", "recorded_at": 1786521718.1388218, "tags": {"method": "ClassicWorkspace._prewarm_next_tab", "severity": "warn", "signal": "background_prewarm", "tab": ""}, "unit": "ms", "value": 87.0756999997866}}
2026-08-12 16:01:58,149 [INFO] infra.diagnostics.ui_stall_probe: [事件] ui.stall.event_loop | elapsed_ms=73.973 | event_loop_gap_ms=98.973 | method=ClassicWorkspace._prewarm_next_tab | severity=warn
2026-08-12 16:01:58,150 [DEBUG] infra.diagnostics.ui_stall_probe: [structured] {"event": "metric.recorded", "fields": {"metric": "ui_event_loop_stall_ms", "recorded_at": 1786521718.1499665, "tags": {"method": "ClassicWorkspace._prewarm_next_tab", "severity": "warn", "signal": "background_prewarm", "tab": "watchlist"}, "unit": "ms", "value": 73.97259999979724}}
2026-08-12 16:01:58,152 [DEBUG] core.observability: [structured] {"event": "metric.recorded", "fields": {"metric": "watchlist_tab_initial_data_ms", "recorded_at": 1786521718.1522045, "tags": {"rows": "47"}, "unit": "ms", "value": 5.516600000191829}}
2026-08-12 16:01:58,153 [DEBUG] core.observability: [structured] {"event": "metric.recorded", "fields": {"metric": "watchlist_membership_reconcile", "recorded_at": 1786521718.153797, "tags": {"mode": "reset_fallback", "new_rows": "47", "old_rows": "0", "source": "initial_data"}, "unit": "count", "value": 1.0}}
2026-08-12 16:01:58,643 [INFO] core.observability: [指标] watchlist_context_snapshot_capture_ms | 1ms | cached_rows=,candidate_source_rows=,captured_source_rows=,selected_sources=ai_industry_chain,earnings,foreign_block,lhb,na_daily,source_rows=,target_count=47,target_filter=True
2026-08-12 16:01:58,658 [DEBUG] ui.tabs.watchlist_tab: [watchlist] apply 47 metric rows
2026-08-12 16:01:58,834 [DEBUG] core.observability: [structured] {"event": "metric.recorded", "fields": {"metric": "stock_table_update_quotes_ms", "recorded_at": 1786521718.8340507, "tags": {"changed_rows": "47", "model": "StockTableModel", "payload_codes": "47", "scanned_rows": "47"}, "unit": "ms", "value": 1.4713999999003136}}
2026-08-12 16:01:58,834 [DEBUG] core.observability: [structured] {"event": "metric.recorded", "fields": {"metric": "quote_snapshot_apply_ms", "recorded_at": 1786521718.8342302, "tags": {"applied_codes": "47", "changed_rows": "47", "model": "StockTableModel", "payload_codes": "47", "tab": "WatchlistTab"}, "unit": "ms", "value": 1.6532999998162268}}
2026-08-12 16:01:58,834 [DEBUG] core.observability: [structured] {"event": "metric.recorded", "fields": {"metric": "watchlist_model_update_ms", "recorded_at": 1786521718.8343341, "tags": {"changed_headers": "买点,市价,市值,涨幅,涨幅%,现价", "mode": "direct", "reason": "quote_snapshot"}, "unit": "ms", "value": 1.8980999998348125}}
2026-08-12 16:01:58,834 [DEBUG] core.observability: [structured] {"event": "metric.recorded", "fields": {"metric": "cache_snapshot_apply_ms", "recorded_at": 1786521718.834448, "tags": {"changed_rows": "47", "codes": "47", "signal": "cache_snapshot", "tab": "WatchlistTab"}, "unit": "ms", "value": 2.039099999819882}}
2026-08-12 16:01:58,914 [INFO] ui.workspaces.background_tab_preload: [Workspace] background tab preload finished scope=visible_watchlist_ready completed=1 startup_lazy_handoff=10 failures=[]
2026-08-12 16:01:59,057 [WARNING] infra.diagnostics.ui_stall_probe: [事件] ui.stall.method | delivered_full_viewport=true | dirty_bounding_area_ratio=1.0000 | elapsed_ms=130.033 | method=VCPTableView.paintEvent
2026-08-12 16:01:59,057 [DEBUG] infra.diagnostics.ui_stall_probe: [structured] {"event": "metric.recorded", "fields": {"metric": "ui_method_stall_ms", "recorded_at": 1786521719.0573678, "tags": {"method": "VCPTableView.paintEvent", "severity": "critical", "signal": "preload_reveal", "tab": "watchlist"}, "unit": "ms", "value": 130.03290000006018}}
2026-08-12 16:01:59,057 [DEBUG] core.observability: [structured] {"event": "metric.recorded", "fields": {"metric": "watchlist_table_paint_ms", "recorded_at": 1786521719.057488, "tags": {"background_preload_ready": "true", "background_prewarm_active_key_at_paint": "", "delivered_dirty_bounding_area_ratio": "1.0000", "delivered_full_viewport": "true", "delivery_kind": "structural_full_viewport", "dirty_bounding_area_ratio": "1.0000", "dirty_region_rects": "1", "model_rows": "47", "paint_event_spontaneous": "true", "pending_reasons": "preload_reveal", "preload_staged": "false", "reason": "preload_reveal", "structural_reason": "preload_reveal", "tab": "watchlist", "workspace_load_reason": "restore_last_tab"}, "unit": "ms", "value": 130.391299999701}}
2026-08-12 16:01:59,057 [DEBUG] core.observability: [structured] {"event": "metric.recorded", "fields": {"metric": "watchlist_table_paint_delay_ms", "recorded_at": 1786521719.0575926, "tags": {"background_preload_ready": "true", "background_prewarm_active_key_at_paint": "", "delivered_dirty_bounding_area_ratio": "1.0000", "delivered_full_viewport": "true", "delivery_kind": "structural_full_viewport", "dirty_bounding_area_ratio": "1.0000", "dirty_region_rects": "1", "model_rows": "47", "paint_event_spontaneous": "true", "pending_reasons": "preload_reveal", "preload_staged": "false", "reason": "preload_reveal", "structural_reason": "preload_reveal", "tab": "watchlist", "workspace_load_reason": "restore_last_tab"}, "unit": "ms", "value": 35.2815000001101}}
2026-08-12 16:01:59,060 [WARNING] infra.diagnostics.ui_stall_probe: [事件] ui.stall.event_loop | delivered_full_viewport=true | dirty_bounding_area_ratio=1.0000 | elapsed_ms=119.94 | event_loop_gap_ms=144.94
2026-08-12 16:01:59,060 [DEBUG] infra.diagnostics.ui_stall_probe: [structured] {"event": "metric.recorded", "fields": {"metric": "ui_event_loop_stall_ms", "recorded_at": 1786521719.060663, "tags": {"method": "VCPTableView.paintEvent", "severity": "critical", "signal": "preload_reveal", "tab": "watchlist"}, "unit": "ms", "value": 119.93959999981598}}
2026-08-12 16:01:59,166 [INFO] infra.diagnostics.ui_stall_probe: [事件] ui.stall.method | delivered_full_viewport=true | dirty_bounding_area_ratio=1.0000 | elapsed_ms=92.936 | method=VCPTableView.paintEvent
2026-08-12 16:01:59,167 [DEBUG] infra.diagnostics.ui_stall_probe: [structured] {"event": "metric.recorded", "fields": {"metric": "ui_method_stall_ms", "recorded_at": 1786521719.1670234, "tags": {"method": "VCPTableView.paintEvent", "severity": "warn", "signal": "other", "tab": "watchlist"}, "unit": "ms", "value": 92.93639999987136}}
2026-08-12 16:01:59,167 [DEBUG] core.observability: [structured] {"event": "metric.recorded", "fields": {"metric": "watchlist_table_paint_ms", "recorded_at": 1786521719.1671484, "tags": {"background_preload_ready": "true", "background_prewarm_active_key_at_paint": "", "delivered_dirty_bounding_area_ratio": "1.0000", "delivered_full_viewport": "true", "delivery_kind": "full_viewport", "dirty_bounding_area_ratio": "1.0000", "dirty_region_rects": "1", "paint_event_spontaneous": "true", "preload_staged": "false", "reason": "other", "tab": "watchlist", "workspace_load_reason": "restore_last_tab"}, "unit": "ms", "value": 93.3086000000003}}
2026-08-12 16:01:59,267 [INFO] infra.diagnostics.ui_stall_probe: [事件] ui.stall.method | delivered_full_viewport=true | dirty_bounding_area_ratio=1.0000 | elapsed_ms=91.641 | method=VCPTableView.paintEvent
2026-08-12 16:01:59,268 [DEBUG] infra.diagnostics.ui_stall_probe: [structured] {"event": "metric.recorded", "fields": {"metric": "ui_method_stall_ms", "recorded_at": 1786521719.2681108, "tags": {"method": "VCPTableView.paintEvent", "severity": "warn", "signal": "other", "tab": "watchlist"}, "unit": "ms", "value": 91.64140000029874}}
2026-08-12 16:01:59,268 [DEBUG] core.observability: [structured] {"event": "metric.recorded", "fields": {"metric": "watchlist_table_paint_ms", "recorded_at": 1786521719.2682412, "tags": {"background_preload_ready": "true", "background_prewarm_active_key_at_paint": "", "delivered_dirty_bounding_area_ratio": "1.0000", "delivered_full_viewport": "true", "delivery_kind": "full_viewport", "dirty_bounding_area_ratio": "1.0000", "dirty_region_rects": "1", "paint_event_spontaneous": "true", "preload_staged": "false", "reason": "other", "tab": "watchlist", "workspace_load_reason": "restore_last_tab"}, "unit": "ms", "value": 92.0709000001807}}
2026-08-12 16:01:59,272 [INFO] infra.diagnostics.ui_stall_probe: [事件] ui.stall.event_loop | delivered_full_viewport=true | dirty_bounding_area_ratio=1.0000 | elapsed_ms=76.398 | event_loop_gap_ms=101.398
2026-08-12 16:01:59,272 [DEBUG] infra.diagnostics.ui_stall_probe: [structured] {"event": "metric.recorded", "fields": {"metric": "ui_event_loop_stall_ms", "recorded_at": 1786521719.2722719, "tags": {"method": "VCPTableView.paintEvent", "severity": "warn", "signal": "other", "tab": "watchlist"}, "unit": "ms", "value": 76.39840000010736}}
2026-08-12 16:02:00,418 [DEBUG] core.observability: [structured] {"event": "metric.recorded", "fields": {"metric": "kline_webengine_preflight_shutdown_ms", "recorded_at": 1786521720.4185407, "tags": {"clean": "true"}, "unit": "ms", "value": 0.004800000169780105}}
2026-08-12 16:02:00,418 [INFO] core.observability: [事件] kline.webengine_preflight_shutdown | clean=True | elapsed_ms=0.005
2026-08-12 16:02:00,418 [INFO] core.observability: [事件] kline.manager_shutdown | active_close_attempted=0 | active_close_clean=True | active_close_succeeded=0 | active_fallback_disposed=0
2026-08-12 16:02:00,431 [INFO] ui.main_window_qt: [watchdog] watchdog.stopped | pid=27112 | rss=268MB | private=265MB | wset=268MB | vms=265MB | threads=37 | source=psutil
2026-08-12 16:02:00,475 [INFO] infra.storage.data_store: [DataStore] SQLite 连接已关闭
