2026-08-12 16:45:05,306 [INFO] core.observability: [事件] settings.schema_migrated | application=NativeWatchlistProfile_25660_1786524304153283300 | description=bootstrap centralized settings repository | from_version=0 | organization=VCPHunterDiagnostics
2026-08-12 16:45:05,377 [INFO] ui.main_window_qt: [watchdog] watchdog.started | pid=25660 | rss=134MB | private=133MB | wset=134MB | vms=133MB | threads=10 | source=psutil
2026-08-12 16:45:05,382 [INFO] ui.main_window_qt: [watchdog] main_window.init.begin | pid=25660 | rss=134MB | private=134MB | wset=134MB | vms=134MB | threads=10 | source=psutil
2026-08-12 16:45:05,442 [INFO] infra.storage.data_store: [DataStore] SQLite 存储已就绪: D:\vcp_hunter_runtime_ab\20260812_layout_prelayout_ab\single_vars\resize\profile.db
2026-08-12 16:45:05,847 [WARNING] infra.diagnostics.ui_stall_probe: [事件] ui.stall.method | elapsed_ms=384.721 | method=MainWindowQT.create_workspace | severity=critical | threshold_ms=100.0
2026-08-12 16:45:05,847 [DEBUG] infra.diagnostics.ui_stall_probe: [structured] {"event": "metric.recorded", "fields": {"metric": "ui_method_stall_ms", "recorded_at": 1786524305.8477428, "tags": {"method": "MainWindowQT.create_workspace", "severity": "critical", "signal": "", "tab": ""}, "unit": "ms", "value": 384.721499999614}}
2026-08-12 16:45:05,876 [DEBUG] core.observability: [structured] {"event": "metric.recorded", "fields": {"metric": "workspace_mount_ms", "recorded_at": 1786524305.8764975, "tags": {"workspace_mode": "classic"}, "unit": "ms", "value": 466.1601999996492}}
2026-08-12 16:45:05,876 [INFO] core.observability: [启动] 工作区已加载 | 11页 | 466ms
2026-08-12 16:45:05,911 [INFO] ui.main_window_qt: [startup] auto refresh scheduler disabled for controlled window construction
2026-08-12 16:45:05,919 [INFO] ui.main_window_qt: [watchdog] main_window.init.ready | pid=25660 | rss=193MB | private=159MB | wset=193MB | vms=159MB | threads=11 | source=psutil
2026-08-12 16:45:06,118 [WARNING] infra.diagnostics.ui_stall_probe: [事件] ui.stall.event_loop | elapsed_ms=709.161 | event_loop_gap_ms=734.161 | severity=critical | tab=watchlist
2026-08-12 16:45:06,118 [DEBUG] infra.diagnostics.ui_stall_probe: [structured] {"event": "metric.recorded", "fields": {"metric": "ui_event_loop_stall_ms", "recorded_at": 1786524306.1187465, "tags": {"method": "", "severity": "critical", "signal": "", "tab": "watchlist"}, "unit": "ms", "value": 709.1612999998688}}
2026-08-12 16:45:06,127 [DEBUG] core.observability: [structured] {"event": "metric.recorded", "fields": {"metric": "main_window_first_paint_ms", "recorded_at": 1786524306.1277835, "tags": {}, "unit": "ms", "value": 782.916799999839}}
2026-08-12 16:45:06,127 [INFO] core.observability: [启动] 主界面已显示 | 783ms
2026-08-12 16:45:06,151 [DEBUG] core.observability: [structured] {"event": "metric.recorded", "fields": {"metric": "main_window_post_paint_runtime_ms", "recorded_at": 1786524306.1510763, "tags": {}, "unit": "ms", "value": 1.301499999499356}}
2026-08-12 16:45:06,151 [INFO] core.observability: [事件] main_window.post_paint_runtime | elapsed_ms=1.301 | succeeded=False
2026-08-12 16:45:06,159 [DEBUG] core.observability: [structured] {"event": "metric.recorded", "fields": {"metric": "main_window_post_paint_runtime_ms", "recorded_at": 1786524306.1589646, "tags": {}, "unit": "ms", "value": 1.826200000323297}}
2026-08-12 16:45:06,159 [INFO] core.observability: [事件] main_window.post_paint_runtime | elapsed_ms=1.826 | succeeded=False
2026-08-12 16:45:06,241 [INFO] infra.market_data.tdx_data_provider: [启动] 已启用通达信本地K线数据: D:\HT\vipdoc
2026-08-12 16:45:06,241 [INFO] infra.market_data.tdx_data_provider: [启动] gbbq 复权缓存改为按需加载
2026-08-12 16:45:06,241 [WARNING] infra.market_data.tdx_data_provider: [启动] 离线模式启动：跳过联网检测，使用本地数据
2026-08-12 16:45:06,280 [INFO] vcp.data_provider_history_mixin: [名称映射] 已从缓存载入 52882 条标的名称
2026-08-12 16:45:06,301 [DEBUG] core.observability: [structured] {"event": "metric.recorded", "fields": {"metric": "main_window_post_paint_runtime_ms", "recorded_at": 1786524306.301808, "tags": {}, "unit": "ms", "value": 0.18339999951422215}}
2026-08-12 16:45:06,302 [INFO] core.observability: [事件] main_window.post_paint_runtime | elapsed_ms=0.183 | succeeded=False
2026-08-12 16:45:06,307 [DEBUG] core.observability: [structured] {"event": "metric.recorded", "fields": {"metric": "main_window_post_paint_runtime_ms", "recorded_at": 1786524306.307132, "tags": {}, "unit": "ms", "value": 1.8859000001612003}}
2026-08-12 16:45:06,307 [INFO] core.observability: [事件] main_window.post_paint_runtime | elapsed_ms=1.886 | succeeded=False
2026-08-12 16:45:06,310 [DEBUG] core.observability: [structured] {"event": "metric.recorded", "fields": {"metric": "main_window_post_paint_runtime_ms", "recorded_at": 1786524306.3100843, "tags": {}, "unit": "ms", "value": 2.3731999999654363}}
2026-08-12 16:45:06,310 [INFO] core.observability: [事件] main_window.post_paint_runtime | elapsed_ms=2.373 | succeeded=False
2026-08-12 16:45:06,310 [INFO] ui.main_window_qt: [UI] central quotes disabled for controlled window construction
2026-08-12 16:45:06,310 [DEBUG] core.observability: [structured] {"event": "metric.recorded", "fields": {"metric": "main_window_post_paint_runtime_ms", "recorded_at": 1786524306.3109293, "tags": {}, "unit": "ms", "value": 0.3038000004380592}}
2026-08-12 16:45:06,311 [INFO] core.observability: [事件] main_window.post_paint_runtime | elapsed_ms=0.304 | succeeded=False
2026-08-12 16:45:06,311 [DEBUG] core.observability: [structured] {"event": "metric.recorded", "fields": {"metric": "main_window_post_paint_runtime_ms", "recorded_at": 1786524306.3115227, "tags": {}, "unit": "ms", "value": 0.19020000036107376}}
2026-08-12 16:45:06,311 [INFO] core.observability: [事件] main_window.post_paint_runtime | elapsed_ms=0.19 | succeeded=False
2026-08-12 16:45:06,324 [DEBUG] core.observability: [structured] {"event": "metric.recorded", "fields": {"metric": "main_window_post_paint_runtime_ms", "recorded_at": 1786524306.3245044, "tags": {}, "unit": "ms", "value": 12.526299999990442}}
2026-08-12 16:45:06,324 [INFO] core.observability: [事件] main_window.post_paint_runtime | elapsed_ms=12.526 | succeeded=False
2026-08-12 16:45:06,325 [DEBUG] core.observability: [structured] {"event": "metric.recorded", "fields": {"metric": "main_window_post_paint_runtime_ms", "recorded_at": 1786524306.325668, "tags": {}, "unit": "ms", "value": 0.3050999994229642}}
2026-08-12 16:45:06,326 [INFO] core.observability: [事件] main_window.post_paint_runtime | elapsed_ms=0.305 | succeeded=False
2026-08-12 16:45:06,326 [DEBUG] core.observability: [structured] {"event": "metric.recorded", "fields": {"metric": "main_window_post_paint_runtime_ms", "recorded_at": 1786524306.3268738, "tags": {}, "unit": "ms", "value": 0.14399999963643495}}
2026-08-12 16:45:06,327 [INFO] core.observability: [事件] main_window.post_paint_runtime | elapsed_ms=0.144 | succeeded=False
2026-08-12 16:45:06,327 [DEBUG] core.observability: [structured] {"event": "metric.recorded", "fields": {"metric": "main_window_post_paint_runtime_ms", "recorded_at": 1786524306.3275397, "tags": {}, "unit": "ms", "value": 0.0853000001370674}}
2026-08-12 16:45:06,327 [INFO] core.observability: [事件] main_window.post_paint_runtime | elapsed_ms=0.085 | succeeded=False
2026-08-12 16:45:06,328 [DEBUG] core.observability: [structured] {"event": "metric.recorded", "fields": {"metric": "main_window_post_paint_runtime_ms", "recorded_at": 1786524306.3284676, "tags": {}, "unit": "ms", "value": 0.08969999998953426}}
2026-08-12 16:45:06,328 [INFO] core.observability: [事件] main_window.post_paint_runtime | elapsed_ms=0.09 | succeeded=True
2026-08-12 16:45:06,499 [DEBUG] core.observability: [structured] {"event": "metric.recorded", "fields": {"metric": "watchlist_tab_import_ms", "recorded_at": 1786524306.4996228, "tags": {}, "unit": "ms", "value": 16.875700000127836}}
2026-08-12 16:45:06,499 [DEBUG] core.observability: [structured] {"event": "metric.recorded", "fields": {"metric": "watchlist_tab_ui_construct_ms", "recorded_at": 1786524306.4998856, "tags": {}, "unit": "ms", "value": 64.66860000000452}}
2026-08-12 16:45:06,504 [INFO] infra.diagnostics.ui_stall_probe: [事件] ui.stall.method | elapsed_ms=88.573 | method=ClassicWorkspace.ensure_tab_loaded | severity=warn | signal=background_prewarm
2026-08-12 16:45:06,504 [DEBUG] infra.diagnostics.ui_stall_probe: [structured] {"event": "metric.recorded", "fields": {"metric": "ui_method_stall_ms", "recorded_at": 1786524306.5048356, "tags": {"method": "ClassicWorkspace.ensure_tab_loaded", "severity": "warn", "signal": "background_prewarm", "tab": "watchlist"}, "unit": "ms", "value": 88.57299999999668}}
2026-08-12 16:45:06,505 [INFO] infra.diagnostics.ui_stall_probe: [事件] ui.stall.method | elapsed_ms=89.323 | method=ClassicWorkspace._prewarm_next_tab | severity=warn | signal=background_prewarm
2026-08-12 16:45:06,505 [DEBUG] infra.diagnostics.ui_stall_probe: [structured] {"event": "metric.recorded", "fields": {"metric": "ui_method_stall_ms", "recorded_at": 1786524306.5053995, "tags": {"method": "ClassicWorkspace._prewarm_next_tab", "severity": "warn", "signal": "background_prewarm", "tab": ""}, "unit": "ms", "value": 89.32329999970534}}
2026-08-12 16:45:06,514 [INFO] infra.diagnostics.ui_stall_probe: [事件] ui.stall.event_loop | elapsed_ms=74.467 | event_loop_gap_ms=99.467 | method=ClassicWorkspace._prewarm_next_tab | severity=warn
2026-08-12 16:45:06,515 [DEBUG] infra.diagnostics.ui_stall_probe: [structured] {"event": "metric.recorded", "fields": {"metric": "ui_event_loop_stall_ms", "recorded_at": 1786524306.5150387, "tags": {"method": "ClassicWorkspace._prewarm_next_tab", "severity": "warn", "signal": "background_prewarm", "tab": "watchlist"}, "unit": "ms", "value": 74.4674000003215}}
2026-08-12 16:45:06,517 [DEBUG] core.observability: [structured] {"event": "metric.recorded", "fields": {"metric": "watchlist_tab_initial_data_ms", "recorded_at": 1786524306.5169518, "tags": {"rows": "47"}, "unit": "ms", "value": 7.009000000834931}}
2026-08-12 16:45:06,518 [DEBUG] core.observability: [structured] {"event": "metric.recorded", "fields": {"metric": "watchlist_membership_reconcile", "recorded_at": 1786524306.5183601, "tags": {"mode": "reset_fallback", "new_rows": "47", "old_rows": "0", "source": "initial_data"}, "unit": "count", "value": 1.0}}
2026-08-12 16:45:07,016 [INFO] core.observability: [指标] watchlist_context_snapshot_capture_ms | 1ms | cached_rows=,candidate_source_rows=,captured_source_rows=,selected_sources=ai_industry_chain,earnings,foreign_block,lhb,na_daily,source_rows=,target_count=47,target_filter=True
2026-08-12 16:45:07,032 [DEBUG] ui.tabs.watchlist_tab: [watchlist] apply 47 metric rows
2026-08-12 16:45:07,201 [DEBUG] core.observability: [structured] {"event": "metric.recorded", "fields": {"metric": "stock_table_update_quotes_ms", "recorded_at": 1786524307.201739, "tags": {"changed_rows": "47", "model": "StockTableModel", "payload_codes": "47", "scanned_rows": "47"}, "unit": "ms", "value": 1.4872000001560082}}
2026-08-12 16:45:07,201 [DEBUG] core.observability: [structured] {"event": "metric.recorded", "fields": {"metric": "quote_snapshot_apply_ms", "recorded_at": 1786524307.2019045, "tags": {"applied_codes": "47", "changed_rows": "47", "model": "StockTableModel", "payload_codes": "47", "tab": "WatchlistTab"}, "unit": "ms", "value": 1.6555000001972076}}
2026-08-12 16:45:07,202 [DEBUG] core.observability: [structured] {"event": "metric.recorded", "fields": {"metric": "watchlist_model_update_ms", "recorded_at": 1786524307.2020073, "tags": {"changed_headers": "买点,市价,市值,涨幅,涨幅%,现价", "mode": "direct", "reason": "quote_snapshot"}, "unit": "ms", "value": 1.9003999996130005}}
2026-08-12 16:45:07,202 [DEBUG] core.observability: [structured] {"event": "metric.recorded", "fields": {"metric": "cache_snapshot_apply_ms", "recorded_at": 1786524307.2021246, "tags": {"changed_rows": "47", "codes": "47", "signal": "cache_snapshot", "tab": "WatchlistTab"}, "unit": "ms", "value": 2.049300000180665}}
2026-08-12 16:45:07,273 [INFO] ui.workspaces.background_tab_preload: [Workspace] background tab preload finished scope=visible_watchlist_ready completed=1 startup_lazy_handoff=10 failures=[]
2026-08-12 16:45:07,424 [WARNING] infra.diagnostics.ui_stall_probe: [事件] ui.stall.method | delivered_full_viewport=true | dirty_bounding_area_ratio=1.0000 | elapsed_ms=141.075 | method=VCPTableView.paintEvent
2026-08-12 16:45:07,425 [DEBUG] infra.diagnostics.ui_stall_probe: [structured] {"event": "metric.recorded", "fields": {"metric": "ui_method_stall_ms", "recorded_at": 1786524307.4250884, "tags": {"method": "VCPTableView.paintEvent", "severity": "critical", "signal": "preload_reveal", "tab": "watchlist"}, "unit": "ms", "value": 141.07469999999012}}
2026-08-12 16:45:07,425 [DEBUG] core.observability: [structured] {"event": "metric.recorded", "fields": {"metric": "watchlist_table_paint_ms", "recorded_at": 1786524307.425228, "tags": {"background_preload_ready": "true", "background_prewarm_active_key_at_paint": "", "delivered_dirty_bounding_area_ratio": "1.0000", "delivered_full_viewport": "true", "delivery_kind": "structural_full_viewport", "dirty_bounding_area_ratio": "1.0000", "dirty_region_rects": "1", "model_rows": "47", "paint_event_spontaneous": "true", "pending_reasons": "preload_reveal", "preload_staged": "false", "reason": "preload_reveal", "structural_reason": "preload_reveal", "tab": "watchlist", "workspace_load_reason": "restore_last_tab"}, "unit": "ms", "value": 141.49600000018836}}
2026-08-12 16:45:07,425 [DEBUG] core.observability: [structured] {"event": "metric.recorded", "fields": {"metric": "watchlist_table_paint_delay_ms", "recorded_at": 1786524307.425336, "tags": {"background_preload_ready": "true", "background_prewarm_active_key_at_paint": "", "delivered_dirty_bounding_area_ratio": "1.0000", "delivered_full_viewport": "true", "delivery_kind": "structural_full_viewport", "dirty_bounding_area_ratio": "1.0000", "dirty_region_rects": "1", "model_rows": "47", "paint_event_spontaneous": "true", "pending_reasons": "preload_reveal", "preload_staged": "false", "reason": "preload_reveal", "structural_reason": "preload_reveal", "tab": "watchlist", "workspace_load_reason": "restore_last_tab"}, "unit": "ms", "value": 29.778299999634328}}
2026-08-12 16:45:07,529 [INFO] infra.diagnostics.ui_stall_probe: [事件] ui.stall.method | delivered_full_viewport=true | dirty_bounding_area_ratio=1.0000 | elapsed_ms=95.891 | method=VCPTableView.paintEvent
2026-08-12 16:45:07,529 [DEBUG] infra.diagnostics.ui_stall_probe: [structured] {"event": "metric.recorded", "fields": {"metric": "ui_method_stall_ms", "recorded_at": 1786524307.5295262, "tags": {"method": "VCPTableView.paintEvent", "severity": "warn", "signal": "other", "tab": "watchlist"}, "unit": "ms", "value": 95.89119999964169}}
2026-08-12 16:45:07,529 [DEBUG] core.observability: [structured] {"event": "metric.recorded", "fields": {"metric": "watchlist_table_paint_ms", "recorded_at": 1786524307.5296493, "tags": {"background_preload_ready": "true", "background_prewarm_active_key_at_paint": "", "delivered_dirty_bounding_area_ratio": "1.0000", "delivered_full_viewport": "true", "delivery_kind": "full_viewport", "dirty_bounding_area_ratio": "1.0000", "dirty_region_rects": "1", "paint_event_spontaneous": "true", "preload_staged": "false", "reason": "other", "tab": "watchlist", "workspace_load_reason": "restore_last_tab"}, "unit": "ms", "value": 96.26620000017283}}
2026-08-12 16:45:07,630 [INFO] infra.diagnostics.ui_stall_probe: [事件] ui.stall.method | delivered_full_viewport=true | dirty_bounding_area_ratio=1.0000 | elapsed_ms=93.231 | method=VCPTableView.paintEvent
2026-08-12 16:45:07,630 [DEBUG] infra.diagnostics.ui_stall_probe: [structured] {"event": "metric.recorded", "fields": {"metric": "ui_method_stall_ms", "recorded_at": 1786524307.6309328, "tags": {"method": "VCPTableView.paintEvent", "severity": "warn", "signal": "other", "tab": "watchlist"}, "unit": "ms", "value": 93.23099999983242}}
2026-08-12 16:45:07,631 [DEBUG] core.observability: [structured] {"event": "metric.recorded", "fields": {"metric": "watchlist_table_paint_ms", "recorded_at": 1786524307.6310549, "tags": {"background_preload_ready": "true", "background_prewarm_active_key_at_paint": "", "delivered_dirty_bounding_area_ratio": "1.0000", "delivered_full_viewport": "true", "delivery_kind": "full_viewport", "dirty_bounding_area_ratio": "1.0000", "dirty_region_rects": "1", "paint_event_spontaneous": "true", "preload_staged": "false", "reason": "other", "tab": "watchlist", "workspace_load_reason": "restore_last_tab"}, "unit": "ms", "value": 93.58960000008665}}
2026-08-12 16:45:08,777 [DEBUG] core.observability: [structured] {"event": "metric.recorded", "fields": {"metric": "kline_webengine_preflight_shutdown_ms", "recorded_at": 1786524308.7777789, "tags": {"clean": "true"}, "unit": "ms", "value": 0.00470000031782547}}
2026-08-12 16:45:08,777 [INFO] core.observability: [事件] kline.webengine_preflight_shutdown | clean=True | elapsed_ms=0.005
2026-08-12 16:45:08,778 [INFO] core.observability: [事件] kline.manager_shutdown | active_close_attempted=0 | active_close_clean=True | active_close_succeeded=0 | active_fallback_disposed=0
2026-08-12 16:45:08,797 [INFO] ui.main_window_qt: [watchdog] watchdog.stopped | pid=25660 | rss=266MB | private=268MB | wset=266MB | vms=268MB | threads=37 | source=psutil
2026-08-12 16:45:08,838 [INFO] infra.storage.data_store: [DataStore] SQLite 连接已关闭
