2026-08-12 16:40:17,908 [INFO] core.observability: [事件] settings.schema_migrated | application=NativeWatchlistProfile_4804_1786524016353761500 | description=bootstrap centralized settings repository | from_version=0 | organization=VCPHunterDiagnostics
2026-08-12 16:40:17,982 [INFO] ui.main_window_qt: [watchdog] watchdog.started | pid=4804 | rss=134MB | private=133MB | wset=134MB | vms=133MB | threads=10 | source=psutil
2026-08-12 16:40:17,987 [INFO] ui.main_window_qt: [watchdog] main_window.init.begin | pid=4804 | rss=134MB | private=134MB | wset=134MB | vms=134MB | threads=10 | source=psutil
2026-08-12 16:40:18,052 [INFO] infra.storage.data_store: [DataStore] SQLite 存储已就绪: D:\vcp_hunter_runtime_ab\20260812_sizehint_trace\freeze_window_timers\profile.db
2026-08-12 16:40:18,426 [WARNING] infra.diagnostics.ui_stall_probe: [事件] ui.stall.method | elapsed_ms=353.824 | method=MainWindowQT.create_workspace | severity=critical | threshold_ms=100.0
2026-08-12 16:40:18,426 [DEBUG] infra.diagnostics.ui_stall_probe: [structured] {"event": "metric.recorded", "fields": {"metric": "ui_method_stall_ms", "recorded_at": 1786524018.4268334, "tags": {"method": "MainWindowQT.create_workspace", "severity": "critical", "signal": "", "tab": ""}, "unit": "ms", "value": 353.8238999999521}}
2026-08-12 16:40:18,451 [DEBUG] core.observability: [structured] {"event": "metric.recorded", "fields": {"metric": "workspace_mount_ms", "recorded_at": 1786524018.4518542, "tags": {"workspace_mode": "classic"}, "unit": "ms", "value": 432.8435999996145}}
2026-08-12 16:40:18,452 [INFO] core.observability: [启动] 工作区已加载 | 11页 | 433ms
2026-08-12 16:40:18,486 [INFO] ui.main_window_qt: [startup] auto refresh scheduler disabled for controlled window construction
2026-08-12 16:40:18,494 [INFO] ui.main_window_qt: [watchdog] main_window.init.ready | pid=4804 | rss=195MB | private=160MB | wset=195MB | vms=160MB | threads=11 | source=psutil
2026-08-12 16:40:18,736 [WARNING] infra.diagnostics.ui_stall_probe: [事件] ui.stall.event_loop | elapsed_ms=722.004 | event_loop_gap_ms=747.004 | severity=critical | tab=watchlist
2026-08-12 16:40:18,736 [DEBUG] infra.diagnostics.ui_stall_probe: [structured] {"event": "metric.recorded", "fields": {"metric": "ui_event_loop_stall_ms", "recorded_at": 1786524018.7366629, "tags": {"method": "", "severity": "critical", "signal": "", "tab": "watchlist"}, "unit": "ms", "value": 722.0043000002988}}
2026-08-12 16:40:18,748 [DEBUG] core.observability: [structured] {"event": "metric.recorded", "fields": {"metric": "main_window_first_paint_ms", "recorded_at": 1786524018.7479768, "tags": {}, "unit": "ms", "value": 798.1705000001966}}
2026-08-12 16:40:18,748 [INFO] core.observability: [启动] 主界面已显示 | 798ms
2026-08-12 16:40:18,772 [DEBUG] core.observability: [structured] {"event": "metric.recorded", "fields": {"metric": "main_window_post_paint_runtime_ms", "recorded_at": 1786524018.7721865, "tags": {}, "unit": "ms", "value": 1.527899999928195}}
2026-08-12 16:40:18,772 [INFO] core.observability: [事件] main_window.post_paint_runtime | elapsed_ms=1.528 | succeeded=False
2026-08-12 16:40:18,778 [DEBUG] core.observability: [structured] {"event": "metric.recorded", "fields": {"metric": "main_window_post_paint_runtime_ms", "recorded_at": 1786524018.7787676, "tags": {}, "unit": "ms", "value": 1.3438999994832557}}
2026-08-12 16:40:18,778 [INFO] core.observability: [事件] main_window.post_paint_runtime | elapsed_ms=1.344 | succeeded=False
2026-08-12 16:40:18,838 [INFO] infra.market_data.tdx_data_provider: [启动] 已启用通达信本地K线数据: D:\HT\vipdoc
2026-08-12 16:40:18,838 [INFO] infra.market_data.tdx_data_provider: [启动] gbbq 复权缓存改为按需加载
2026-08-12 16:40:18,838 [WARNING] infra.market_data.tdx_data_provider: [启动] 离线模式启动：跳过联网检测，使用本地数据
2026-08-12 16:40:18,883 [INFO] vcp.data_provider_history_mixin: [名称映射] 已从缓存载入 52882 条标的名称
2026-08-12 16:40:18,903 [DEBUG] core.observability: [structured] {"event": "metric.recorded", "fields": {"metric": "main_window_post_paint_runtime_ms", "recorded_at": 1786524018.9037173, "tags": {}, "unit": "ms", "value": 0.20510000013018725}}
2026-08-12 16:40:18,903 [INFO] core.observability: [事件] main_window.post_paint_runtime | elapsed_ms=0.205 | succeeded=False
2026-08-12 16:40:18,906 [DEBUG] core.observability: [structured] {"event": "metric.recorded", "fields": {"metric": "main_window_post_paint_runtime_ms", "recorded_at": 1786524018.9063017, "tags": {}, "unit": "ms", "value": 1.4955999995436287}}
2026-08-12 16:40:18,906 [INFO] core.observability: [事件] main_window.post_paint_runtime | elapsed_ms=1.496 | succeeded=False
2026-08-12 16:40:18,908 [DEBUG] core.observability: [structured] {"event": "metric.recorded", "fields": {"metric": "main_window_post_paint_runtime_ms", "recorded_at": 1786524018.9089413, "tags": {}, "unit": "ms", "value": 2.0762999993166886}}
2026-08-12 16:40:18,909 [INFO] core.observability: [事件] main_window.post_paint_runtime | elapsed_ms=2.076 | succeeded=False
2026-08-12 16:40:18,909 [INFO] ui.main_window_qt: [UI] central quotes disabled for controlled window construction
2026-08-12 16:40:18,909 [DEBUG] core.observability: [structured] {"event": "metric.recorded", "fields": {"metric": "main_window_post_paint_runtime_ms", "recorded_at": 1786524018.9096932, "tags": {}, "unit": "ms", "value": 0.2661000007719849}}
2026-08-12 16:40:18,909 [INFO] core.observability: [事件] main_window.post_paint_runtime | elapsed_ms=0.266 | succeeded=False
2026-08-12 16:40:18,910 [DEBUG] core.observability: [structured] {"event": "metric.recorded", "fields": {"metric": "main_window_post_paint_runtime_ms", "recorded_at": 1786524018.9101622, "tags": {}, "unit": "ms", "value": 0.1733999997668434}}
2026-08-12 16:40:18,910 [INFO] core.observability: [事件] main_window.post_paint_runtime | elapsed_ms=0.173 | succeeded=False
2026-08-12 16:40:18,920 [DEBUG] core.observability: [structured] {"event": "metric.recorded", "fields": {"metric": "main_window_post_paint_runtime_ms", "recorded_at": 1786524018.9200935, "tags": {}, "unit": "ms", "value": 9.63179999962449}}
2026-08-12 16:40:18,920 [INFO] core.observability: [事件] main_window.post_paint_runtime | elapsed_ms=9.632 | succeeded=False
2026-08-12 16:40:18,920 [DEBUG] core.observability: [structured] {"event": "metric.recorded", "fields": {"metric": "main_window_post_paint_runtime_ms", "recorded_at": 1786524018.9207916, "tags": {}, "unit": "ms", "value": 0.10659999952622456}}
2026-08-12 16:40:18,920 [INFO] core.observability: [事件] main_window.post_paint_runtime | elapsed_ms=0.107 | succeeded=False
2026-08-12 16:40:18,921 [DEBUG] core.observability: [structured] {"event": "metric.recorded", "fields": {"metric": "main_window_post_paint_runtime_ms", "recorded_at": 1786524018.921373, "tags": {}, "unit": "ms", "value": 0.12820000029023504}}
2026-08-12 16:40:18,921 [INFO] core.observability: [事件] main_window.post_paint_runtime | elapsed_ms=0.128 | succeeded=False
2026-08-12 16:40:18,922 [DEBUG] core.observability: [structured] {"event": "metric.recorded", "fields": {"metric": "main_window_post_paint_runtime_ms", "recorded_at": 1786524018.9221752, "tags": {}, "unit": "ms", "value": 0.07550000009359792}}
2026-08-12 16:40:18,922 [INFO] core.observability: [事件] main_window.post_paint_runtime | elapsed_ms=0.076 | succeeded=False
2026-08-12 16:40:18,925 [DEBUG] core.observability: [structured] {"event": "metric.recorded", "fields": {"metric": "main_window_post_paint_runtime_ms", "recorded_at": 1786524018.925694, "tags": {}, "unit": "ms", "value": 0.055900000006658956}}
2026-08-12 16:40:18,925 [INFO] core.observability: [事件] main_window.post_paint_runtime | elapsed_ms=0.056 | succeeded=True
2026-08-12 16:40:19,098 [DEBUG] core.observability: [structured] {"event": "metric.recorded", "fields": {"metric": "watchlist_tab_import_ms", "recorded_at": 1786524019.0987525, "tags": {}, "unit": "ms", "value": 38.74759999962407}}
2026-08-12 16:40:19,099 [DEBUG] core.observability: [structured] {"event": "metric.recorded", "fields": {"metric": "watchlist_tab_ui_construct_ms", "recorded_at": 1786524019.0989962, "tags": {}, "unit": "ms", "value": 65.13039999936154}}
2026-08-12 16:40:19,103 [INFO] infra.diagnostics.ui_stall_probe: [事件] ui.stall.method | elapsed_ms=69.463 | method=ClassicWorkspace.ensure_tab_loaded | severity=warn | signal=background_prewarm
2026-08-12 16:40:19,103 [DEBUG] infra.diagnostics.ui_stall_probe: [structured] {"event": "metric.recorded", "fields": {"metric": "ui_method_stall_ms", "recorded_at": 1786524019.1033313, "tags": {"method": "ClassicWorkspace.ensure_tab_loaded", "severity": "warn", "signal": "background_prewarm", "tab": "watchlist"}, "unit": "ms", "value": 69.4632000004276}}
2026-08-12 16:40:19,103 [INFO] infra.diagnostics.ui_stall_probe: [事件] ui.stall.method | elapsed_ms=70.21 | method=ClassicWorkspace._prewarm_next_tab | severity=warn | signal=background_prewarm
2026-08-12 16:40:19,103 [DEBUG] infra.diagnostics.ui_stall_probe: [structured] {"event": "metric.recorded", "fields": {"metric": "ui_method_stall_ms", "recorded_at": 1786524019.1036863, "tags": {"method": "ClassicWorkspace._prewarm_next_tab", "severity": "warn", "signal": "background_prewarm", "tab": ""}, "unit": "ms", "value": 70.21029999941675}}
2026-08-12 16:40:19,113 [INFO] infra.diagnostics.ui_stall_probe: [事件] ui.stall.event_loop | elapsed_ms=55.849 | event_loop_gap_ms=80.849 | method=ClassicWorkspace._prewarm_next_tab | severity=warn
2026-08-12 16:40:19,113 [DEBUG] infra.diagnostics.ui_stall_probe: [structured] {"event": "metric.recorded", "fields": {"metric": "ui_event_loop_stall_ms", "recorded_at": 1786524019.1132524, "tags": {"method": "ClassicWorkspace._prewarm_next_tab", "severity": "warn", "signal": "background_prewarm", "tab": "watchlist"}, "unit": "ms", "value": 55.84939999935159}}
2026-08-12 16:40:19,114 [DEBUG] core.observability: [structured] {"event": "metric.recorded", "fields": {"metric": "watchlist_tab_initial_data_ms", "recorded_at": 1786524019.114864, "tags": {"rows": "47"}, "unit": "ms", "value": 5.605599999398692}}
2026-08-12 16:40:19,124 [DEBUG] core.observability: [structured] {"event": "metric.recorded", "fields": {"metric": "watchlist_membership_reconcile", "recorded_at": 1786524019.1245785, "tags": {"mode": "reset_fallback", "new_rows": "47", "old_rows": "0", "source": "initial_data"}, "unit": "count", "value": 1.0}}
2026-08-12 16:40:19,630 [INFO] core.observability: [指标] watchlist_context_snapshot_capture_ms | 1ms | cached_rows=,candidate_source_rows=,captured_source_rows=,selected_sources=ai_industry_chain,earnings,foreign_block,lhb,na_daily,source_rows=,target_count=47,target_filter=True
2026-08-12 16:40:19,647 [DEBUG] ui.tabs.watchlist_tab: [watchlist] apply 47 metric rows
2026-08-12 16:40:19,807 [DEBUG] core.observability: [structured] {"event": "metric.recorded", "fields": {"metric": "stock_table_update_quotes_ms", "recorded_at": 1786524019.8072672, "tags": {"changed_rows": "47", "model": "StockTableModel", "payload_codes": "47", "scanned_rows": "47"}, "unit": "ms", "value": 1.5222000001813285}}
2026-08-12 16:40:19,807 [DEBUG] core.observability: [structured] {"event": "metric.recorded", "fields": {"metric": "quote_snapshot_apply_ms", "recorded_at": 1786524019.8074498, "tags": {"applied_codes": "47", "changed_rows": "47", "model": "StockTableModel", "payload_codes": "47", "tab": "WatchlistTab"}, "unit": "ms", "value": 1.706000000012864}}
2026-08-12 16:40:19,807 [DEBUG] core.observability: [structured] {"event": "metric.recorded", "fields": {"metric": "watchlist_model_update_ms", "recorded_at": 1786524019.8075526, "tags": {"changed_headers": "买点,市价,市值,涨幅,涨幅%,现价", "mode": "direct", "reason": "quote_snapshot"}, "unit": "ms", "value": 1.9562999996196595}}
2026-08-12 16:40:19,807 [DEBUG] core.observability: [structured] {"event": "metric.recorded", "fields": {"metric": "cache_snapshot_apply_ms", "recorded_at": 1786524019.8076608, "tags": {"changed_rows": "47", "codes": "47", "signal": "cache_snapshot", "tab": "WatchlistTab"}, "unit": "ms", "value": 2.0944999996572733}}
2026-08-12 16:40:19,889 [INFO] ui.workspaces.background_tab_preload: [Workspace] background tab preload finished scope=visible_watchlist_ready completed=1 startup_lazy_handoff=10 failures=[]
2026-08-12 16:40:20,043 [WARNING] infra.diagnostics.ui_stall_probe: [事件] ui.stall.method | delivered_full_viewport=true | dirty_bounding_area_ratio=1.0000 | elapsed_ms=139.727 | method=VCPTableView.paintEvent
2026-08-12 16:40:20,043 [DEBUG] infra.diagnostics.ui_stall_probe: [structured] {"event": "metric.recorded", "fields": {"metric": "ui_method_stall_ms", "recorded_at": 1786524020.0438907, "tags": {"method": "VCPTableView.paintEvent", "severity": "critical", "signal": "preload_reveal", "tab": "watchlist"}, "unit": "ms", "value": 139.72689999991417}}
2026-08-12 16:40:20,044 [DEBUG] core.observability: [structured] {"event": "metric.recorded", "fields": {"metric": "watchlist_table_paint_ms", "recorded_at": 1786524020.04401, "tags": {"background_preload_ready": "true", "background_prewarm_active_key_at_paint": "", "delivered_dirty_bounding_area_ratio": "1.0000", "delivered_full_viewport": "true", "delivery_kind": "structural_full_viewport", "dirty_bounding_area_ratio": "1.0000", "dirty_region_rects": "1", "model_rows": "47", "paint_event_spontaneous": "true", "pending_reasons": "preload_reveal", "preload_staged": "false", "reason": "preload_reveal", "structural_reason": "preload_reveal", "tab": "watchlist", "workspace_load_reason": "restore_last_tab"}, "unit": "ms", "value": 140.09059999989404}}
2026-08-12 16:40:20,044 [DEBUG] core.observability: [structured] {"event": "metric.recorded", "fields": {"metric": "watchlist_table_paint_delay_ms", "recorded_at": 1786524020.0441186, "tags": {"background_preload_ready": "true", "background_prewarm_active_key_at_paint": "", "delivered_dirty_bounding_area_ratio": "1.0000", "delivered_full_viewport": "true", "delivery_kind": "structural_full_viewport", "dirty_bounding_area_ratio": "1.0000", "dirty_region_rects": "1", "model_rows": "47", "paint_event_spontaneous": "true", "pending_reasons": "preload_reveal", "preload_staged": "false", "reason": "preload_reveal", "structural_reason": "preload_reveal", "tab": "watchlist", "workspace_load_reason": "restore_last_tab"}, "unit": "ms", "value": 38.99420000016107}}
2026-08-12 16:40:20,150 [INFO] infra.diagnostics.ui_stall_probe: [事件] ui.stall.method | delivered_full_viewport=true | dirty_bounding_area_ratio=1.0000 | elapsed_ms=95.009 | method=VCPTableView.paintEvent
2026-08-12 16:40:20,150 [DEBUG] infra.diagnostics.ui_stall_probe: [structured] {"event": "metric.recorded", "fields": {"metric": "ui_method_stall_ms", "recorded_at": 1786524020.1505878, "tags": {"method": "VCPTableView.paintEvent", "severity": "warn", "signal": "other", "tab": "watchlist"}, "unit": "ms", "value": 95.00879999995959}}
2026-08-12 16:40:20,150 [DEBUG] core.observability: [structured] {"event": "metric.recorded", "fields": {"metric": "watchlist_table_paint_ms", "recorded_at": 1786524020.150707, "tags": {"background_preload_ready": "true", "background_prewarm_active_key_at_paint": "", "delivered_dirty_bounding_area_ratio": "1.0000", "delivered_full_viewport": "true", "delivery_kind": "full_viewport", "dirty_bounding_area_ratio": "1.0000", "dirty_region_rects": "1", "paint_event_spontaneous": "true", "preload_staged": "false", "reason": "other", "tab": "watchlist", "workspace_load_reason": "restore_last_tab"}, "unit": "ms", "value": 95.3773999999612}}
2026-08-12 16:40:20,255 [INFO] infra.diagnostics.ui_stall_probe: [事件] ui.stall.method | delivered_full_viewport=true | dirty_bounding_area_ratio=1.0000 | elapsed_ms=94.768 | method=VCPTableView.paintEvent
2026-08-12 16:40:20,255 [DEBUG] infra.diagnostics.ui_stall_probe: [structured] {"event": "metric.recorded", "fields": {"metric": "ui_method_stall_ms", "recorded_at": 1786524020.2553902, "tags": {"method": "VCPTableView.paintEvent", "severity": "warn", "signal": "other", "tab": "watchlist"}, "unit": "ms", "value": 94.76769999946555}}
2026-08-12 16:40:20,255 [DEBUG] core.observability: [structured] {"event": "metric.recorded", "fields": {"metric": "watchlist_table_paint_ms", "recorded_at": 1786524020.2555118, "tags": {"background_preload_ready": "true", "background_prewarm_active_key_at_paint": "", "delivered_dirty_bounding_area_ratio": "1.0000", "delivered_full_viewport": "true", "delivery_kind": "full_viewport", "dirty_bounding_area_ratio": "1.0000", "dirty_region_rects": "1", "paint_event_spontaneous": "true", "preload_staged": "false", "reason": "other", "tab": "watchlist", "workspace_load_reason": "restore_last_tab"}, "unit": "ms", "value": 95.13089999927615}}
2026-08-12 16:40:21,392 [DEBUG] core.observability: [structured] {"event": "metric.recorded", "fields": {"metric": "kline_webengine_preflight_shutdown_ms", "recorded_at": 1786524021.3928666, "tags": {"clean": "true"}, "unit": "ms", "value": 0.004599999556376133}}
2026-08-12 16:40:21,393 [INFO] core.observability: [事件] kline.webengine_preflight_shutdown | clean=True | elapsed_ms=0.005
2026-08-12 16:40:21,393 [INFO] core.observability: [事件] kline.manager_shutdown | active_close_attempted=0 | active_close_clean=True | active_close_succeeded=0 | active_fallback_disposed=0
2026-08-12 16:40:21,410 [INFO] ui.main_window_qt: [watchdog] watchdog.stopped | pid=4804 | rss=268MB | private=273MB | wset=268MB | vms=273MB | threads=37 | source=psutil
2026-08-12 16:40:21,452 [INFO] infra.storage.data_store: [DataStore] SQLite 连接已关闭
