2026-08-12 16:35:19,074 [INFO] core.observability: [事件] settings.schema_migrated | application=NativeWatchlistProfile_22760_1786523717934170000 | description=bootstrap centralized settings repository | from_version=0 | organization=VCPHunterDiagnostics
2026-08-12 16:35:19,144 [INFO] ui.main_window_qt: [watchdog] watchdog.started | pid=22760 | rss=134MB | private=134MB | wset=134MB | vms=134MB | threads=10 | source=psutil
2026-08-12 16:35:19,150 [INFO] ui.main_window_qt: [watchdog] main_window.init.begin | pid=22760 | rss=135MB | private=134MB | wset=135MB | vms=134MB | threads=10 | source=psutil
2026-08-12 16:35:19,213 [INFO] infra.storage.data_store: [DataStore] SQLite 存储已就绪: D:\vcp_hunter_runtime_ab\20260812_layout_sender_trace\freeze_window_timers\profile.db
2026-08-12 16:35:19,579 [WARNING] infra.diagnostics.ui_stall_probe: [事件] ui.stall.method | elapsed_ms=346.71 | method=MainWindowQT.create_workspace | severity=critical | threshold_ms=100.0
2026-08-12 16:35:19,580 [DEBUG] infra.diagnostics.ui_stall_probe: [structured] {"event": "metric.recorded", "fields": {"metric": "ui_method_stall_ms", "recorded_at": 1786523719.580189, "tags": {"method": "MainWindowQT.create_workspace", "severity": "critical", "signal": "", "tab": ""}, "unit": "ms", "value": 346.7098999999507}}
2026-08-12 16:35:19,606 [DEBUG] core.observability: [structured] {"event": "metric.recorded", "fields": {"metric": "workspace_mount_ms", "recorded_at": 1786523719.6066852, "tags": {"workspace_mode": "classic"}, "unit": "ms", "value": 427.47739999958867}}
2026-08-12 16:35:19,606 [INFO] core.observability: [启动] 工作区已加载 | 11页 | 427ms
2026-08-12 16:35:19,641 [INFO] ui.main_window_qt: [startup] auto refresh scheduler disabled for controlled window construction
2026-08-12 16:35:19,648 [INFO] ui.main_window_qt: [watchdog] main_window.init.ready | pid=22760 | rss=196MB | private=161MB | wset=196MB | vms=161MB | threads=11 | source=psutil
2026-08-12 16:35:19,849 [WARNING] infra.diagnostics.ui_stall_probe: [事件] ui.stall.event_loop | elapsed_ms=671.806 | event_loop_gap_ms=696.806 | severity=critical | tab=watchlist
2026-08-12 16:35:19,849 [DEBUG] infra.diagnostics.ui_stall_probe: [structured] {"event": "metric.recorded", "fields": {"metric": "ui_event_loop_stall_ms", "recorded_at": 1786523719.849698, "tags": {"method": "", "severity": "critical", "signal": "", "tab": "watchlist"}, "unit": "ms", "value": 671.8063000003895}}
2026-08-12 16:35:19,864 [DEBUG] core.observability: [structured] {"event": "metric.recorded", "fields": {"metric": "main_window_first_paint_ms", "recorded_at": 1786523719.8641741, "tags": {}, "unit": "ms", "value": 752.0032000002175}}
2026-08-12 16:35:19,864 [INFO] core.observability: [启动] 主界面已显示 | 752ms
2026-08-12 16:35:19,886 [DEBUG] core.observability: [structured] {"event": "metric.recorded", "fields": {"metric": "main_window_post_paint_runtime_ms", "recorded_at": 1786523719.8860226, "tags": {}, "unit": "ms", "value": 1.2971999994988437}}
2026-08-12 16:35:19,886 [INFO] core.observability: [事件] main_window.post_paint_runtime | elapsed_ms=1.297 | succeeded=False
2026-08-12 16:35:19,895 [DEBUG] core.observability: [structured] {"event": "metric.recorded", "fields": {"metric": "main_window_post_paint_runtime_ms", "recorded_at": 1786523719.8954084, "tags": {}, "unit": "ms", "value": 1.2637999998332816}}
2026-08-12 16:35:19,895 [INFO] core.observability: [事件] main_window.post_paint_runtime | elapsed_ms=1.264 | succeeded=False
2026-08-12 16:35:19,977 [INFO] infra.market_data.tdx_data_provider: [启动] 已启用通达信本地K线数据: D:\HT\vipdoc
2026-08-12 16:35:19,978 [INFO] infra.market_data.tdx_data_provider: [启动] gbbq 复权缓存改为按需加载
2026-08-12 16:35:19,978 [WARNING] infra.market_data.tdx_data_provider: [启动] 离线模式启动：跳过联网检测，使用本地数据
2026-08-12 16:35:20,013 [INFO] vcp.data_provider_history_mixin: [名称映射] 已从缓存载入 52882 条标的名称
2026-08-12 16:35:20,035 [DEBUG] core.observability: [structured] {"event": "metric.recorded", "fields": {"metric": "main_window_post_paint_runtime_ms", "recorded_at": 1786523720.035497, "tags": {}, "unit": "ms", "value": 0.2016000007643015}}
2026-08-12 16:35:20,035 [INFO] core.observability: [事件] main_window.post_paint_runtime | elapsed_ms=0.202 | succeeded=False
2026-08-12 16:35:20,041 [DEBUG] core.observability: [structured] {"event": "metric.recorded", "fields": {"metric": "main_window_post_paint_runtime_ms", "recorded_at": 1786523720.0412939, "tags": {}, "unit": "ms", "value": 1.5610999998898478}}
2026-08-12 16:35:20,041 [INFO] core.observability: [事件] main_window.post_paint_runtime | elapsed_ms=1.561 | succeeded=False
2026-08-12 16:35:20,044 [DEBUG] core.observability: [structured] {"event": "metric.recorded", "fields": {"metric": "main_window_post_paint_runtime_ms", "recorded_at": 1786523720.0448303, "tags": {}, "unit": "ms", "value": 3.042999999706808}}
2026-08-12 16:35:20,045 [INFO] core.observability: [事件] main_window.post_paint_runtime | elapsed_ms=3.043 | succeeded=False
2026-08-12 16:35:20,045 [INFO] ui.main_window_qt: [UI] central quotes disabled for controlled window construction
2026-08-12 16:35:20,045 [DEBUG] core.observability: [structured] {"event": "metric.recorded", "fields": {"metric": "main_window_post_paint_runtime_ms", "recorded_at": 1786523720.0456297, "tags": {}, "unit": "ms", "value": 0.2653999999893131}}
2026-08-12 16:35:20,045 [INFO] core.observability: [事件] main_window.post_paint_runtime | elapsed_ms=0.265 | succeeded=False
2026-08-12 16:35:20,046 [DEBUG] core.observability: [structured] {"event": "metric.recorded", "fields": {"metric": "main_window_post_paint_runtime_ms", "recorded_at": 1786523720.0461168, "tags": {}, "unit": "ms", "value": 0.19390000034036348}}
2026-08-12 16:35:20,046 [INFO] core.observability: [事件] main_window.post_paint_runtime | elapsed_ms=0.194 | succeeded=False
2026-08-12 16:35:20,066 [DEBUG] core.observability: [structured] {"event": "metric.recorded", "fields": {"metric": "main_window_post_paint_runtime_ms", "recorded_at": 1786523720.0661302, "tags": {}, "unit": "ms", "value": 19.27129999967292}}
2026-08-12 16:35:20,066 [INFO] core.observability: [事件] main_window.post_paint_runtime | elapsed_ms=19.271 | succeeded=False
2026-08-12 16:35:20,067 [DEBUG] core.observability: [structured] {"event": "metric.recorded", "fields": {"metric": "main_window_post_paint_runtime_ms", "recorded_at": 1786523720.0670629, "tags": {}, "unit": "ms", "value": 0.10699999984353781}}
2026-08-12 16:35:20,067 [INFO] core.observability: [事件] main_window.post_paint_runtime | elapsed_ms=0.107 | succeeded=False
2026-08-12 16:35:20,067 [DEBUG] core.observability: [structured] {"event": "metric.recorded", "fields": {"metric": "main_window_post_paint_runtime_ms", "recorded_at": 1786523720.067682, "tags": {}, "unit": "ms", "value": 0.08649999927001772}}
2026-08-12 16:35:20,067 [INFO] core.observability: [事件] main_window.post_paint_runtime | elapsed_ms=0.086 | succeeded=False
2026-08-12 16:35:20,068 [DEBUG] core.observability: [structured] {"event": "metric.recorded", "fields": {"metric": "main_window_post_paint_runtime_ms", "recorded_at": 1786523720.068195, "tags": {}, "unit": "ms", "value": 0.07040000036795391}}
2026-08-12 16:35:20,068 [INFO] core.observability: [事件] main_window.post_paint_runtime | elapsed_ms=0.07 | succeeded=False
2026-08-12 16:35:20,068 [DEBUG] core.observability: [structured] {"event": "metric.recorded", "fields": {"metric": "main_window_post_paint_runtime_ms", "recorded_at": 1786523720.068644, "tags": {}, "unit": "ms", "value": 0.0487000006614835}}
2026-08-12 16:35:20,068 [INFO] core.observability: [事件] main_window.post_paint_runtime | elapsed_ms=0.049 | succeeded=True
2026-08-12 16:35:20,246 [DEBUG] core.observability: [structured] {"event": "metric.recorded", "fields": {"metric": "watchlist_tab_import_ms", "recorded_at": 1786523720.246758, "tags": {}, "unit": "ms", "value": 31.546700000035344}}
2026-08-12 16:35:20,246 [DEBUG] core.observability: [structured] {"event": "metric.recorded", "fields": {"metric": "watchlist_tab_ui_construct_ms", "recorded_at": 1786523720.2469375, "tags": {}, "unit": "ms", "value": 65.15590000071825}}
2026-08-12 16:35:20,250 [WARNING] infra.diagnostics.ui_stall_probe: [事件] ui.stall.method | elapsed_ms=102.958 | method=ClassicWorkspace.ensure_tab_loaded | severity=critical | signal=background_prewarm
2026-08-12 16:35:20,251 [DEBUG] infra.diagnostics.ui_stall_probe: [structured] {"event": "metric.recorded", "fields": {"metric": "ui_method_stall_ms", "recorded_at": 1786523720.2509508, "tags": {"method": "ClassicWorkspace.ensure_tab_loaded", "severity": "critical", "signal": "background_prewarm", "tab": "watchlist"}, "unit": "ms", "value": 102.95790000054694}}
2026-08-12 16:35:20,251 [WARNING] infra.diagnostics.ui_stall_probe: [事件] ui.stall.method | elapsed_ms=103.606 | method=ClassicWorkspace._prewarm_next_tab | severity=critical | signal=background_prewarm
2026-08-12 16:35:20,251 [DEBUG] infra.diagnostics.ui_stall_probe: [structured] {"event": "metric.recorded", "fields": {"metric": "ui_method_stall_ms", "recorded_at": 1786523720.2513225, "tags": {"method": "ClassicWorkspace._prewarm_next_tab", "severity": "critical", "signal": "background_prewarm", "tab": ""}, "unit": "ms", "value": 103.6060999995243}}
2026-08-12 16:35:20,263 [INFO] infra.diagnostics.ui_stall_probe: [事件] ui.stall.event_loop | elapsed_ms=91.59 | event_loop_gap_ms=116.59 | method=ClassicWorkspace._prewarm_next_tab | severity=warn
2026-08-12 16:35:20,263 [DEBUG] infra.diagnostics.ui_stall_probe: [structured] {"event": "metric.recorded", "fields": {"metric": "ui_event_loop_stall_ms", "recorded_at": 1786523720.263816, "tags": {"method": "ClassicWorkspace._prewarm_next_tab", "severity": "warn", "signal": "background_prewarm", "tab": "watchlist"}, "unit": "ms", "value": 91.59030000009807}}
2026-08-12 16:35:20,267 [DEBUG] core.observability: [structured] {"event": "metric.recorded", "fields": {"metric": "watchlist_tab_initial_data_ms", "recorded_at": 1786523720.2669811, "tags": {"rows": "47"}, "unit": "ms", "value": 6.400599999324186}}
2026-08-12 16:35:20,268 [DEBUG] core.observability: [structured] {"event": "metric.recorded", "fields": {"metric": "watchlist_membership_reconcile", "recorded_at": 1786523720.268275, "tags": {"mode": "reset_fallback", "new_rows": "47", "old_rows": "0", "source": "initial_data"}, "unit": "count", "value": 1.0}}
2026-08-12 16:35:20,769 [INFO] core.observability: [指标] watchlist_context_snapshot_capture_ms | 1ms | cached_rows=,candidate_source_rows=,captured_source_rows=,selected_sources=ai_industry_chain,earnings,foreign_block,lhb,na_daily,source_rows=,target_count=47,target_filter=True
2026-08-12 16:35:20,788 [DEBUG] ui.tabs.watchlist_tab: [watchlist] apply 47 metric rows
2026-08-12 16:35:20,940 [DEBUG] core.observability: [structured] {"event": "metric.recorded", "fields": {"metric": "stock_table_update_quotes_ms", "recorded_at": 1786523720.9404833, "tags": {"changed_rows": "47", "model": "StockTableModel", "payload_codes": "47", "scanned_rows": "47"}, "unit": "ms", "value": 1.5020999999251217}}
2026-08-12 16:35:20,940 [DEBUG] core.observability: [structured] {"event": "metric.recorded", "fields": {"metric": "quote_snapshot_apply_ms", "recorded_at": 1786523720.9406624, "tags": {"applied_codes": "47", "changed_rows": "47", "model": "StockTableModel", "payload_codes": "47", "tab": "WatchlistTab"}, "unit": "ms", "value": 1.6836000004332163}}
2026-08-12 16:35:20,940 [DEBUG] core.observability: [structured] {"event": "metric.recorded", "fields": {"metric": "watchlist_model_update_ms", "recorded_at": 1786523720.940768, "tags": {"changed_headers": "买点,市价,市值,涨幅,涨幅%,现价", "mode": "direct", "reason": "quote_snapshot"}, "unit": "ms", "value": 1.940499999363965}}
2026-08-12 16:35:20,940 [DEBUG] core.observability: [structured] {"event": "metric.recorded", "fields": {"metric": "cache_snapshot_apply_ms", "recorded_at": 1786523720.9408836, "tags": {"changed_rows": "47", "codes": "47", "signal": "cache_snapshot", "tab": "WatchlistTab"}, "unit": "ms", "value": 2.096999999594118}}
2026-08-12 16:35:21,028 [INFO] ui.workspaces.background_tab_preload: [Workspace] background tab preload finished scope=visible_watchlist_ready completed=1 startup_lazy_handoff=10 failures=[]
2026-08-12 16:35:21,178 [WARNING] infra.diagnostics.ui_stall_probe: [事件] ui.stall.method | delivered_full_viewport=true | dirty_bounding_area_ratio=1.0000 | elapsed_ms=136.504 | method=VCPTableView.paintEvent
2026-08-12 16:35:21,179 [DEBUG] infra.diagnostics.ui_stall_probe: [structured] {"event": "metric.recorded", "fields": {"metric": "ui_method_stall_ms", "recorded_at": 1786523721.1791332, "tags": {"method": "VCPTableView.paintEvent", "severity": "critical", "signal": "preload_reveal", "tab": "watchlist"}, "unit": "ms", "value": 136.5042999996149}}
2026-08-12 16:35:21,179 [DEBUG] core.observability: [structured] {"event": "metric.recorded", "fields": {"metric": "watchlist_table_paint_ms", "recorded_at": 1786523721.179263, "tags": {"background_preload_ready": "true", "background_prewarm_active_key_at_paint": "", "delivered_dirty_bounding_area_ratio": "1.0000", "delivered_full_viewport": "true", "delivery_kind": "structural_full_viewport", "dirty_bounding_area_ratio": "1.0000", "dirty_region_rects": "1", "model_rows": "47", "paint_event_spontaneous": "true", "pending_reasons": "preload_reveal", "preload_staged": "false", "reason": "preload_reveal", "structural_reason": "preload_reveal", "tab": "watchlist", "workspace_load_reason": "restore_last_tab"}, "unit": "ms", "value": 136.94810000015423}}
2026-08-12 16:35:21,179 [DEBUG] core.observability: [structured] {"event": "metric.recorded", "fields": {"metric": "watchlist_table_paint_delay_ms", "recorded_at": 1786523721.1793687, "tags": {"background_preload_ready": "true", "background_prewarm_active_key_at_paint": "", "delivered_dirty_bounding_area_ratio": "1.0000", "delivered_full_viewport": "true", "delivery_kind": "structural_full_viewport", "dirty_bounding_area_ratio": "1.0000", "dirty_region_rects": "1", "model_rows": "47", "paint_event_spontaneous": "true", "pending_reasons": "preload_reveal", "preload_staged": "false", "reason": "preload_reveal", "structural_reason": "preload_reveal", "tab": "watchlist", "workspace_load_reason": "restore_last_tab"}, "unit": "ms", "value": 37.4800999998115}}
2026-08-12 16:35:21,283 [INFO] infra.diagnostics.ui_stall_probe: [事件] ui.stall.method | delivered_full_viewport=true | dirty_bounding_area_ratio=1.0000 | elapsed_ms=92.837 | method=VCPTableView.paintEvent
2026-08-12 16:35:21,283 [DEBUG] infra.diagnostics.ui_stall_probe: [structured] {"event": "metric.recorded", "fields": {"metric": "ui_method_stall_ms", "recorded_at": 1786523721.283457, "tags": {"method": "VCPTableView.paintEvent", "severity": "warn", "signal": "other", "tab": "watchlist"}, "unit": "ms", "value": 92.83659999982774}}
2026-08-12 16:35:21,283 [DEBUG] core.observability: [structured] {"event": "metric.recorded", "fields": {"metric": "watchlist_table_paint_ms", "recorded_at": 1786523721.2835786, "tags": {"background_preload_ready": "true", "background_prewarm_active_key_at_paint": "", "delivered_dirty_bounding_area_ratio": "1.0000", "delivered_full_viewport": "true", "delivery_kind": "full_viewport", "dirty_bounding_area_ratio": "1.0000", "dirty_region_rects": "1", "paint_event_spontaneous": "true", "preload_staged": "false", "reason": "other", "tab": "watchlist", "workspace_load_reason": "restore_last_tab"}, "unit": "ms", "value": 93.20690000004106}}
2026-08-12 16:35:21,389 [INFO] infra.diagnostics.ui_stall_probe: [事件] ui.stall.method | delivered_full_viewport=true | dirty_bounding_area_ratio=1.0000 | elapsed_ms=94.794 | method=VCPTableView.paintEvent
2026-08-12 16:35:21,389 [DEBUG] infra.diagnostics.ui_stall_probe: [structured] {"event": "metric.recorded", "fields": {"metric": "ui_method_stall_ms", "recorded_at": 1786523721.3898058, "tags": {"method": "VCPTableView.paintEvent", "severity": "warn", "signal": "other", "tab": "watchlist"}, "unit": "ms", "value": 94.79409999948984}}
2026-08-12 16:35:21,389 [DEBUG] core.observability: [structured] {"event": "metric.recorded", "fields": {"metric": "watchlist_table_paint_ms", "recorded_at": 1786523721.3899279, "tags": {"background_preload_ready": "true", "background_prewarm_active_key_at_paint": "", "delivered_dirty_bounding_area_ratio": "1.0000", "delivered_full_viewport": "true", "delivery_kind": "full_viewport", "dirty_bounding_area_ratio": "1.0000", "dirty_region_rects": "1", "paint_event_spontaneous": "true", "preload_staged": "false", "reason": "other", "tab": "watchlist", "workspace_load_reason": "restore_last_tab"}, "unit": "ms", "value": 95.16100000018923}}
2026-08-12 16:35:22,532 [DEBUG] core.observability: [structured] {"event": "metric.recorded", "fields": {"metric": "kline_webengine_preflight_shutdown_ms", "recorded_at": 1786523722.5323107, "tags": {"clean": "true"}, "unit": "ms", "value": 0.004900000021734741}}
2026-08-12 16:35:22,532 [INFO] core.observability: [事件] kline.webengine_preflight_shutdown | clean=True | elapsed_ms=0.005
2026-08-12 16:35:22,532 [INFO] core.observability: [事件] kline.manager_shutdown | active_close_attempted=0 | active_close_clean=True | active_close_succeeded=0 | active_fallback_disposed=0
2026-08-12 16:35:22,549 [INFO] ui.main_window_qt: [watchdog] watchdog.stopped | pid=22760 | rss=268MB | private=274MB | wset=268MB | vms=274MB | threads=37 | source=psutil
2026-08-12 16:35:22,606 [INFO] infra.storage.data_store: [DataStore] SQLite 连接已关闭
