2026-08-12 16:40:50,521 [INFO] core.observability: [事件] settings.schema_migrated | application=NativeWatchlistProfile_296_1786524048964319500 | description=bootstrap centralized settings repository | from_version=0 | organization=VCPHunterDiagnostics
2026-08-12 16:40:50,591 [INFO] ui.main_window_qt: [watchdog] watchdog.started | pid=296 | rss=134MB | private=134MB | wset=134MB | vms=134MB | threads=10 | source=psutil
2026-08-12 16:40:50,597 [INFO] ui.main_window_qt: [watchdog] main_window.init.begin | pid=296 | rss=135MB | private=134MB | wset=135MB | vms=134MB | threads=10 | source=psutil
2026-08-12 16:40:50,657 [INFO] infra.storage.data_store: [DataStore] SQLite 存储已就绪: D:\vcp_hunter_runtime_ab\20260812_sizehint_trace\freeze_window_timers_v2\profile.db
2026-08-12 16:40:51,040 [WARNING] infra.diagnostics.ui_stall_probe: [事件] ui.stall.method | elapsed_ms=361.714 | method=MainWindowQT.create_workspace | severity=critical | threshold_ms=100.0
2026-08-12 16:40:51,040 [DEBUG] infra.diagnostics.ui_stall_probe: [structured] {"event": "metric.recorded", "fields": {"metric": "ui_method_stall_ms", "recorded_at": 1786524051.0402975, "tags": {"method": "MainWindowQT.create_workspace", "severity": "critical", "signal": "", "tab": ""}, "unit": "ms", "value": 361.71420000027865}}
2026-08-12 16:40:51,065 [DEBUG] core.observability: [structured] {"event": "metric.recorded", "fields": {"metric": "workspace_mount_ms", "recorded_at": 1786524051.0649385, "tags": {"workspace_mode": "classic"}, "unit": "ms", "value": 440.04539999968983}}
2026-08-12 16:40:51,065 [INFO] core.observability: [启动] 工作区已加载 | 11页 | 440ms
2026-08-12 16:40:51,098 [INFO] ui.main_window_qt: [startup] auto refresh scheduler disabled for controlled window construction
2026-08-12 16:40:51,106 [INFO] ui.main_window_qt: [watchdog] main_window.init.ready | pid=296 | rss=195MB | private=160MB | wset=195MB | vms=160MB | threads=11 | source=psutil
2026-08-12 16:40:51,359 [WARNING] infra.diagnostics.ui_stall_probe: [事件] ui.stall.event_loop | elapsed_ms=734.753 | event_loop_gap_ms=759.753 | severity=critical | tab=watchlist
2026-08-12 16:40:51,359 [DEBUG] infra.diagnostics.ui_stall_probe: [structured] {"event": "metric.recorded", "fields": {"metric": "ui_event_loop_stall_ms", "recorded_at": 1786524051.3592129, "tags": {"method": "", "severity": "critical", "signal": "", "tab": "watchlist"}, "unit": "ms", "value": 734.7533999996813}}
2026-08-12 16:40:51,369 [DEBUG] core.observability: [structured] {"event": "metric.recorded", "fields": {"metric": "main_window_first_paint_ms", "recorded_at": 1786524051.3694782, "tags": {}, "unit": "ms", "value": 810.0185000002966}}
2026-08-12 16:40:51,369 [INFO] core.observability: [启动] 主界面已显示 | 810ms
2026-08-12 16:40:51,389 [DEBUG] core.observability: [structured] {"event": "metric.recorded", "fields": {"metric": "main_window_post_paint_runtime_ms", "recorded_at": 1786524051.3899524, "tags": {}, "unit": "ms", "value": 1.4277000000220141}}
2026-08-12 16:40:51,390 [INFO] core.observability: [事件] main_window.post_paint_runtime | elapsed_ms=1.428 | succeeded=False
2026-08-12 16:40:51,397 [DEBUG] core.observability: [structured] {"event": "metric.recorded", "fields": {"metric": "main_window_post_paint_runtime_ms", "recorded_at": 1786524051.397182, "tags": {}, "unit": "ms", "value": 1.3068999996903585}}
2026-08-12 16:40:51,397 [INFO] core.observability: [事件] main_window.post_paint_runtime | elapsed_ms=1.307 | succeeded=False
2026-08-12 16:40:51,454 [INFO] infra.market_data.tdx_data_provider: [启动] 已启用通达信本地K线数据: D:\HT\vipdoc
2026-08-12 16:40:51,455 [INFO] infra.market_data.tdx_data_provider: [启动] gbbq 复权缓存改为按需加载
2026-08-12 16:40:51,455 [WARNING] infra.market_data.tdx_data_provider: [启动] 离线模式启动：跳过联网检测，使用本地数据
2026-08-12 16:40:51,491 [INFO] vcp.data_provider_history_mixin: [名称映射] 已从缓存载入 52882 条标的名称
2026-08-12 16:40:51,512 [DEBUG] core.observability: [structured] {"event": "metric.recorded", "fields": {"metric": "main_window_post_paint_runtime_ms", "recorded_at": 1786524051.512327, "tags": {}, "unit": "ms", "value": 0.17669999942881986}}
2026-08-12 16:40:51,512 [INFO] core.observability: [事件] main_window.post_paint_runtime | elapsed_ms=0.177 | succeeded=False
2026-08-12 16:40:51,514 [DEBUG] core.observability: [structured] {"event": "metric.recorded", "fields": {"metric": "main_window_post_paint_runtime_ms", "recorded_at": 1786524051.51455, "tags": {}, "unit": "ms", "value": 1.7411999997420935}}
2026-08-12 16:40:51,514 [INFO] core.observability: [事件] main_window.post_paint_runtime | elapsed_ms=1.741 | succeeded=False
2026-08-12 16:40:51,518 [DEBUG] core.observability: [structured] {"event": "metric.recorded", "fields": {"metric": "main_window_post_paint_runtime_ms", "recorded_at": 1786524051.518389, "tags": {}, "unit": "ms", "value": 2.711900000576861}}
2026-08-12 16:40:51,518 [INFO] core.observability: [事件] main_window.post_paint_runtime | elapsed_ms=2.712 | succeeded=False
2026-08-12 16:40:51,519 [INFO] ui.main_window_qt: [UI] central quotes disabled for controlled window construction
2026-08-12 16:40:51,519 [DEBUG] core.observability: [structured] {"event": "metric.recorded", "fields": {"metric": "main_window_post_paint_runtime_ms", "recorded_at": 1786524051.5195775, "tags": {}, "unit": "ms", "value": 0.423899999987043}}
2026-08-12 16:40:51,519 [INFO] core.observability: [事件] main_window.post_paint_runtime | elapsed_ms=0.424 | succeeded=False
2026-08-12 16:40:51,520 [DEBUG] core.observability: [structured] {"event": "metric.recorded", "fields": {"metric": "main_window_post_paint_runtime_ms", "recorded_at": 1786524051.5202959, "tags": {}, "unit": "ms", "value": 0.2038000002357876}}
2026-08-12 16:40:51,520 [INFO] core.observability: [事件] main_window.post_paint_runtime | elapsed_ms=0.204 | succeeded=False
2026-08-12 16:40:51,529 [DEBUG] core.observability: [structured] {"event": "metric.recorded", "fields": {"metric": "main_window_post_paint_runtime_ms", "recorded_at": 1786524051.529619, "tags": {}, "unit": "ms", "value": 8.97409999925003}}
2026-08-12 16:40:51,529 [INFO] core.observability: [事件] main_window.post_paint_runtime | elapsed_ms=8.974 | succeeded=False
2026-08-12 16:40:51,530 [DEBUG] core.observability: [structured] {"event": "metric.recorded", "fields": {"metric": "main_window_post_paint_runtime_ms", "recorded_at": 1786524051.530283, "tags": {}, "unit": "ms", "value": 0.09979999958886765}}
2026-08-12 16:40:51,530 [INFO] core.observability: [事件] main_window.post_paint_runtime | elapsed_ms=0.1 | succeeded=False
2026-08-12 16:40:51,531 [DEBUG] core.observability: [structured] {"event": "metric.recorded", "fields": {"metric": "main_window_post_paint_runtime_ms", "recorded_at": 1786524051.5313013, "tags": {}, "unit": "ms", "value": 0.32190000001719454}}
2026-08-12 16:40:51,531 [INFO] core.observability: [事件] main_window.post_paint_runtime | elapsed_ms=0.322 | succeeded=False
2026-08-12 16:40:51,532 [DEBUG] core.observability: [structured] {"event": "metric.recorded", "fields": {"metric": "main_window_post_paint_runtime_ms", "recorded_at": 1786524051.5325842, "tags": {}, "unit": "ms", "value": 0.12239999978191918}}
2026-08-12 16:40:51,532 [INFO] core.observability: [事件] main_window.post_paint_runtime | elapsed_ms=0.122 | succeeded=False
2026-08-12 16:40:51,536 [DEBUG] core.observability: [structured] {"event": "metric.recorded", "fields": {"metric": "main_window_post_paint_runtime_ms", "recorded_at": 1786524051.5364928, "tags": {}, "unit": "ms", "value": 0.05710000004910398}}
2026-08-12 16:40:51,536 [INFO] core.observability: [事件] main_window.post_paint_runtime | elapsed_ms=0.057 | succeeded=True
2026-08-12 16:40:51,707 [DEBUG] core.observability: [structured] {"event": "metric.recorded", "fields": {"metric": "watchlist_tab_import_ms", "recorded_at": 1786524051.707254, "tags": {}, "unit": "ms", "value": 43.87649999989662}}
2026-08-12 16:40:51,707 [DEBUG] core.observability: [structured] {"event": "metric.recorded", "fields": {"metric": "watchlist_tab_ui_construct_ms", "recorded_at": 1786524051.7074428, "tags": {}, "unit": "ms", "value": 63.647700000728946}}
2026-08-12 16:40:51,710 [INFO] infra.diagnostics.ui_stall_probe: [事件] ui.stall.method | elapsed_ms=66.864 | method=ClassicWorkspace.ensure_tab_loaded | severity=warn | signal=background_prewarm
2026-08-12 16:40:51,710 [DEBUG] infra.diagnostics.ui_stall_probe: [structured] {"event": "metric.recorded", "fields": {"metric": "ui_method_stall_ms", "recorded_at": 1786524051.7106814, "tags": {"method": "ClassicWorkspace.ensure_tab_loaded", "severity": "warn", "signal": "background_prewarm", "tab": "watchlist"}, "unit": "ms", "value": 66.86369999988528}}
2026-08-12 16:40:51,710 [INFO] infra.diagnostics.ui_stall_probe: [事件] ui.stall.method | elapsed_ms=67.388 | method=ClassicWorkspace._prewarm_next_tab | severity=warn | signal=background_prewarm
2026-08-12 16:40:51,711 [DEBUG] infra.diagnostics.ui_stall_probe: [structured] {"event": "metric.recorded", "fields": {"metric": "ui_method_stall_ms", "recorded_at": 1786524051.711065, "tags": {"method": "ClassicWorkspace._prewarm_next_tab", "severity": "warn", "signal": "background_prewarm", "tab": ""}, "unit": "ms", "value": 67.38750000022264}}
2026-08-12 16:40:51,719 [INFO] infra.diagnostics.ui_stall_probe: [事件] ui.stall.event_loop | elapsed_ms=70.064 | event_loop_gap_ms=95.064 | method=ClassicWorkspace._prewarm_next_tab | severity=warn
2026-08-12 16:40:51,719 [DEBUG] infra.diagnostics.ui_stall_probe: [structured] {"event": "metric.recorded", "fields": {"metric": "ui_event_loop_stall_ms", "recorded_at": 1786524051.7195187, "tags": {"method": "ClassicWorkspace._prewarm_next_tab", "severity": "warn", "signal": "background_prewarm", "tab": "watchlist"}, "unit": "ms", "value": 70.06380000038916}}
2026-08-12 16:40:51,721 [DEBUG] core.observability: [structured] {"event": "metric.recorded", "fields": {"metric": "watchlist_tab_initial_data_ms", "recorded_at": 1786524051.7211375, "tags": {"rows": "47"}, "unit": "ms", "value": 5.300099999658414}}
2026-08-12 16:40:51,734 [DEBUG] core.observability: [structured] {"event": "metric.recorded", "fields": {"metric": "watchlist_membership_reconcile", "recorded_at": 1786524051.734706, "tags": {"mode": "reset_fallback", "new_rows": "47", "old_rows": "0", "source": "initial_data"}, "unit": "count", "value": 1.0}}
2026-08-12 16:40:52,235 [INFO] core.observability: [指标] watchlist_context_snapshot_capture_ms | 1ms | cached_rows=,candidate_source_rows=,captured_source_rows=,selected_sources=ai_industry_chain,earnings,foreign_block,lhb,na_daily,source_rows=,target_count=47,target_filter=True
2026-08-12 16:40:52,251 [DEBUG] ui.tabs.watchlist_tab: [watchlist] apply 47 metric rows
2026-08-12 16:40:52,409 [DEBUG] core.observability: [structured] {"event": "metric.recorded", "fields": {"metric": "stock_table_update_quotes_ms", "recorded_at": 1786524052.4097362, "tags": {"changed_rows": "47", "model": "StockTableModel", "payload_codes": "47", "scanned_rows": "47"}, "unit": "ms", "value": 1.478799999858893}}
2026-08-12 16:40:52,409 [DEBUG] core.observability: [structured] {"event": "metric.recorded", "fields": {"metric": "quote_snapshot_apply_ms", "recorded_at": 1786524052.409924, "tags": {"applied_codes": "47", "changed_rows": "47", "model": "StockTableModel", "payload_codes": "47", "tab": "WatchlistTab"}, "unit": "ms", "value": 1.6672000001562992}}
2026-08-12 16:40:52,410 [DEBUG] core.observability: [structured] {"event": "metric.recorded", "fields": {"metric": "watchlist_model_update_ms", "recorded_at": 1786524052.410034, "tags": {"changed_headers": "买点,市价,市值,涨幅,涨幅%,现价", "mode": "direct", "reason": "quote_snapshot"}, "unit": "ms", "value": 1.924499999404361}}
2026-08-12 16:40:52,410 [DEBUG] core.observability: [structured] {"event": "metric.recorded", "fields": {"metric": "cache_snapshot_apply_ms", "recorded_at": 1786524052.4101434, "tags": {"changed_rows": "47", "codes": "47", "signal": "cache_snapshot", "tab": "WatchlistTab"}, "unit": "ms", "value": 2.0659000001614913}}
2026-08-12 16:40:52,517 [INFO] ui.workspaces.background_tab_preload: [Workspace] background tab preload finished scope=visible_watchlist_ready completed=1 startup_lazy_handoff=10 failures=[]
2026-08-12 16:40:52,663 [WARNING] infra.diagnostics.ui_stall_probe: [事件] ui.stall.method | delivered_full_viewport=true | dirty_bounding_area_ratio=1.0000 | elapsed_ms=134.115 | method=VCPTableView.paintEvent
2026-08-12 16:40:52,663 [DEBUG] infra.diagnostics.ui_stall_probe: [structured] {"event": "metric.recorded", "fields": {"metric": "ui_method_stall_ms", "recorded_at": 1786524052.663665, "tags": {"method": "VCPTableView.paintEvent", "severity": "critical", "signal": "preload_reveal", "tab": "watchlist"}, "unit": "ms", "value": 134.11489999998594}}
2026-08-12 16:40:52,663 [DEBUG] core.observability: [structured] {"event": "metric.recorded", "fields": {"metric": "watchlist_table_paint_ms", "recorded_at": 1786524052.6638186, "tags": {"background_preload_ready": "true", "background_prewarm_active_key_at_paint": "", "delivered_dirty_bounding_area_ratio": "1.0000", "delivered_full_viewport": "true", "delivery_kind": "structural_full_viewport", "dirty_bounding_area_ratio": "1.0000", "dirty_region_rects": "1", "model_rows": "47", "paint_event_spontaneous": "true", "pending_reasons": "preload_reveal", "preload_staged": "false", "reason": "preload_reveal", "structural_reason": "preload_reveal", "tab": "watchlist", "workspace_load_reason": "restore_last_tab"}, "unit": "ms", "value": 134.51009999971575}}
2026-08-12 16:40:52,663 [DEBUG] core.observability: [structured] {"event": "metric.recorded", "fields": {"metric": "watchlist_table_paint_delay_ms", "recorded_at": 1786524052.6639416, "tags": {"background_preload_ready": "true", "background_prewarm_active_key_at_paint": "", "delivered_dirty_bounding_area_ratio": "1.0000", "delivered_full_viewport": "true", "delivery_kind": "structural_full_viewport", "dirty_bounding_area_ratio": "1.0000", "dirty_region_rects": "1", "model_rows": "47", "paint_event_spontaneous": "true", "pending_reasons": "preload_reveal", "preload_staged": "false", "reason": "preload_reveal", "structural_reason": "preload_reveal", "tab": "watchlist", "workspace_load_reason": "restore_last_tab"}, "unit": "ms", "value": 37.69780000038736}}
2026-08-12 16:40:52,773 [INFO] infra.diagnostics.ui_stall_probe: [事件] ui.stall.method | delivered_full_viewport=true | dirty_bounding_area_ratio=1.0000 | elapsed_ms=97.804 | method=VCPTableView.paintEvent
2026-08-12 16:40:52,773 [DEBUG] infra.diagnostics.ui_stall_probe: [structured] {"event": "metric.recorded", "fields": {"metric": "ui_method_stall_ms", "recorded_at": 1786524052.7733252, "tags": {"method": "VCPTableView.paintEvent", "severity": "warn", "signal": "other", "tab": "watchlist"}, "unit": "ms", "value": 97.80369999953109}}
2026-08-12 16:40:52,773 [DEBUG] core.observability: [structured] {"event": "metric.recorded", "fields": {"metric": "watchlist_table_paint_ms", "recorded_at": 1786524052.7734463, "tags": {"background_preload_ready": "true", "background_prewarm_active_key_at_paint": "", "delivered_dirty_bounding_area_ratio": "1.0000", "delivered_full_viewport": "true", "delivery_kind": "full_viewport", "dirty_bounding_area_ratio": "1.0000", "dirty_region_rects": "1", "paint_event_spontaneous": "true", "preload_staged": "false", "reason": "other", "tab": "watchlist", "workspace_load_reason": "restore_last_tab"}, "unit": "ms", "value": 98.1846000004225}}
2026-08-12 16:40:52,877 [INFO] infra.diagnostics.ui_stall_probe: [事件] ui.stall.method | delivered_full_viewport=true | dirty_bounding_area_ratio=1.0000 | elapsed_ms=94.504 | method=VCPTableView.paintEvent
2026-08-12 16:40:52,877 [DEBUG] infra.diagnostics.ui_stall_probe: [structured] {"event": "metric.recorded", "fields": {"metric": "ui_method_stall_ms", "recorded_at": 1786524052.8778925, "tags": {"method": "VCPTableView.paintEvent", "severity": "warn", "signal": "other", "tab": "watchlist"}, "unit": "ms", "value": 94.5041000004494}}
2026-08-12 16:40:52,878 [DEBUG] core.observability: [structured] {"event": "metric.recorded", "fields": {"metric": "watchlist_table_paint_ms", "recorded_at": 1786524052.87802, "tags": {"background_preload_ready": "true", "background_prewarm_active_key_at_paint": "", "delivered_dirty_bounding_area_ratio": "1.0000", "delivered_full_viewport": "true", "delivery_kind": "full_viewport", "dirty_bounding_area_ratio": "1.0000", "dirty_region_rects": "1", "paint_event_spontaneous": "true", "preload_staged": "false", "reason": "other", "tab": "watchlist", "workspace_load_reason": "restore_last_tab"}, "unit": "ms", "value": 94.88359999977547}}
2026-08-12 16:40:54,019 [DEBUG] core.observability: [structured] {"event": "metric.recorded", "fields": {"metric": "kline_webengine_preflight_shutdown_ms", "recorded_at": 1786524054.0198393, "tags": {"clean": "true"}, "unit": "ms", "value": 0.004599999556376133}}
2026-08-12 16:40:54,020 [INFO] core.observability: [事件] kline.webengine_preflight_shutdown | clean=True | elapsed_ms=0.005
2026-08-12 16:40:54,020 [INFO] core.observability: [事件] kline.manager_shutdown | active_close_attempted=0 | active_close_clean=True | active_close_succeeded=0 | active_fallback_disposed=0
2026-08-12 16:40:54,032 [INFO] ui.main_window_qt: [watchdog] watchdog.stopped | pid=296 | rss=267MB | private=270MB | wset=267MB | vms=270MB | threads=37 | source=psutil
2026-08-12 16:40:54,074 [INFO] infra.storage.data_store: [DataStore] SQLite 连接已关闭
