2026-08-12 16:46:30,199 [INFO] core.observability: [事件] settings.schema_migrated | application=NativeWatchlistProfile_12412_1786524389056251000 | description=bootstrap centralized settings repository | from_version=0 | organization=VCPHunterDiagnostics
2026-08-12 16:46:30,281 [INFO] ui.main_window_qt: [watchdog] watchdog.started | pid=12412 | rss=134MB | private=133MB | wset=134MB | vms=133MB | threads=10 | source=psutil
2026-08-12 16:46:30,286 [INFO] ui.main_window_qt: [watchdog] main_window.init.begin | pid=12412 | rss=134MB | private=134MB | wset=134MB | vms=134MB | threads=10 | source=psutil
2026-08-12 16:46:30,347 [INFO] infra.storage.data_store: [DataStore] SQLite 存储已就绪: D:\vcp_hunter_runtime_ab\20260812_layout_prelayout_ab\post_mount_layouts\post_workspace_layout\profile.db
2026-08-12 16:46:30,716 [WARNING] infra.diagnostics.ui_stall_probe: [事件] ui.stall.method | elapsed_ms=346.69 | method=MainWindowQT.create_workspace | severity=critical | threshold_ms=100.0
2026-08-12 16:46:30,716 [DEBUG] infra.diagnostics.ui_stall_probe: [structured] {"event": "metric.recorded", "fields": {"metric": "ui_method_stall_ms", "recorded_at": 1786524390.716785, "tags": {"method": "MainWindowQT.create_workspace", "severity": "critical", "signal": "", "tab": ""}, "unit": "ms", "value": 346.69040000062523}}
2026-08-12 16:46:30,746 [DEBUG] core.observability: [structured] {"event": "metric.recorded", "fields": {"metric": "workspace_mount_ms", "recorded_at": 1786524390.7468636, "tags": {"workspace_mode": "classic"}, "unit": "ms", "value": 433.3584999994855}}
2026-08-12 16:46:30,747 [INFO] core.observability: [启动] 工作区已加载 | 11页 | 433ms
2026-08-12 16:46:30,783 [INFO] ui.main_window_qt: [startup] auto refresh scheduler disabled for controlled window construction
2026-08-12 16:46:30,791 [INFO] ui.main_window_qt: [watchdog] main_window.init.ready | pid=12412 | rss=195MB | private=161MB | wset=195MB | vms=161MB | threads=11 | source=psutil
2026-08-12 16:46:30,992 [WARNING] infra.diagnostics.ui_stall_probe: [事件] ui.stall.event_loop | elapsed_ms=679.962 | event_loop_gap_ms=704.962 | severity=critical | tab=watchlist
2026-08-12 16:46:30,993 [DEBUG] infra.diagnostics.ui_stall_probe: [structured] {"event": "metric.recorded", "fields": {"metric": "ui_event_loop_stall_ms", "recorded_at": 1786524390.9932096, "tags": {"method": "", "severity": "critical", "signal": "", "tab": "watchlist"}, "unit": "ms", "value": 679.961600000388}}
2026-08-12 16:46:31,001 [DEBUG] core.observability: [structured] {"event": "metric.recorded", "fields": {"metric": "main_window_first_paint_ms", "recorded_at": 1786524391.0014195, "tags": {}, "unit": "ms", "value": 752.3680000003878}}
2026-08-12 16:46:31,001 [INFO] core.observability: [启动] 主界面已显示 | 752ms
2026-08-12 16:46:31,023 [DEBUG] core.observability: [structured] {"event": "metric.recorded", "fields": {"metric": "main_window_post_paint_runtime_ms", "recorded_at": 1786524391.0235171, "tags": {}, "unit": "ms", "value": 1.298500000302738}}
2026-08-12 16:46:31,023 [INFO] core.observability: [事件] main_window.post_paint_runtime | elapsed_ms=1.299 | succeeded=False
2026-08-12 16:46:31,031 [DEBUG] core.observability: [structured] {"event": "metric.recorded", "fields": {"metric": "main_window_post_paint_runtime_ms", "recorded_at": 1786524391.031037, "tags": {}, "unit": "ms", "value": 1.277000000300177}}
2026-08-12 16:46:31,031 [INFO] core.observability: [事件] main_window.post_paint_runtime | elapsed_ms=1.277 | succeeded=False
2026-08-12 16:46:31,109 [INFO] infra.market_data.tdx_data_provider: [启动] 已启用通达信本地K线数据: D:\HT\vipdoc
2026-08-12 16:46:31,110 [INFO] infra.market_data.tdx_data_provider: [启动] gbbq 复权缓存改为按需加载
2026-08-12 16:46:31,110 [WARNING] infra.market_data.tdx_data_provider: [启动] 离线模式启动：跳过联网检测，使用本地数据
2026-08-12 16:46:31,146 [INFO] vcp.data_provider_history_mixin: [名称映射] 已从缓存载入 52882 条标的名称
2026-08-12 16:46:31,167 [DEBUG] core.observability: [structured] {"event": "metric.recorded", "fields": {"metric": "main_window_post_paint_runtime_ms", "recorded_at": 1786524391.1674023, "tags": {}, "unit": "ms", "value": 0.2012999993894482}}
2026-08-12 16:46:31,167 [INFO] core.observability: [事件] main_window.post_paint_runtime | elapsed_ms=0.201 | succeeded=False
2026-08-12 16:46:31,170 [DEBUG] core.observability: [structured] {"event": "metric.recorded", "fields": {"metric": "main_window_post_paint_runtime_ms", "recorded_at": 1786524391.1701446, "tags": {}, "unit": "ms", "value": 1.6224000000875094}}
2026-08-12 16:46:31,170 [INFO] core.observability: [事件] main_window.post_paint_runtime | elapsed_ms=1.622 | succeeded=False
2026-08-12 16:46:31,172 [DEBUG] core.observability: [structured] {"event": "metric.recorded", "fields": {"metric": "main_window_post_paint_runtime_ms", "recorded_at": 1786524391.1726665, "tags": {}, "unit": "ms", "value": 2.03959999998915}}
2026-08-12 16:46:31,172 [INFO] core.observability: [事件] main_window.post_paint_runtime | elapsed_ms=2.04 | succeeded=False
2026-08-12 16:46:31,173 [INFO] ui.main_window_qt: [UI] central quotes disabled for controlled window construction
2026-08-12 16:46:31,173 [DEBUG] core.observability: [structured] {"event": "metric.recorded", "fields": {"metric": "main_window_post_paint_runtime_ms", "recorded_at": 1786524391.1735868, "tags": {}, "unit": "ms", "value": 0.4104999998162384}}
2026-08-12 16:46:31,173 [INFO] core.observability: [事件] main_window.post_paint_runtime | elapsed_ms=0.41 | succeeded=False
2026-08-12 16:46:31,174 [DEBUG] core.observability: [structured] {"event": "metric.recorded", "fields": {"metric": "main_window_post_paint_runtime_ms", "recorded_at": 1786524391.174593, "tags": {}, "unit": "ms", "value": 0.23969999983819434}}
2026-08-12 16:46:31,174 [INFO] core.observability: [事件] main_window.post_paint_runtime | elapsed_ms=0.24 | succeeded=False
2026-08-12 16:46:31,189 [DEBUG] core.observability: [structured] {"event": "metric.recorded", "fields": {"metric": "main_window_post_paint_runtime_ms", "recorded_at": 1786524391.1894634, "tags": {}, "unit": "ms", "value": 10.48979999995936}}
2026-08-12 16:46:31,189 [INFO] core.observability: [事件] main_window.post_paint_runtime | elapsed_ms=10.49 | succeeded=False
2026-08-12 16:46:31,190 [DEBUG] core.observability: [structured] {"event": "metric.recorded", "fields": {"metric": "main_window_post_paint_runtime_ms", "recorded_at": 1786524391.1905034, "tags": {}, "unit": "ms", "value": 0.3463000002739136}}
2026-08-12 16:46:31,190 [INFO] core.observability: [事件] main_window.post_paint_runtime | elapsed_ms=0.346 | succeeded=False
2026-08-12 16:46:31,191 [DEBUG] core.observability: [structured] {"event": "metric.recorded", "fields": {"metric": "main_window_post_paint_runtime_ms", "recorded_at": 1786524391.191295, "tags": {}, "unit": "ms", "value": 0.08120000074995914}}
2026-08-12 16:46:31,191 [INFO] core.observability: [事件] main_window.post_paint_runtime | elapsed_ms=0.081 | succeeded=False
2026-08-12 16:46:31,191 [DEBUG] core.observability: [structured] {"event": "metric.recorded", "fields": {"metric": "main_window_post_paint_runtime_ms", "recorded_at": 1786524391.1917815, "tags": {}, "unit": "ms", "value": 0.10000000020227162}}
2026-08-12 16:46:31,192 [INFO] core.observability: [事件] main_window.post_paint_runtime | elapsed_ms=0.1 | succeeded=False
2026-08-12 16:46:31,192 [DEBUG] core.observability: [structured] {"event": "metric.recorded", "fields": {"metric": "main_window_post_paint_runtime_ms", "recorded_at": 1786524391.1924376, "tags": {}, "unit": "ms", "value": 0.10400000064691994}}
2026-08-12 16:46:31,192 [INFO] core.observability: [事件] main_window.post_paint_runtime | elapsed_ms=0.104 | succeeded=True
2026-08-12 16:46:31,369 [DEBUG] core.observability: [structured] {"event": "metric.recorded", "fields": {"metric": "watchlist_tab_import_ms", "recorded_at": 1786524391.3697674, "tags": {}, "unit": "ms", "value": 15.964600000188511}}
2026-08-12 16:46:31,369 [DEBUG] core.observability: [structured] {"event": "metric.recorded", "fields": {"metric": "watchlist_tab_ui_construct_ms", "recorded_at": 1786524391.3699608, "tags": {}, "unit": "ms", "value": 60.024999999768625}}
2026-08-12 16:46:31,373 [INFO] infra.diagnostics.ui_stall_probe: [事件] ui.stall.method | elapsed_ms=82.488 | method=ClassicWorkspace.ensure_tab_loaded | severity=warn | signal=background_prewarm
2026-08-12 16:46:31,373 [DEBUG] infra.diagnostics.ui_stall_probe: [structured] {"event": "metric.recorded", "fields": {"metric": "ui_method_stall_ms", "recorded_at": 1786524391.373641, "tags": {"method": "ClassicWorkspace.ensure_tab_loaded", "severity": "warn", "signal": "background_prewarm", "tab": "watchlist"}, "unit": "ms", "value": 82.48790000016015}}
2026-08-12 16:46:31,373 [INFO] infra.diagnostics.ui_stall_probe: [事件] ui.stall.method | elapsed_ms=83.054 | method=ClassicWorkspace._prewarm_next_tab | severity=warn | signal=background_prewarm
2026-08-12 16:46:31,373 [DEBUG] infra.diagnostics.ui_stall_probe: [structured] {"event": "metric.recorded", "fields": {"metric": "ui_method_stall_ms", "recorded_at": 1786524391.3739624, "tags": {"method": "ClassicWorkspace._prewarm_next_tab", "severity": "warn", "signal": "background_prewarm", "tab": ""}, "unit": "ms", "value": 83.05389999986801}}
2026-08-12 16:46:31,384 [INFO] infra.diagnostics.ui_stall_probe: [事件] ui.stall.event_loop | elapsed_ms=69.223 | event_loop_gap_ms=94.223 | method=ClassicWorkspace._prewarm_next_tab | severity=warn
2026-08-12 16:46:31,384 [DEBUG] infra.diagnostics.ui_stall_probe: [structured] {"event": "metric.recorded", "fields": {"metric": "ui_event_loop_stall_ms", "recorded_at": 1786524391.3847854, "tags": {"method": "ClassicWorkspace._prewarm_next_tab", "severity": "warn", "signal": "background_prewarm", "tab": "watchlist"}, "unit": "ms", "value": 69.2228999992949}}
2026-08-12 16:46:31,386 [DEBUG] core.observability: [structured] {"event": "metric.recorded", "fields": {"metric": "watchlist_tab_initial_data_ms", "recorded_at": 1786524391.3862424, "tags": {"rows": "47"}, "unit": "ms", "value": 5.918300000303134}}
2026-08-12 16:46:31,387 [DEBUG] core.observability: [structured] {"event": "metric.recorded", "fields": {"metric": "watchlist_membership_reconcile", "recorded_at": 1786524391.3874102, "tags": {"mode": "reset_fallback", "new_rows": "47", "old_rows": "0", "source": "initial_data"}, "unit": "count", "value": 1.0}}
2026-08-12 16:46:31,877 [INFO] core.observability: [指标] watchlist_context_snapshot_capture_ms | 2ms | cached_rows=,candidate_source_rows=,captured_source_rows=,selected_sources=ai_industry_chain,earnings,foreign_block,lhb,na_daily,source_rows=,target_count=47,target_filter=True
2026-08-12 16:46:31,893 [DEBUG] ui.tabs.watchlist_tab: [watchlist] apply 47 metric rows
2026-08-12 16:46:32,065 [DEBUG] core.observability: [structured] {"event": "metric.recorded", "fields": {"metric": "stock_table_update_quotes_ms", "recorded_at": 1786524392.065682, "tags": {"changed_rows": "47", "model": "StockTableModel", "payload_codes": "47", "scanned_rows": "47"}, "unit": "ms", "value": 1.517499999863503}}
2026-08-12 16:46:32,065 [DEBUG] core.observability: [structured] {"event": "metric.recorded", "fields": {"metric": "quote_snapshot_apply_ms", "recorded_at": 1786524392.0658565, "tags": {"applied_codes": "47", "changed_rows": "47", "model": "StockTableModel", "payload_codes": "47", "tab": "WatchlistTab"}, "unit": "ms", "value": 1.6940999994403683}}
2026-08-12 16:46:32,065 [DEBUG] core.observability: [structured] {"event": "metric.recorded", "fields": {"metric": "watchlist_model_update_ms", "recorded_at": 1786524392.0659611, "tags": {"changed_headers": "买点,市价,市值,涨幅,涨幅%,现价", "mode": "direct", "reason": "quote_snapshot"}, "unit": "ms", "value": 1.9402999996600556}}
2026-08-12 16:46:32,066 [DEBUG] core.observability: [structured] {"event": "metric.recorded", "fields": {"metric": "cache_snapshot_apply_ms", "recorded_at": 1786524392.0660782, "tags": {"changed_rows": "47", "codes": "47", "signal": "cache_snapshot", "tab": "WatchlistTab"}, "unit": "ms", "value": 2.088700000058452}}
2026-08-12 16:46:32,146 [INFO] ui.workspaces.background_tab_preload: [Workspace] background tab preload finished scope=visible_watchlist_ready completed=1 startup_lazy_handoff=10 failures=[]
2026-08-12 16:46:32,294 [WARNING] infra.diagnostics.ui_stall_probe: [事件] ui.stall.method | delivered_full_viewport=true | dirty_bounding_area_ratio=1.0000 | elapsed_ms=138.197 | method=VCPTableView.paintEvent
2026-08-12 16:46:32,294 [DEBUG] infra.diagnostics.ui_stall_probe: [structured] {"event": "metric.recorded", "fields": {"metric": "ui_method_stall_ms", "recorded_at": 1786524392.2948985, "tags": {"method": "VCPTableView.paintEvent", "severity": "critical", "signal": "preload_reveal", "tab": "watchlist"}, "unit": "ms", "value": 138.1974000005357}}
2026-08-12 16:46:32,295 [DEBUG] core.observability: [structured] {"event": "metric.recorded", "fields": {"metric": "watchlist_table_paint_ms", "recorded_at": 1786524392.2950215, "tags": {"background_preload_ready": "true", "background_prewarm_active_key_at_paint": "", "delivered_dirty_bounding_area_ratio": "1.0000", "delivered_full_viewport": "true", "delivery_kind": "structural_full_viewport", "dirty_bounding_area_ratio": "1.0000", "dirty_region_rects": "1", "model_rows": "47", "paint_event_spontaneous": "true", "pending_reasons": "preload_reveal", "preload_staged": "false", "reason": "preload_reveal", "structural_reason": "preload_reveal", "tab": "watchlist", "workspace_load_reason": "restore_last_tab"}, "unit": "ms", "value": 138.58779999918625}}
2026-08-12 16:46:32,295 [DEBUG] core.observability: [structured] {"event": "metric.recorded", "fields": {"metric": "watchlist_table_paint_delay_ms", "recorded_at": 1786524392.2953444, "tags": {"background_preload_ready": "true", "background_prewarm_active_key_at_paint": "", "delivered_dirty_bounding_area_ratio": "1.0000", "delivered_full_viewport": "true", "delivery_kind": "structural_full_viewport", "dirty_bounding_area_ratio": "1.0000", "dirty_region_rects": "1", "model_rows": "47", "paint_event_spontaneous": "true", "pending_reasons": "preload_reveal", "preload_staged": "false", "reason": "preload_reveal", "structural_reason": "preload_reveal", "tab": "watchlist", "workspace_load_reason": "restore_last_tab"}, "unit": "ms", "value": 31.1520000004748}}
2026-08-12 16:46:32,397 [INFO] infra.diagnostics.ui_stall_probe: [事件] ui.stall.method | delivered_full_viewport=true | dirty_bounding_area_ratio=1.0000 | elapsed_ms=93.487 | method=VCPTableView.paintEvent
2026-08-12 16:46:32,397 [DEBUG] infra.diagnostics.ui_stall_probe: [structured] {"event": "metric.recorded", "fields": {"metric": "ui_method_stall_ms", "recorded_at": 1786524392.3975165, "tags": {"method": "VCPTableView.paintEvent", "severity": "warn", "signal": "other", "tab": "watchlist"}, "unit": "ms", "value": 93.48729999965144}}
2026-08-12 16:46:32,397 [DEBUG] core.observability: [structured] {"event": "metric.recorded", "fields": {"metric": "watchlist_table_paint_ms", "recorded_at": 1786524392.397647, "tags": {"background_preload_ready": "true", "background_prewarm_active_key_at_paint": "", "delivered_dirty_bounding_area_ratio": "1.0000", "delivered_full_viewport": "true", "delivery_kind": "full_viewport", "dirty_bounding_area_ratio": "1.0000", "dirty_region_rects": "1", "paint_event_spontaneous": "true", "preload_staged": "false", "reason": "other", "tab": "watchlist", "workspace_load_reason": "restore_last_tab"}, "unit": "ms", "value": 93.85870000005525}}
2026-08-12 16:46:32,501 [INFO] infra.diagnostics.ui_stall_probe: [事件] ui.stall.method | delivered_full_viewport=true | dirty_bounding_area_ratio=1.0000 | elapsed_ms=96.533 | method=VCPTableView.paintEvent
2026-08-12 16:46:32,502 [DEBUG] infra.diagnostics.ui_stall_probe: [structured] {"event": "metric.recorded", "fields": {"metric": "ui_method_stall_ms", "recorded_at": 1786524392.5019665, "tags": {"method": "VCPTableView.paintEvent", "severity": "warn", "signal": "other", "tab": "watchlist"}, "unit": "ms", "value": 96.53270000035263}}
2026-08-12 16:46:32,502 [DEBUG] core.observability: [structured] {"event": "metric.recorded", "fields": {"metric": "watchlist_table_paint_ms", "recorded_at": 1786524392.5020869, "tags": {"background_preload_ready": "true", "background_prewarm_active_key_at_paint": "", "delivered_dirty_bounding_area_ratio": "1.0000", "delivered_full_viewport": "true", "delivery_kind": "full_viewport", "dirty_bounding_area_ratio": "1.0000", "dirty_region_rects": "1", "paint_event_spontaneous": "true", "preload_staged": "false", "reason": "other", "tab": "watchlist", "workspace_load_reason": "restore_last_tab"}, "unit": "ms", "value": 96.88749999986612}}
2026-08-12 16:46:33,649 [DEBUG] core.observability: [structured] {"event": "metric.recorded", "fields": {"metric": "kline_webengine_preflight_shutdown_ms", "recorded_at": 1786524393.6498995, "tags": {"clean": "true"}, "unit": "ms", "value": 0.004499999704421498}}
2026-08-12 16:46:33,650 [INFO] core.observability: [事件] kline.webengine_preflight_shutdown | clean=True | elapsed_ms=0.004
2026-08-12 16:46:33,650 [INFO] core.observability: [事件] kline.manager_shutdown | active_close_attempted=0 | active_close_clean=True | active_close_succeeded=0 | active_fallback_disposed=0
2026-08-12 16:46:33,664 [INFO] ui.main_window_qt: [watchdog] watchdog.stopped | pid=12412 | rss=267MB | private=273MB | wset=267MB | vms=273MB | threads=37 | source=psutil
2026-08-12 16:46:33,707 [INFO] infra.storage.data_store: [DataStore] SQLite 连接已关闭
