2026-08-12 16:00:47,350 [INFO] core.observability: [事件] settings.schema_migrated | application=NativeWatchlistProfile_9272_1786521645209658500 | description=bootstrap centralized settings repository | from_version=0 | organization=VCPHunterDiagnostics
2026-08-12 16:00:47,424 [INFO] ui.main_window_qt: [watchdog] watchdog.started | pid=9272 | rss=134MB | private=133MB | wset=134MB | vms=133MB | threads=10 | source=psutil
2026-08-12 16:00:47,430 [INFO] ui.main_window_qt: [watchdog] main_window.init.begin | pid=9272 | rss=134MB | private=134MB | wset=134MB | vms=134MB | threads=10 | source=psutil
2026-08-12 16:00:47,491 [INFO] infra.storage.data_store: [DataStore] SQLite 存储已就绪: D:\vcp_hunter_runtime_ab\20260812_qt_effect_ab\baseline\profile.db
2026-08-12 16:00:48,281 [WARNING] infra.diagnostics.ui_stall_probe: [事件] ui.stall.method | elapsed_ms=770.017 | method=MainWindowQT.create_workspace | severity=critical | threshold_ms=100.0
2026-08-12 16:00:48,281 [DEBUG] infra.diagnostics.ui_stall_probe: [structured] {"event": "metric.recorded", "fields": {"metric": "ui_method_stall_ms", "recorded_at": 1786521648.2814076, "tags": {"method": "MainWindowQT.create_workspace", "severity": "critical", "signal": "", "tab": ""}, "unit": "ms", "value": 770.0174999999945}}
2026-08-12 16:00:48,313 [DEBUG] core.observability: [structured] {"event": "metric.recorded", "fields": {"metric": "workspace_mount_ms", "recorded_at": 1786521648.3133912, "tags": {"workspace_mode": "classic"}, "unit": "ms", "value": 855.1532999999836}}
2026-08-12 16:00:48,313 [INFO] core.observability: [启动] 工作区已加载 | 11页 | 855ms
2026-08-12 16:00:48,350 [INFO] ui.main_window_qt: [startup] auto refresh scheduler disabled for controlled window construction
2026-08-12 16:00:48,358 [INFO] ui.main_window_qt: [watchdog] main_window.init.ready | pid=9272 | rss=196MB | private=161MB | wset=196MB | vms=161MB | threads=11 | source=psutil
2026-08-12 16:00:48,540 [WARNING] infra.diagnostics.ui_stall_probe: [事件] ui.stall.event_loop | elapsed_ms=1083.415 | event_loop_gap_ms=1108.415 | severity=critical | tab=watchlist
2026-08-12 16:00:48,541 [DEBUG] infra.diagnostics.ui_stall_probe: [structured] {"event": "metric.recorded", "fields": {"metric": "ui_event_loop_stall_ms", "recorded_at": 1786521648.5410204, "tags": {"method": "", "severity": "critical", "signal": "", "tab": "watchlist"}, "unit": "ms", "value": 1083.4145999998327}}
2026-08-12 16:00:48,547 [DEBUG] core.observability: [structured] {"event": "metric.recorded", "fields": {"metric": "main_window_first_paint_ms", "recorded_at": 1786521648.5476706, "tags": {}, "unit": "ms", "value": 1158.4663000003275}}
2026-08-12 16:00:48,547 [INFO] core.observability: [启动] 主界面已显示 | 1.2秒
2026-08-12 16:00:48,565 [DEBUG] core.observability: [structured] {"event": "metric.recorded", "fields": {"metric": "main_window_post_paint_runtime_ms", "recorded_at": 1786521648.5658004, "tags": {}, "unit": "ms", "value": 1.2993999998798245}}
2026-08-12 16:00:48,566 [INFO] core.observability: [事件] main_window.post_paint_runtime | elapsed_ms=1.299 | succeeded=False
2026-08-12 16:00:48,570 [DEBUG] core.observability: [structured] {"event": "metric.recorded", "fields": {"metric": "main_window_post_paint_runtime_ms", "recorded_at": 1786521648.57067, "tags": {}, "unit": "ms", "value": 1.2962000000698026}}
2026-08-12 16:00:48,570 [INFO] core.observability: [事件] main_window.post_paint_runtime | elapsed_ms=1.296 | succeeded=False
2026-08-12 16:00:48,651 [INFO] infra.market_data.tdx_data_provider: [启动] 已启用通达信本地K线数据: D:\HT\vipdoc
2026-08-12 16:00:48,651 [INFO] infra.market_data.tdx_data_provider: [启动] gbbq 复权缓存改为按需加载
2026-08-12 16:00:48,651 [WARNING] infra.market_data.tdx_data_provider: [启动] 离线模式启动：跳过联网检测，使用本地数据
2026-08-12 16:00:48,689 [INFO] vcp.data_provider_history_mixin: [名称映射] 已从缓存载入 52863 条标的名称
2026-08-12 16:00:48,709 [DEBUG] core.observability: [structured] {"event": "metric.recorded", "fields": {"metric": "main_window_post_paint_runtime_ms", "recorded_at": 1786521648.7089944, "tags": {}, "unit": "ms", "value": 0.1772000000528351}}
2026-08-12 16:00:48,709 [INFO] core.observability: [事件] main_window.post_paint_runtime | elapsed_ms=0.177 | succeeded=False
2026-08-12 16:00:48,713 [DEBUG] core.observability: [structured] {"event": "metric.recorded", "fields": {"metric": "main_window_post_paint_runtime_ms", "recorded_at": 1786521648.713504, "tags": {}, "unit": "ms", "value": 1.512800000000425}}
2026-08-12 16:00:48,713 [INFO] core.observability: [事件] main_window.post_paint_runtime | elapsed_ms=1.513 | succeeded=False
2026-08-12 16:00:48,715 [DEBUG] core.observability: [structured] {"event": "metric.recorded", "fields": {"metric": "main_window_post_paint_runtime_ms", "recorded_at": 1786521648.7158425, "tags": {}, "unit": "ms", "value": 1.9246000001658103}}
2026-08-12 16:00:48,715 [INFO] core.observability: [事件] main_window.post_paint_runtime | elapsed_ms=1.925 | succeeded=False
2026-08-12 16:00:48,716 [INFO] ui.main_window_qt: [UI] central quotes disabled for controlled window construction
2026-08-12 16:00:48,716 [DEBUG] core.observability: [structured] {"event": "metric.recorded", "fields": {"metric": "main_window_post_paint_runtime_ms", "recorded_at": 1786521648.7164574, "tags": {}, "unit": "ms", "value": 0.24830000029396615}}
2026-08-12 16:00:48,716 [INFO] core.observability: [事件] main_window.post_paint_runtime | elapsed_ms=0.248 | succeeded=False
2026-08-12 16:00:48,716 [DEBUG] core.observability: [structured] {"event": "metric.recorded", "fields": {"metric": "main_window_post_paint_runtime_ms", "recorded_at": 1786521648.716952, "tags": {}, "unit": "ms", "value": 0.17769999976735562}}
2026-08-12 16:00:48,717 [INFO] core.observability: [事件] main_window.post_paint_runtime | elapsed_ms=0.178 | succeeded=False
2026-08-12 16:00:48,726 [DEBUG] core.observability: [structured] {"event": "metric.recorded", "fields": {"metric": "main_window_post_paint_runtime_ms", "recorded_at": 1786521648.726767, "tags": {}, "unit": "ms", "value": 9.517099999811762}}
2026-08-12 16:00:48,727 [INFO] core.observability: [事件] main_window.post_paint_runtime | elapsed_ms=9.517 | succeeded=False
2026-08-12 16:00:48,727 [DEBUG] core.observability: [structured] {"event": "metric.recorded", "fields": {"metric": "main_window_post_paint_runtime_ms", "recorded_at": 1786521648.727621, "tags": {}, "unit": "ms", "value": 0.3710000000864966}}
2026-08-12 16:00:48,727 [INFO] core.observability: [事件] main_window.post_paint_runtime | elapsed_ms=0.371 | succeeded=False
2026-08-12 16:00:48,728 [DEBUG] core.observability: [structured] {"event": "metric.recorded", "fields": {"metric": "main_window_post_paint_runtime_ms", "recorded_at": 1786521648.7286417, "tags": {}, "unit": "ms", "value": 0.13110000008964562}}
2026-08-12 16:00:48,728 [INFO] core.observability: [事件] main_window.post_paint_runtime | elapsed_ms=0.131 | succeeded=False
2026-08-12 16:00:48,729 [DEBUG] core.observability: [structured] {"event": "metric.recorded", "fields": {"metric": "main_window_post_paint_runtime_ms", "recorded_at": 1786521648.729174, "tags": {}, "unit": "ms", "value": 0.06759999996575061}}
2026-08-12 16:00:48,729 [INFO] core.observability: [事件] main_window.post_paint_runtime | elapsed_ms=0.068 | succeeded=False
2026-08-12 16:00:48,729 [DEBUG] core.observability: [structured] {"event": "metric.recorded", "fields": {"metric": "main_window_post_paint_runtime_ms", "recorded_at": 1786521648.7295694, "tags": {}, "unit": "ms", "value": 0.04690000014306861}}
2026-08-12 16:00:48,729 [INFO] core.observability: [事件] main_window.post_paint_runtime | elapsed_ms=0.047 | succeeded=True
2026-08-12 16:00:48,899 [DEBUG] core.observability: [structured] {"event": "metric.recorded", "fields": {"metric": "watchlist_tab_import_ms", "recorded_at": 1786521648.8998322, "tags": {}, "unit": "ms", "value": 16.093700000055833}}
2026-08-12 16:00:48,900 [DEBUG] core.observability: [structured] {"event": "metric.recorded", "fields": {"metric": "watchlist_tab_ui_construct_ms", "recorded_at": 1786521648.9000666, "tags": {}, "unit": "ms", "value": 48.86919999989914}}
2026-08-12 16:00:48,903 [INFO] infra.diagnostics.ui_stall_probe: [事件] ui.stall.method | elapsed_ms=71.43 | method=ClassicWorkspace.ensure_tab_loaded | severity=warn | signal=background_prewarm
2026-08-12 16:00:48,904 [DEBUG] infra.diagnostics.ui_stall_probe: [structured] {"event": "metric.recorded", "fields": {"metric": "ui_method_stall_ms", "recorded_at": 1786521648.9040332, "tags": {"method": "ClassicWorkspace.ensure_tab_loaded", "severity": "warn", "signal": "background_prewarm", "tab": "watchlist"}, "unit": "ms", "value": 71.42999999996391}}
2026-08-12 16:00:48,904 [INFO] infra.diagnostics.ui_stall_probe: [事件] ui.stall.method | elapsed_ms=71.912 | method=ClassicWorkspace._prewarm_next_tab | severity=warn | signal=background_prewarm
2026-08-12 16:00:48,904 [DEBUG] infra.diagnostics.ui_stall_probe: [structured] {"event": "metric.recorded", "fields": {"metric": "ui_method_stall_ms", "recorded_at": 1786521648.9044526, "tags": {"method": "ClassicWorkspace._prewarm_next_tab", "severity": "warn", "signal": "background_prewarm", "tab": ""}, "unit": "ms", "value": 71.91160000002128}}
2026-08-12 16:00:48,912 [INFO] infra.diagnostics.ui_stall_probe: [事件] ui.stall.event_loop | elapsed_ms=77.638 | event_loop_gap_ms=102.638 | method=ClassicWorkspace._prewarm_next_tab | severity=warn
2026-08-12 16:00:48,912 [DEBUG] infra.diagnostics.ui_stall_probe: [structured] {"event": "metric.recorded", "fields": {"metric": "ui_event_loop_stall_ms", "recorded_at": 1786521648.9122467, "tags": {"method": "ClassicWorkspace._prewarm_next_tab", "severity": "warn", "signal": "background_prewarm", "tab": "watchlist"}, "unit": "ms", "value": 77.63779999968392}}
2026-08-12 16:00:48,913 [DEBUG] core.observability: [structured] {"event": "metric.recorded", "fields": {"metric": "watchlist_tab_initial_data_ms", "recorded_at": 1786521648.9138205, "tags": {"rows": "47"}, "unit": "ms", "value": 5.776900000000751}}
2026-08-12 16:00:48,914 [DEBUG] core.observability: [structured] {"event": "metric.recorded", "fields": {"metric": "watchlist_membership_reconcile", "recorded_at": 1786521648.9149535, "tags": {"mode": "reset_fallback", "new_rows": "47", "old_rows": "0", "source": "initial_data"}, "unit": "count", "value": 1.0}}
2026-08-12 16:00:49,409 [INFO] core.observability: [指标] watchlist_context_snapshot_capture_ms | 1ms | cached_rows=,candidate_source_rows=,captured_source_rows=,selected_sources=ai_industry_chain,earnings,foreign_block,lhb,na_daily,source_rows=,target_count=47,target_filter=True
2026-08-12 16:00:49,429 [DEBUG] ui.tabs.watchlist_tab: [watchlist] apply 47 metric rows
2026-08-12 16:00:49,580 [DEBUG] core.observability: [structured] {"event": "metric.recorded", "fields": {"metric": "stock_table_update_quotes_ms", "recorded_at": 1786521649.5808566, "tags": {"changed_rows": "47", "model": "StockTableModel", "payload_codes": "47", "scanned_rows": "47"}, "unit": "ms", "value": 1.4351999998325482}}
2026-08-12 16:00:49,581 [DEBUG] core.observability: [structured] {"event": "metric.recorded", "fields": {"metric": "quote_snapshot_apply_ms", "recorded_at": 1786521649.5810256, "tags": {"applied_codes": "47", "changed_rows": "47", "model": "StockTableModel", "payload_codes": "47", "tab": "WatchlistTab"}, "unit": "ms", "value": 1.606199999969249}}
2026-08-12 16:00:49,581 [DEBUG] core.observability: [structured] {"event": "metric.recorded", "fields": {"metric": "watchlist_model_update_ms", "recorded_at": 1786521649.5811281, "tags": {"changed_headers": "买点,市价,市值,涨幅,涨幅%,现价", "mode": "direct", "reason": "quote_snapshot"}, "unit": "ms", "value": 1.8525000000408909}}
2026-08-12 16:00:49,581 [DEBUG] core.observability: [structured] {"event": "metric.recorded", "fields": {"metric": "cache_snapshot_apply_ms", "recorded_at": 1786521649.581265, "tags": {"changed_rows": "47", "codes": "47", "signal": "cache_snapshot", "tab": "WatchlistTab"}, "unit": "ms", "value": 2.017400000113412}}
2026-08-12 16:00:49,679 [INFO] ui.workspaces.background_tab_preload: [Workspace] background tab preload finished scope=visible_watchlist_ready completed=1 startup_lazy_handoff=10 failures=[]
2026-08-12 16:00:49,816 [WARNING] infra.diagnostics.ui_stall_probe: [事件] ui.stall.method | delivered_full_viewport=true | dirty_bounding_area_ratio=1.0000 | elapsed_ms=125.112 | method=VCPTableView.paintEvent
2026-08-12 16:00:49,816 [DEBUG] infra.diagnostics.ui_stall_probe: [structured] {"event": "metric.recorded", "fields": {"metric": "ui_method_stall_ms", "recorded_at": 1786521649.8164766, "tags": {"method": "VCPTableView.paintEvent", "severity": "critical", "signal": "preload_reveal", "tab": "watchlist"}, "unit": "ms", "value": 125.1115000000027}}
2026-08-12 16:00:49,816 [DEBUG] core.observability: [structured] {"event": "metric.recorded", "fields": {"metric": "watchlist_table_paint_ms", "recorded_at": 1786521649.8166308, "tags": {"background_preload_ready": "true", "background_prewarm_active_key_at_paint": "", "delivered_dirty_bounding_area_ratio": "1.0000", "delivered_full_viewport": "true", "delivery_kind": "structural_full_viewport", "dirty_bounding_area_ratio": "1.0000", "dirty_region_rects": "1", "model_rows": "47", "paint_event_spontaneous": "true", "pending_reasons": "preload_reveal", "preload_staged": "false", "reason": "preload_reveal", "structural_reason": "preload_reveal", "tab": "watchlist", "workspace_load_reason": "restore_last_tab"}, "unit": "ms", "value": 125.50929999997607}}
2026-08-12 16:00:49,816 [DEBUG] core.observability: [structured] {"event": "metric.recorded", "fields": {"metric": "watchlist_table_paint_delay_ms", "recorded_at": 1786521649.8167527, "tags": {"background_preload_ready": "true", "background_prewarm_active_key_at_paint": "", "delivered_dirty_bounding_area_ratio": "1.0000", "delivered_full_viewport": "true", "delivery_kind": "structural_full_viewport", "dirty_bounding_area_ratio": "1.0000", "dirty_region_rects": "1", "model_rows": "47", "paint_event_spontaneous": "true", "pending_reasons": "preload_reveal", "preload_staged": "false", "reason": "preload_reveal", "structural_reason": "preload_reveal", "tab": "watchlist", "workspace_load_reason": "restore_last_tab"}, "unit": "ms", "value": 33.23260000024675}}
2026-08-12 16:00:49,819 [WARNING] infra.diagnostics.ui_stall_probe: [事件] ui.stall.event_loop | delivered_full_viewport=true | dirty_bounding_area_ratio=1.0000 | elapsed_ms=137.351 | event_loop_gap_ms=162.351
2026-08-12 16:00:49,819 [DEBUG] infra.diagnostics.ui_stall_probe: [structured] {"event": "metric.recorded", "fields": {"metric": "ui_event_loop_stall_ms", "recorded_at": 1786521649.8199158, "tags": {"method": "VCPTableView.paintEvent", "severity": "critical", "signal": "preload_reveal", "tab": "watchlist"}, "unit": "ms", "value": 137.35069999993357}}
2026-08-12 16:00:49,921 [INFO] infra.diagnostics.ui_stall_probe: [事件] ui.stall.method | delivered_full_viewport=true | dirty_bounding_area_ratio=1.0000 | elapsed_ms=94.212 | method=VCPTableView.paintEvent
2026-08-12 16:00:49,921 [DEBUG] infra.diagnostics.ui_stall_probe: [structured] {"event": "metric.recorded", "fields": {"metric": "ui_method_stall_ms", "recorded_at": 1786521649.9218273, "tags": {"method": "VCPTableView.paintEvent", "severity": "warn", "signal": "other", "tab": "watchlist"}, "unit": "ms", "value": 94.212399999833}}
2026-08-12 16:00:49,921 [DEBUG] core.observability: [structured] {"event": "metric.recorded", "fields": {"metric": "watchlist_table_paint_ms", "recorded_at": 1786521649.9219499, "tags": {"background_preload_ready": "true", "background_prewarm_active_key_at_paint": "", "delivered_dirty_bounding_area_ratio": "1.0000", "delivered_full_viewport": "true", "delivery_kind": "full_viewport", "dirty_bounding_area_ratio": "1.0000", "dirty_region_rects": "1", "paint_event_spontaneous": "true", "preload_staged": "false", "reason": "other", "tab": "watchlist", "workspace_load_reason": "restore_last_tab"}, "unit": "ms", "value": 94.57879999990837}}
2026-08-12 16:00:50,025 [INFO] infra.diagnostics.ui_stall_probe: [事件] ui.stall.method | delivered_full_viewport=true | dirty_bounding_area_ratio=1.0000 | elapsed_ms=93.021 | method=VCPTableView.paintEvent
2026-08-12 16:00:50,025 [DEBUG] infra.diagnostics.ui_stall_probe: [structured] {"event": "metric.recorded", "fields": {"metric": "ui_method_stall_ms", "recorded_at": 1786521650.0257463, "tags": {"method": "VCPTableView.paintEvent", "severity": "warn", "signal": "other", "tab": "watchlist"}, "unit": "ms", "value": 93.0210999999872}}
2026-08-12 16:00:50,025 [DEBUG] core.observability: [structured] {"event": "metric.recorded", "fields": {"metric": "watchlist_table_paint_ms", "recorded_at": 1786521650.0258734, "tags": {"background_preload_ready": "true", "background_prewarm_active_key_at_paint": "", "delivered_dirty_bounding_area_ratio": "1.0000", "delivered_full_viewport": "true", "delivery_kind": "full_viewport", "dirty_bounding_area_ratio": "1.0000", "dirty_region_rects": "1", "paint_event_spontaneous": "true", "preload_staged": "false", "reason": "other", "tab": "watchlist", "workspace_load_reason": "restore_last_tab"}, "unit": "ms", "value": 93.45500000017637}}
2026-08-12 16:00:50,028 [INFO] infra.diagnostics.ui_stall_probe: [事件] ui.stall.event_loop | delivered_full_viewport=true | dirty_bounding_area_ratio=1.0000 | elapsed_ms=77.541 | event_loop_gap_ms=102.541
2026-08-12 16:00:50,029 [DEBUG] infra.diagnostics.ui_stall_probe: [structured] {"event": "metric.recorded", "fields": {"metric": "ui_event_loop_stall_ms", "recorded_at": 1786521650.0290153, "tags": {"method": "VCPTableView.paintEvent", "severity": "warn", "signal": "other", "tab": "watchlist"}, "unit": "ms", "value": 77.54130000021178}}
2026-08-12 16:00:51,183 [DEBUG] core.observability: [structured] {"event": "metric.recorded", "fields": {"metric": "kline_webengine_preflight_shutdown_ms", "recorded_at": 1786521651.1838958, "tags": {"clean": "true"}, "unit": "ms", "value": 0.0047999997150327545}}
2026-08-12 16:00:51,184 [INFO] core.observability: [事件] kline.webengine_preflight_shutdown | clean=True | elapsed_ms=0.005
2026-08-12 16:00:51,184 [INFO] core.observability: [事件] kline.manager_shutdown | active_close_attempted=0 | active_close_clean=True | active_close_succeeded=0 | active_fallback_disposed=0
2026-08-12 16:00:51,203 [INFO] ui.main_window_qt: [watchdog] watchdog.stopped | pid=9272 | rss=258MB | private=263MB | wset=258MB | vms=263MB | threads=25 | source=psutil
2026-08-12 16:00:51,228 [INFO] infra.storage.data_store: [DataStore] SQLite 连接已关闭
