2026-08-12 16:02:29,035 [INFO] core.observability: [事件] settings.schema_migrated | application=NativeWatchlistProfile_27156_1786521747815260100 | description=bootstrap centralized settings repository | from_version=0 | organization=VCPHunterDiagnostics
2026-08-12 16:02:29,118 [INFO] ui.main_window_qt: [watchdog] watchdog.started | pid=27156 | rss=134MB | private=134MB | wset=134MB | vms=134MB | threads=10 | source=psutil
2026-08-12 16:02:29,125 [INFO] ui.main_window_qt: [watchdog] main_window.init.begin | pid=27156 | rss=135MB | private=134MB | wset=135MB | vms=134MB | threads=10 | source=psutil
2026-08-12 16:02:29,194 [INFO] infra.storage.data_store: [DataStore] SQLite 存储已就绪: D:\vcp_hunter_runtime_ab\20260812_qt_effect_ab\all_python_qabstractanimation_stopped\profile.db
2026-08-12 16:02:29,565 [WARNING] infra.diagnostics.ui_stall_probe: [事件] ui.stall.method | elapsed_ms=350.91 | method=MainWindowQT.create_workspace | severity=critical | threshold_ms=100.0
2026-08-12 16:02:29,565 [DEBUG] infra.diagnostics.ui_stall_probe: [structured] {"event": "metric.recorded", "fields": {"metric": "ui_method_stall_ms", "recorded_at": 1786521749.5655, "tags": {"method": "MainWindowQT.create_workspace", "severity": "critical", "signal": "", "tab": ""}, "unit": "ms", "value": 350.909799999954}}
2026-08-12 16:02:29,592 [DEBUG] core.observability: [structured] {"event": "metric.recorded", "fields": {"metric": "workspace_mount_ms", "recorded_at": 1786521749.5928886, "tags": {"workspace_mode": "classic"}, "unit": "ms", "value": 435.8327999998437}}
2026-08-12 16:02:29,593 [INFO] core.observability: [启动] 工作区已加载 | 11页 | 436ms
2026-08-12 16:02:29,629 [INFO] ui.main_window_qt: [startup] auto refresh scheduler disabled for controlled window construction
2026-08-12 16:02:29,637 [INFO] ui.main_window_qt: [watchdog] main_window.init.ready | pid=27156 | rss=194MB | private=160MB | wset=194MB | vms=160MB | threads=11 | source=psutil
2026-08-12 16:02:29,845 [WARNING] infra.diagnostics.ui_stall_probe: [事件] ui.stall.event_loop | elapsed_ms=692.98 | event_loop_gap_ms=717.98 | severity=critical | tab=watchlist
2026-08-12 16:02:29,845 [DEBUG] infra.diagnostics.ui_stall_probe: [structured] {"event": "metric.recorded", "fields": {"metric": "ui_event_loop_stall_ms", "recorded_at": 1786521749.8453064, "tags": {"method": "", "severity": "critical", "signal": "", "tab": "watchlist"}, "unit": "ms", "value": 692.9799000000457}}
2026-08-12 16:02:29,855 [DEBUG] core.observability: [structured] {"event": "metric.recorded", "fields": {"metric": "main_window_first_paint_ms", "recorded_at": 1786521749.8555284, "tags": {}, "unit": "ms", "value": 779.5334000002185}}
2026-08-12 16:02:29,855 [INFO] core.observability: [启动] 主界面已显示 | 780ms
2026-08-12 16:02:29,880 [DEBUG] core.observability: [structured] {"event": "metric.recorded", "fields": {"metric": "main_window_post_paint_runtime_ms", "recorded_at": 1786521749.8800907, "tags": {}, "unit": "ms", "value": 1.2693000003309862}}
2026-08-12 16:02:29,880 [INFO] core.observability: [事件] main_window.post_paint_runtime | elapsed_ms=1.269 | succeeded=False
2026-08-12 16:02:29,886 [DEBUG] core.observability: [structured] {"event": "metric.recorded", "fields": {"metric": "main_window_post_paint_runtime_ms", "recorded_at": 1786521749.8867095, "tags": {}, "unit": "ms", "value": 1.256099999864091}}
2026-08-12 16:02:29,886 [INFO] core.observability: [事件] main_window.post_paint_runtime | elapsed_ms=1.256 | succeeded=False
2026-08-12 16:02:29,972 [INFO] infra.market_data.tdx_data_provider: [启动] 已启用通达信本地K线数据: D:\HT\vipdoc
2026-08-12 16:02:29,972 [INFO] infra.market_data.tdx_data_provider: [启动] gbbq 复权缓存改为按需加载
2026-08-12 16:02:29,972 [WARNING] infra.market_data.tdx_data_provider: [启动] 离线模式启动：跳过联网检测，使用本地数据
2026-08-12 16:02:30,008 [INFO] vcp.data_provider_history_mixin: [名称映射] 已从缓存载入 52863 条标的名称
2026-08-12 16:02:30,026 [DEBUG] core.observability: [structured] {"event": "metric.recorded", "fields": {"metric": "main_window_post_paint_runtime_ms", "recorded_at": 1786521750.0263922, "tags": {}, "unit": "ms", "value": 0.17909999996845727}}
2026-08-12 16:02:30,026 [INFO] core.observability: [事件] main_window.post_paint_runtime | elapsed_ms=0.179 | succeeded=False
2026-08-12 16:02:30,031 [DEBUG] core.observability: [structured] {"event": "metric.recorded", "fields": {"metric": "main_window_post_paint_runtime_ms", "recorded_at": 1786521750.0311334, "tags": {}, "unit": "ms", "value": 1.4768999999432708}}
2026-08-12 16:02:30,031 [INFO] core.observability: [事件] main_window.post_paint_runtime | elapsed_ms=1.477 | succeeded=False
2026-08-12 16:02:30,034 [DEBUG] core.observability: [structured] {"event": "metric.recorded", "fields": {"metric": "main_window_post_paint_runtime_ms", "recorded_at": 1786521750.0340273, "tags": {}, "unit": "ms", "value": 2.0663000000240572}}
2026-08-12 16:02:30,034 [INFO] core.observability: [事件] main_window.post_paint_runtime | elapsed_ms=2.066 | succeeded=False
2026-08-12 16:02:30,034 [INFO] ui.main_window_qt: [UI] central quotes disabled for controlled window construction
2026-08-12 16:02:30,034 [DEBUG] core.observability: [structured] {"event": "metric.recorded", "fields": {"metric": "main_window_post_paint_runtime_ms", "recorded_at": 1786521750.0348067, "tags": {}, "unit": "ms", "value": 0.2903999998125073}}
2026-08-12 16:02:30,034 [INFO] core.observability: [事件] main_window.post_paint_runtime | elapsed_ms=0.29 | succeeded=False
2026-08-12 16:02:30,035 [DEBUG] core.observability: [structured] {"event": "metric.recorded", "fields": {"metric": "main_window_post_paint_runtime_ms", "recorded_at": 1786521750.0354486, "tags": {}, "unit": "ms", "value": 0.27559999989534845}}
2026-08-12 16:02:30,035 [INFO] core.observability: [事件] main_window.post_paint_runtime | elapsed_ms=0.276 | succeeded=False
2026-08-12 16:02:30,046 [DEBUG] core.observability: [structured] {"event": "metric.recorded", "fields": {"metric": "main_window_post_paint_runtime_ms", "recorded_at": 1786521750.0461323, "tags": {}, "unit": "ms", "value": 10.372300000199175}}
2026-08-12 16:02:30,046 [INFO] core.observability: [事件] main_window.post_paint_runtime | elapsed_ms=10.372 | succeeded=False
2026-08-12 16:02:30,047 [DEBUG] core.observability: [structured] {"event": "metric.recorded", "fields": {"metric": "main_window_post_paint_runtime_ms", "recorded_at": 1786521750.0471892, "tags": {}, "unit": "ms", "value": 0.22500000022773747}}
2026-08-12 16:02:30,047 [INFO] core.observability: [事件] main_window.post_paint_runtime | elapsed_ms=0.225 | succeeded=False
2026-08-12 16:02:30,048 [DEBUG] core.observability: [structured] {"event": "metric.recorded", "fields": {"metric": "main_window_post_paint_runtime_ms", "recorded_at": 1786521750.0480618, "tags": {}, "unit": "ms", "value": 0.08380000008401112}}
2026-08-12 16:02:30,048 [INFO] core.observability: [事件] main_window.post_paint_runtime | elapsed_ms=0.084 | succeeded=False
2026-08-12 16:02:30,048 [DEBUG] core.observability: [structured] {"event": "metric.recorded", "fields": {"metric": "main_window_post_paint_runtime_ms", "recorded_at": 1786521750.0485651, "tags": {}, "unit": "ms", "value": 0.10789999987537158}}
2026-08-12 16:02:30,048 [INFO] core.observability: [事件] main_window.post_paint_runtime | elapsed_ms=0.108 | succeeded=False
2026-08-12 16:02:30,049 [DEBUG] core.observability: [structured] {"event": "metric.recorded", "fields": {"metric": "main_window_post_paint_runtime_ms", "recorded_at": 1786521750.0489972, "tags": {}, "unit": "ms", "value": 0.046799999836366624}}
2026-08-12 16:02:30,049 [INFO] core.observability: [事件] main_window.post_paint_runtime | elapsed_ms=0.047 | succeeded=True
2026-08-12 16:02:30,221 [DEBUG] core.observability: [structured] {"event": "metric.recorded", "fields": {"metric": "watchlist_tab_import_ms", "recorded_at": 1786521750.221285, "tags": {}, "unit": "ms", "value": 15.873699999701785}}
2026-08-12 16:02:30,221 [DEBUG] core.observability: [structured] {"event": "metric.recorded", "fields": {"metric": "watchlist_tab_ui_construct_ms", "recorded_at": 1786521750.221543, "tags": {}, "unit": "ms", "value": 60.19109999988359}}
2026-08-12 16:02:30,225 [INFO] infra.diagnostics.ui_stall_probe: [事件] ui.stall.method | elapsed_ms=83.025 | method=ClassicWorkspace.ensure_tab_loaded | severity=warn | signal=background_prewarm
2026-08-12 16:02:30,226 [DEBUG] infra.diagnostics.ui_stall_probe: [structured] {"event": "metric.recorded", "fields": {"metric": "ui_method_stall_ms", "recorded_at": 1786521750.226531, "tags": {"method": "ClassicWorkspace.ensure_tab_loaded", "severity": "warn", "signal": "background_prewarm", "tab": "watchlist"}, "unit": "ms", "value": 83.0246000000443}}
2026-08-12 16:02:30,226 [INFO] infra.diagnostics.ui_stall_probe: [事件] ui.stall.method | elapsed_ms=84.068 | method=ClassicWorkspace._prewarm_next_tab | severity=warn | signal=background_prewarm
2026-08-12 16:02:30,227 [DEBUG] infra.diagnostics.ui_stall_probe: [structured] {"event": "metric.recorded", "fields": {"metric": "ui_method_stall_ms", "recorded_at": 1786521750.227134, "tags": {"method": "ClassicWorkspace._prewarm_next_tab", "severity": "warn", "signal": "background_prewarm", "tab": ""}, "unit": "ms", "value": 84.06799999966097}}
2026-08-12 16:02:30,235 [INFO] infra.diagnostics.ui_stall_probe: [事件] ui.stall.event_loop | elapsed_ms=68.528 | event_loop_gap_ms=93.528 | method=ClassicWorkspace._prewarm_next_tab | severity=warn
2026-08-12 16:02:30,235 [DEBUG] infra.diagnostics.ui_stall_probe: [structured] {"event": "metric.recorded", "fields": {"metric": "ui_event_loop_stall_ms", "recorded_at": 1786521750.235383, "tags": {"method": "ClassicWorkspace._prewarm_next_tab", "severity": "warn", "signal": "background_prewarm", "tab": "watchlist"}, "unit": "ms", "value": 68.52779999971972}}
2026-08-12 16:02:30,236 [DEBUG] core.observability: [structured] {"event": "metric.recorded", "fields": {"metric": "watchlist_tab_initial_data_ms", "recorded_at": 1786521750.236919, "tags": {"rows": "47"}, "unit": "ms", "value": 5.717900000036025}}
2026-08-12 16:02:30,238 [DEBUG] core.observability: [structured] {"event": "metric.recorded", "fields": {"metric": "watchlist_membership_reconcile", "recorded_at": 1786521750.238829, "tags": {"mode": "reset_fallback", "new_rows": "47", "old_rows": "0", "source": "initial_data"}, "unit": "count", "value": 1.0}}
2026-08-12 16:02:30,743 [INFO] core.observability: [指标] watchlist_context_snapshot_capture_ms | 1ms | cached_rows=,candidate_source_rows=,captured_source_rows=,selected_sources=ai_industry_chain,earnings,foreign_block,lhb,na_daily,source_rows=,target_count=47,target_filter=True
2026-08-12 16:02:30,757 [DEBUG] ui.tabs.watchlist_tab: [watchlist] apply 47 metric rows
2026-08-12 16:02:30,933 [DEBUG] core.observability: [structured] {"event": "metric.recorded", "fields": {"metric": "stock_table_update_quotes_ms", "recorded_at": 1786521750.933152, "tags": {"changed_rows": "47", "model": "StockTableModel", "payload_codes": "47", "scanned_rows": "47"}, "unit": "ms", "value": 1.4947999998184969}}
2026-08-12 16:02:30,933 [DEBUG] core.observability: [structured] {"event": "metric.recorded", "fields": {"metric": "quote_snapshot_apply_ms", "recorded_at": 1786521750.9333272, "tags": {"applied_codes": "47", "changed_rows": "47", "model": "StockTableModel", "payload_codes": "47", "tab": "WatchlistTab"}, "unit": "ms", "value": 1.6727000001992565}}
2026-08-12 16:02:30,933 [DEBUG] core.observability: [structured] {"event": "metric.recorded", "fields": {"metric": "watchlist_model_update_ms", "recorded_at": 1786521750.9334369, "tags": {"changed_headers": "买点,市价,市值,涨幅,涨幅%,现价", "mode": "direct", "reason": "quote_snapshot"}, "unit": "ms", "value": 1.9264000002294779}}
2026-08-12 16:02:30,933 [DEBUG] core.observability: [structured] {"event": "metric.recorded", "fields": {"metric": "cache_snapshot_apply_ms", "recorded_at": 1786521750.933553, "tags": {"changed_rows": "47", "codes": "47", "signal": "cache_snapshot", "tab": "WatchlistTab"}, "unit": "ms", "value": 2.0775000002686284}}
2026-08-12 16:02:30,994 [INFO] ui.workspaces.background_tab_preload: [Workspace] background tab preload finished scope=visible_watchlist_ready completed=1 startup_lazy_handoff=10 failures=[]
2026-08-12 16:02:31,146 [WARNING] infra.diagnostics.ui_stall_probe: [事件] ui.stall.method | delivered_full_viewport=true | dirty_bounding_area_ratio=1.0000 | elapsed_ms=140.728 | method=VCPTableView.paintEvent
2026-08-12 16:02:31,146 [DEBUG] infra.diagnostics.ui_stall_probe: [structured] {"event": "metric.recorded", "fields": {"metric": "ui_method_stall_ms", "recorded_at": 1786521751.1462827, "tags": {"method": "VCPTableView.paintEvent", "severity": "critical", "signal": "preload_reveal", "tab": "watchlist"}, "unit": "ms", "value": 140.7280999997056}}
2026-08-12 16:02:31,146 [DEBUG] core.observability: [structured] {"event": "metric.recorded", "fields": {"metric": "watchlist_table_paint_ms", "recorded_at": 1786521751.146403, "tags": {"background_preload_ready": "true", "background_prewarm_active_key_at_paint": "", "delivered_dirty_bounding_area_ratio": "1.0000", "delivered_full_viewport": "true", "delivery_kind": "structural_full_viewport", "dirty_bounding_area_ratio": "1.0000", "dirty_region_rects": "1", "model_rows": "47", "paint_event_spontaneous": "true", "pending_reasons": "preload_reveal", "preload_staged": "false", "reason": "preload_reveal", "structural_reason": "preload_reveal", "tab": "watchlist", "workspace_load_reason": "restore_last_tab"}, "unit": "ms", "value": 141.0965000000033}}
2026-08-12 16:02:31,146 [DEBUG] core.observability: [structured] {"event": "metric.recorded", "fields": {"metric": "watchlist_table_paint_delay_ms", "recorded_at": 1786521751.1465127, "tags": {"background_preload_ready": "true", "background_prewarm_active_key_at_paint": "", "delivered_dirty_bounding_area_ratio": "1.0000", "delivered_full_viewport": "true", "delivery_kind": "structural_full_viewport", "dirty_bounding_area_ratio": "1.0000", "dirty_region_rects": "1", "model_rows": "47", "paint_event_spontaneous": "true", "pending_reasons": "preload_reveal", "preload_staged": "false", "reason": "preload_reveal", "structural_reason": "preload_reveal", "tab": "watchlist", "workspace_load_reason": "restore_last_tab"}, "unit": "ms", "value": 32.4203000000125}}
2026-08-12 16:02:31,149 [WARNING] infra.diagnostics.ui_stall_probe: [事件] ui.stall.event_loop | delivered_full_viewport=true | dirty_bounding_area_ratio=1.0000 | elapsed_ms=130.17 | event_loop_gap_ms=155.17
2026-08-12 16:02:31,149 [DEBUG] infra.diagnostics.ui_stall_probe: [structured] {"event": "metric.recorded", "fields": {"metric": "ui_event_loop_stall_ms", "recorded_at": 1786521751.149893, "tags": {"method": "VCPTableView.paintEvent", "severity": "critical", "signal": "preload_reveal", "tab": "watchlist"}, "unit": "ms", "value": 130.16969999998764}}
2026-08-12 16:02:31,259 [INFO] infra.diagnostics.ui_stall_probe: [事件] ui.stall.method | delivered_full_viewport=true | dirty_bounding_area_ratio=1.0000 | elapsed_ms=98.542 | method=VCPTableView.paintEvent
2026-08-12 16:02:31,259 [DEBUG] infra.diagnostics.ui_stall_probe: [structured] {"event": "metric.recorded", "fields": {"metric": "ui_method_stall_ms", "recorded_at": 1786521751.259545, "tags": {"method": "VCPTableView.paintEvent", "severity": "warn", "signal": "other", "tab": "watchlist"}, "unit": "ms", "value": 98.54170000016893}}
2026-08-12 16:02:31,259 [DEBUG] core.observability: [structured] {"event": "metric.recorded", "fields": {"metric": "watchlist_table_paint_ms", "recorded_at": 1786521751.2596695, "tags": {"background_preload_ready": "true", "background_prewarm_active_key_at_paint": "", "delivered_dirty_bounding_area_ratio": "1.0000", "delivered_full_viewport": "true", "delivery_kind": "full_viewport", "dirty_bounding_area_ratio": "1.0000", "dirty_region_rects": "1", "paint_event_spontaneous": "true", "preload_staged": "false", "reason": "other", "tab": "watchlist", "workspace_load_reason": "restore_last_tab"}, "unit": "ms", "value": 98.91690000040398}}
2026-08-12 16:02:31,364 [INFO] infra.diagnostics.ui_stall_probe: [事件] ui.stall.method | delivered_full_viewport=true | dirty_bounding_area_ratio=1.0000 | elapsed_ms=95.252 | method=VCPTableView.paintEvent
2026-08-12 16:02:31,364 [DEBUG] infra.diagnostics.ui_stall_probe: [structured] {"event": "metric.recorded", "fields": {"metric": "ui_method_stall_ms", "recorded_at": 1786521751.3648427, "tags": {"method": "VCPTableView.paintEvent", "severity": "warn", "signal": "other", "tab": "watchlist"}, "unit": "ms", "value": 95.25230000008378}}
2026-08-12 16:02:31,365 [DEBUG] core.observability: [structured] {"event": "metric.recorded", "fields": {"metric": "watchlist_table_paint_ms", "recorded_at": 1786521751.3649716, "tags": {"background_preload_ready": "true", "background_prewarm_active_key_at_paint": "", "delivered_dirty_bounding_area_ratio": "1.0000", "delivered_full_viewport": "true", "delivery_kind": "full_viewport", "dirty_bounding_area_ratio": "1.0000", "dirty_region_rects": "1", "paint_event_spontaneous": "true", "preload_staged": "false", "reason": "other", "tab": "watchlist", "workspace_load_reason": "restore_last_tab"}, "unit": "ms", "value": 95.68820000004052}}
2026-08-12 16:02:31,368 [INFO] infra.diagnostics.ui_stall_probe: [事件] ui.stall.event_loop | delivered_full_viewport=true | dirty_bounding_area_ratio=1.0000 | elapsed_ms=81.389 | event_loop_gap_ms=106.389
2026-08-12 16:02:31,368 [DEBUG] infra.diagnostics.ui_stall_probe: [structured] {"event": "metric.recorded", "fields": {"metric": "ui_event_loop_stall_ms", "recorded_at": 1786521751.3688087, "tags": {"method": "VCPTableView.paintEvent", "severity": "warn", "signal": "other", "tab": "watchlist"}, "unit": "ms", "value": 81.38920000019425}}
2026-08-12 16:02:32,498 [DEBUG] core.observability: [structured] {"event": "metric.recorded", "fields": {"metric": "kline_webengine_preflight_shutdown_ms", "recorded_at": 1786521752.4984818, "tags": {"clean": "true"}, "unit": "ms", "value": 0.006499999926745659}}
2026-08-12 16:02:32,498 [INFO] core.observability: [事件] kline.webengine_preflight_shutdown | clean=True | elapsed_ms=0.006
2026-08-12 16:02:32,498 [INFO] core.observability: [事件] kline.manager_shutdown | active_close_attempted=0 | active_close_clean=True | active_close_succeeded=0 | active_fallback_disposed=0
2026-08-12 16:02:32,512 [INFO] ui.main_window_qt: [watchdog] watchdog.stopped | pid=27156 | rss=266MB | private=264MB | wset=266MB | vms=264MB | threads=37 | source=psutil
2026-08-12 16:02:32,554 [INFO] infra.storage.data_store: [DataStore] SQLite 连接已关闭
