2026-08-12 16:46:19,878 [INFO] core.observability: [事件] settings.schema_migrated | application=NativeWatchlistProfile_24260_1786524378692337800 | description=bootstrap centralized settings repository | from_version=0 | organization=VCPHunterDiagnostics
2026-08-12 16:46:19,949 [INFO] ui.main_window_qt: [watchdog] watchdog.started | pid=24260 | rss=134MB | private=133MB | wset=134MB | vms=133MB | threads=10 | source=psutil
2026-08-12 16:46:19,955 [INFO] ui.main_window_qt: [watchdog] main_window.init.begin | pid=24260 | rss=134MB | private=134MB | wset=134MB | vms=134MB | threads=10 | source=psutil
2026-08-12 16:46:20,017 [INFO] infra.storage.data_store: [DataStore] SQLite 存储已就绪: D:\vcp_hunter_runtime_ab\20260812_layout_prelayout_ab\post_mount_layouts\post_tab_layout\profile.db
2026-08-12 16:46:20,461 [WARNING] infra.diagnostics.ui_stall_probe: [事件] ui.stall.method | elapsed_ms=420.336 | method=MainWindowQT.create_workspace | severity=critical | threshold_ms=100.0
2026-08-12 16:46:20,461 [DEBUG] infra.diagnostics.ui_stall_probe: [structured] {"event": "metric.recorded", "fields": {"metric": "ui_method_stall_ms", "recorded_at": 1786524380.4619217, "tags": {"method": "MainWindowQT.create_workspace", "severity": "critical", "signal": "", "tab": ""}, "unit": "ms", "value": 420.3356999996686}}
2026-08-12 16:46:20,491 [DEBUG] core.observability: [structured] {"event": "metric.recorded", "fields": {"metric": "workspace_mount_ms", "recorded_at": 1786524380.491666, "tags": {"workspace_mode": "classic"}, "unit": "ms", "value": 507.4333000002298}}
2026-08-12 16:46:20,491 [INFO] core.observability: [启动] 工作区已加载 | 11页 | 507ms
2026-08-12 16:46:20,530 [INFO] ui.main_window_qt: [startup] auto refresh scheduler disabled for controlled window construction
2026-08-12 16:46:20,542 [INFO] ui.main_window_qt: [watchdog] main_window.init.ready | pid=24260 | rss=194MB | private=159MB | wset=194MB | vms=159MB | threads=11 | source=psutil
2026-08-12 16:46:20,761 [WARNING] infra.diagnostics.ui_stall_probe: [事件] ui.stall.event_loop | elapsed_ms=779.84 | event_loop_gap_ms=804.84 | severity=critical | tab=watchlist
2026-08-12 16:46:20,762 [DEBUG] infra.diagnostics.ui_stall_probe: [structured] {"event": "metric.recorded", "fields": {"metric": "ui_event_loop_stall_ms", "recorded_at": 1786524380.762111, "tags": {"method": "", "severity": "critical", "signal": "", "tab": "watchlist"}, "unit": "ms", "value": 779.8398999999336}}
2026-08-12 16:46:20,775 [DEBUG] core.observability: [structured] {"event": "metric.recorded", "fields": {"metric": "main_window_first_paint_ms", "recorded_at": 1786524380.7752738, "tags": {}, "unit": "ms", "value": 858.3270999997694}}
2026-08-12 16:46:20,775 [INFO] core.observability: [启动] 主界面已显示 | 858ms
2026-08-12 16:46:20,800 [DEBUG] core.observability: [structured] {"event": "metric.recorded", "fields": {"metric": "main_window_post_paint_runtime_ms", "recorded_at": 1786524380.8007379, "tags": {}, "unit": "ms", "value": 1.4135999999780324}}
2026-08-12 16:46:20,800 [INFO] core.observability: [事件] main_window.post_paint_runtime | elapsed_ms=1.414 | succeeded=False
2026-08-12 16:46:20,809 [DEBUG] core.observability: [structured] {"event": "metric.recorded", "fields": {"metric": "main_window_post_paint_runtime_ms", "recorded_at": 1786524380.809329, "tags": {}, "unit": "ms", "value": 1.7252000006919843}}
2026-08-12 16:46:20,809 [INFO] core.observability: [事件] main_window.post_paint_runtime | elapsed_ms=1.725 | succeeded=False
2026-08-12 16:46:20,898 [INFO] infra.market_data.tdx_data_provider: [启动] 已启用通达信本地K线数据: D:\HT\vipdoc
2026-08-12 16:46:20,898 [INFO] infra.market_data.tdx_data_provider: [启动] gbbq 复权缓存改为按需加载
2026-08-12 16:46:20,898 [WARNING] infra.market_data.tdx_data_provider: [启动] 离线模式启动：跳过联网检测，使用本地数据
2026-08-12 16:46:20,940 [INFO] vcp.data_provider_history_mixin: [名称映射] 已从缓存载入 52882 条标的名称
2026-08-12 16:46:20,963 [DEBUG] core.observability: [structured] {"event": "metric.recorded", "fields": {"metric": "main_window_post_paint_runtime_ms", "recorded_at": 1786524380.9636643, "tags": {}, "unit": "ms", "value": 0.31690000014350517}}
2026-08-12 16:46:20,964 [INFO] core.observability: [事件] main_window.post_paint_runtime | elapsed_ms=0.317 | succeeded=False
2026-08-12 16:46:20,966 [DEBUG] core.observability: [structured] {"event": "metric.recorded", "fields": {"metric": "main_window_post_paint_runtime_ms", "recorded_at": 1786524380.9666772, "tags": {}, "unit": "ms", "value": 2.2650000000794535}}
2026-08-12 16:46:20,967 [INFO] core.observability: [事件] main_window.post_paint_runtime | elapsed_ms=2.265 | succeeded=False
2026-08-12 16:46:20,972 [DEBUG] core.observability: [structured] {"event": "metric.recorded", "fields": {"metric": "main_window_post_paint_runtime_ms", "recorded_at": 1786524380.9719532, "tags": {}, "unit": "ms", "value": 3.2313000001522596}}
2026-08-12 16:46:20,972 [INFO] core.observability: [事件] main_window.post_paint_runtime | elapsed_ms=3.231 | succeeded=False
2026-08-12 16:46:20,972 [INFO] ui.main_window_qt: [UI] central quotes disabled for controlled window construction
2026-08-12 16:46:20,973 [DEBUG] core.observability: [structured] {"event": "metric.recorded", "fields": {"metric": "main_window_post_paint_runtime_ms", "recorded_at": 1786524380.9731169, "tags": {}, "unit": "ms", "value": 0.4149000005782}}
2026-08-12 16:46:20,973 [INFO] core.observability: [事件] main_window.post_paint_runtime | elapsed_ms=0.415 | succeeded=False
2026-08-12 16:46:20,978 [DEBUG] core.observability: [structured] {"event": "metric.recorded", "fields": {"metric": "main_window_post_paint_runtime_ms", "recorded_at": 1786524380.978276, "tags": {}, "unit": "ms", "value": 0.2485999993950827}}
2026-08-12 16:46:20,978 [INFO] core.observability: [事件] main_window.post_paint_runtime | elapsed_ms=0.249 | succeeded=False
2026-08-12 16:46:20,990 [DEBUG] core.observability: [structured] {"event": "metric.recorded", "fields": {"metric": "main_window_post_paint_runtime_ms", "recorded_at": 1786524380.990512, "tags": {}, "unit": "ms", "value": 11.667099999613129}}
2026-08-12 16:46:20,990 [INFO] core.observability: [事件] main_window.post_paint_runtime | elapsed_ms=11.667 | succeeded=False
2026-08-12 16:46:20,991 [DEBUG] core.observability: [structured] {"event": "metric.recorded", "fields": {"metric": "main_window_post_paint_runtime_ms", "recorded_at": 1786524380.991615, "tags": {}, "unit": "ms", "value": 0.28870000005554175}}
2026-08-12 16:46:20,992 [INFO] core.observability: [事件] main_window.post_paint_runtime | elapsed_ms=0.289 | succeeded=False
2026-08-12 16:46:20,993 [DEBUG] core.observability: [structured] {"event": "metric.recorded", "fields": {"metric": "main_window_post_paint_runtime_ms", "recorded_at": 1786524380.9930441, "tags": {}, "unit": "ms", "value": 0.16509999932168284}}
2026-08-12 16:46:20,993 [INFO] core.observability: [事件] main_window.post_paint_runtime | elapsed_ms=0.165 | succeeded=False
2026-08-12 16:46:20,993 [DEBUG] core.observability: [structured] {"event": "metric.recorded", "fields": {"metric": "main_window_post_paint_runtime_ms", "recorded_at": 1786524380.9939406, "tags": {}, "unit": "ms", "value": 0.10960000054183183}}
2026-08-12 16:46:20,994 [INFO] core.observability: [事件] main_window.post_paint_runtime | elapsed_ms=0.11 | succeeded=False
2026-08-12 16:46:20,994 [DEBUG] core.observability: [structured] {"event": "metric.recorded", "fields": {"metric": "main_window_post_paint_runtime_ms", "recorded_at": 1786524380.9945483, "tags": {}, "unit": "ms", "value": 0.08499999967170879}}
2026-08-12 16:46:20,994 [INFO] core.observability: [事件] main_window.post_paint_runtime | elapsed_ms=0.085 | succeeded=True
2026-08-12 16:46:21,136 [DEBUG] core.observability: [structured] {"event": "metric.recorded", "fields": {"metric": "watchlist_tab_import_ms", "recorded_at": 1786524381.136446, "tags": {}, "unit": "ms", "value": 17.549399999552406}}
2026-08-12 16:46:21,136 [DEBUG] core.observability: [structured] {"event": "metric.recorded", "fields": {"metric": "watchlist_tab_ui_construct_ms", "recorded_at": 1786524381.1366441, "tags": {}, "unit": "ms", "value": 57.66239999957179}}
2026-08-12 16:46:21,140 [INFO] infra.diagnostics.ui_stall_probe: [事件] ui.stall.method | elapsed_ms=82.845 | method=ClassicWorkspace.ensure_tab_loaded | severity=warn | signal=background_prewarm
2026-08-12 16:46:21,140 [DEBUG] infra.diagnostics.ui_stall_probe: [structured] {"event": "metric.recorded", "fields": {"metric": "ui_method_stall_ms", "recorded_at": 1786524381.1409287, "tags": {"method": "ClassicWorkspace.ensure_tab_loaded", "severity": "warn", "signal": "background_prewarm", "tab": "watchlist"}, "unit": "ms", "value": 82.84469999944122}}
2026-08-12 16:46:21,141 [INFO] infra.diagnostics.ui_stall_probe: [事件] ui.stall.method | elapsed_ms=83.523 | method=ClassicWorkspace._prewarm_next_tab | severity=warn | signal=background_prewarm
2026-08-12 16:46:21,141 [DEBUG] infra.diagnostics.ui_stall_probe: [structured] {"event": "metric.recorded", "fields": {"metric": "ui_method_stall_ms", "recorded_at": 1786524381.1415648, "tags": {"method": "ClassicWorkspace._prewarm_next_tab", "severity": "warn", "signal": "background_prewarm", "tab": ""}, "unit": "ms", "value": 83.52329999979702}}
2026-08-12 16:46:21,151 [INFO] infra.diagnostics.ui_stall_probe: [事件] ui.stall.event_loop | elapsed_ms=69.996 | event_loop_gap_ms=94.996 | method=ClassicWorkspace._prewarm_next_tab | severity=warn
2026-08-12 16:46:21,152 [DEBUG] infra.diagnostics.ui_stall_probe: [structured] {"event": "metric.recorded", "fields": {"metric": "ui_event_loop_stall_ms", "recorded_at": 1786524381.152129, "tags": {"method": "ClassicWorkspace._prewarm_next_tab", "severity": "warn", "signal": "background_prewarm", "tab": "watchlist"}, "unit": "ms", "value": 69.9960000007195}}
2026-08-12 16:46:21,154 [DEBUG] core.observability: [structured] {"event": "metric.recorded", "fields": {"metric": "watchlist_tab_initial_data_ms", "recorded_at": 1786524381.1544511, "tags": {"rows": "47"}, "unit": "ms", "value": 7.074799999827519}}
2026-08-12 16:46:21,155 [DEBUG] core.observability: [structured] {"event": "metric.recorded", "fields": {"metric": "watchlist_membership_reconcile", "recorded_at": 1786524381.155724, "tags": {"mode": "reset_fallback", "new_rows": "47", "old_rows": "0", "source": "initial_data"}, "unit": "count", "value": 1.0}}
2026-08-12 16:46:21,657 [INFO] core.observability: [指标] watchlist_context_snapshot_capture_ms | 1ms | cached_rows=,candidate_source_rows=,captured_source_rows=,selected_sources=ai_industry_chain,earnings,foreign_block,lhb,na_daily,source_rows=,target_count=47,target_filter=True
2026-08-12 16:46:21,680 [DEBUG] ui.tabs.watchlist_tab: [watchlist] apply 47 metric rows
2026-08-12 16:46:21,848 [DEBUG] core.observability: [structured] {"event": "metric.recorded", "fields": {"metric": "stock_table_update_quotes_ms", "recorded_at": 1786524381.8486617, "tags": {"changed_rows": "47", "model": "StockTableModel", "payload_codes": "47", "scanned_rows": "47"}, "unit": "ms", "value": 1.4772999993510894}}
2026-08-12 16:46:21,848 [DEBUG] core.observability: [structured] {"event": "metric.recorded", "fields": {"metric": "quote_snapshot_apply_ms", "recorded_at": 1786524381.8488374, "tags": {"applied_codes": "47", "changed_rows": "47", "model": "StockTableModel", "payload_codes": "47", "tab": "WatchlistTab"}, "unit": "ms", "value": 1.6556999999011168}}
2026-08-12 16:46:21,848 [DEBUG] core.observability: [structured] {"event": "metric.recorded", "fields": {"metric": "watchlist_model_update_ms", "recorded_at": 1786524381.8489413, "tags": {"changed_headers": "买点,市价,市值,涨幅,涨幅%,现价", "mode": "direct", "reason": "quote_snapshot"}, "unit": "ms", "value": 1.9013000000995817}}
2026-08-12 16:46:21,849 [DEBUG] core.observability: [structured] {"event": "metric.recorded", "fields": {"metric": "cache_snapshot_apply_ms", "recorded_at": 1786524381.8490524, "tags": {"changed_rows": "47", "codes": "47", "signal": "cache_snapshot", "tab": "WatchlistTab"}, "unit": "ms", "value": 2.040600000327686}}
2026-08-12 16:46:21,920 [INFO] ui.workspaces.background_tab_preload: [Workspace] background tab preload finished scope=visible_watchlist_ready completed=1 startup_lazy_handoff=10 failures=[]
2026-08-12 16:46:22,073 [WARNING] infra.diagnostics.ui_stall_probe: [事件] ui.stall.method | delivered_full_viewport=true | dirty_bounding_area_ratio=1.0000 | elapsed_ms=141.16 | method=VCPTableView.paintEvent
2026-08-12 16:46:22,073 [DEBUG] infra.diagnostics.ui_stall_probe: [structured] {"event": "metric.recorded", "fields": {"metric": "ui_method_stall_ms", "recorded_at": 1786524382.0736241, "tags": {"method": "VCPTableView.paintEvent", "severity": "critical", "signal": "preload_reveal", "tab": "watchlist"}, "unit": "ms", "value": 141.1604000004445}}
2026-08-12 16:46:22,073 [DEBUG] core.observability: [structured] {"event": "metric.recorded", "fields": {"metric": "watchlist_table_paint_ms", "recorded_at": 1786524382.0737472, "tags": {"background_preload_ready": "true", "background_prewarm_active_key_at_paint": "", "delivered_dirty_bounding_area_ratio": "1.0000", "delivered_full_viewport": "true", "delivery_kind": "structural_full_viewport", "dirty_bounding_area_ratio": "1.0000", "dirty_region_rects": "1", "model_rows": "47", "paint_event_spontaneous": "true", "pending_reasons": "preload_reveal", "preload_staged": "false", "reason": "preload_reveal", "structural_reason": "preload_reveal", "tab": "watchlist", "workspace_load_reason": "restore_last_tab"}, "unit": "ms", "value": 141.54539999981353}}
2026-08-12 16:46:22,073 [DEBUG] core.observability: [structured] {"event": "metric.recorded", "fields": {"metric": "watchlist_table_paint_delay_ms", "recorded_at": 1786524382.0738533, "tags": {"background_preload_ready": "true", "background_prewarm_active_key_at_paint": "", "delivered_dirty_bounding_area_ratio": "1.0000", "delivered_full_viewport": "true", "delivery_kind": "structural_full_viewport", "dirty_bounding_area_ratio": "1.0000", "dirty_region_rects": "1", "model_rows": "47", "paint_event_spontaneous": "true", "pending_reasons": "preload_reveal", "preload_staged": "false", "reason": "preload_reveal", "structural_reason": "preload_reveal", "tab": "watchlist", "workspace_load_reason": "restore_last_tab"}, "unit": "ms", "value": 33.191399999850546}}
2026-08-12 16:46:22,184 [WARNING] infra.diagnostics.ui_stall_probe: [事件] ui.stall.method | delivered_full_viewport=true | dirty_bounding_area_ratio=1.0000 | elapsed_ms=100.743 | method=VCPTableView.paintEvent
2026-08-12 16:46:22,184 [DEBUG] infra.diagnostics.ui_stall_probe: [structured] {"event": "metric.recorded", "fields": {"metric": "ui_method_stall_ms", "recorded_at": 1786524382.184852, "tags": {"method": "VCPTableView.paintEvent", "severity": "critical", "signal": "other", "tab": "watchlist"}, "unit": "ms", "value": 100.74299999996583}}
2026-08-12 16:46:22,185 [DEBUG] core.observability: [structured] {"event": "metric.recorded", "fields": {"metric": "watchlist_table_paint_ms", "recorded_at": 1786524382.184972, "tags": {"background_preload_ready": "true", "background_prewarm_active_key_at_paint": "", "delivered_dirty_bounding_area_ratio": "1.0000", "delivered_full_viewport": "true", "delivery_kind": "full_viewport", "dirty_bounding_area_ratio": "1.0000", "dirty_region_rects": "1", "paint_event_spontaneous": "true", "preload_staged": "false", "reason": "other", "tab": "watchlist", "workspace_load_reason": "restore_last_tab"}, "unit": "ms", "value": 101.09490000013466}}
2026-08-12 16:46:23,186 [INFO] infra.diagnostics.ui_stall_probe: [事件] ui.stall.method | delivered_full_viewport=true | dirty_bounding_area_ratio=1.0000 | elapsed_ms=88.205 | method=VCPTableView.paintEvent
2026-08-12 16:46:23,186 [DEBUG] infra.diagnostics.ui_stall_probe: [structured] {"event": "metric.recorded", "fields": {"metric": "ui_method_stall_ms", "recorded_at": 1786524383.1866038, "tags": {"method": "VCPTableView.paintEvent", "severity": "warn", "signal": "other", "tab": "watchlist"}, "unit": "ms", "value": 88.20480000031239}}
2026-08-12 16:46:23,186 [DEBUG] core.observability: [structured] {"event": "metric.recorded", "fields": {"metric": "watchlist_table_paint_ms", "recorded_at": 1786524383.1867235, "tags": {"background_preload_ready": "true", "background_prewarm_active_key_at_paint": "", "delivered_dirty_bounding_area_ratio": "1.0000", "delivered_full_viewport": "true", "delivery_kind": "full_viewport", "dirty_bounding_area_ratio": "1.0000", "dirty_region_rects": "1", "paint_event_spontaneous": "true", "preload_staged": "false", "reason": "other", "tab": "watchlist", "workspace_load_reason": "restore_last_tab"}, "unit": "ms", "value": 88.5747000002084}}
2026-08-12 16:46:23,290 [INFO] infra.diagnostics.ui_stall_probe: [事件] ui.stall.method | delivered_full_viewport=true | dirty_bounding_area_ratio=1.0000 | elapsed_ms=93.266 | method=VCPTableView.paintEvent
2026-08-12 16:46:23,291 [DEBUG] infra.diagnostics.ui_stall_probe: [structured] {"event": "metric.recorded", "fields": {"metric": "ui_method_stall_ms", "recorded_at": 1786524383.2911189, "tags": {"method": "VCPTableView.paintEvent", "severity": "warn", "signal": "other", "tab": "watchlist"}, "unit": "ms", "value": 93.26560000044992}}
2026-08-12 16:46:23,291 [DEBUG] core.observability: [structured] {"event": "metric.recorded", "fields": {"metric": "watchlist_table_paint_ms", "recorded_at": 1786524383.2912402, "tags": {"background_preload_ready": "true", "background_prewarm_active_key_at_paint": "", "delivered_dirty_bounding_area_ratio": "1.0000", "delivered_full_viewport": "true", "delivery_kind": "full_viewport", "dirty_bounding_area_ratio": "1.0000", "dirty_region_rects": "1", "paint_event_spontaneous": "true", "preload_staged": "false", "reason": "other", "tab": "watchlist", "workspace_load_reason": "restore_last_tab"}, "unit": "ms", "value": 93.66319999935513}}
2026-08-12 16:46:23,426 [DEBUG] core.observability: [structured] {"event": "metric.recorded", "fields": {"metric": "kline_webengine_preflight_shutdown_ms", "recorded_at": 1786524383.4265792, "tags": {"clean": "true"}, "unit": "ms", "value": 0.005099999725644011}}
2026-08-12 16:46:23,426 [INFO] core.observability: [事件] kline.webengine_preflight_shutdown | clean=True | elapsed_ms=0.005
2026-08-12 16:46:23,426 [INFO] core.observability: [事件] kline.manager_shutdown | active_close_attempted=0 | active_close_clean=True | active_close_succeeded=0 | active_fallback_disposed=0
2026-08-12 16:46:23,444 [INFO] ui.main_window_qt: [watchdog] watchdog.stopped | pid=24260 | rss=266MB | private=268MB | wset=266MB | vms=268MB | threads=37 | source=psutil
2026-08-12 16:46:23,492 [INFO] infra.storage.data_store: [DataStore] SQLite 连接已关闭
