2026-08-12 16:45:10,426 [INFO] core.observability: [事件] settings.schema_migrated | application=NativeWatchlistProfile_26084_1786524309286443000 | description=bootstrap centralized settings repository | from_version=0 | organization=VCPHunterDiagnostics
2026-08-12 16:45:10,496 [INFO] ui.main_window_qt: [watchdog] watchdog.started | pid=26084 | rss=134MB | private=133MB | wset=134MB | vms=133MB | threads=10 | source=psutil
2026-08-12 16:45:10,502 [INFO] ui.main_window_qt: [watchdog] main_window.init.begin | pid=26084 | rss=135MB | private=134MB | wset=135MB | vms=134MB | threads=10 | source=psutil
2026-08-12 16:45:10,561 [INFO] infra.storage.data_store: [DataStore] SQLite 存储已就绪: D:\vcp_hunter_runtime_ab\20260812_layout_prelayout_ab\single_vars\activate\profile.db
2026-08-12 16:45:10,927 [WARNING] infra.diagnostics.ui_stall_probe: [事件] ui.stall.method | elapsed_ms=346.071 | method=MainWindowQT.create_workspace | severity=critical | threshold_ms=100.0
2026-08-12 16:45:10,927 [DEBUG] infra.diagnostics.ui_stall_probe: [structured] {"event": "metric.recorded", "fields": {"metric": "ui_method_stall_ms", "recorded_at": 1786524310.9278333, "tags": {"method": "MainWindowQT.create_workspace", "severity": "critical", "signal": "", "tab": ""}, "unit": "ms", "value": 346.07109999979}}
2026-08-12 16:45:10,958 [DEBUG] core.observability: [structured] {"event": "metric.recorded", "fields": {"metric": "workspace_mount_ms", "recorded_at": 1786524310.9588404, "tags": {"workspace_mode": "classic"}, "unit": "ms", "value": 429.76590000034776}}
2026-08-12 16:45:10,959 [INFO] core.observability: [启动] 工作区已加载 | 11页 | 430ms
2026-08-12 16:45:10,992 [INFO] ui.main_window_qt: [startup] auto refresh scheduler disabled for controlled window construction
2026-08-12 16:45:11,000 [INFO] ui.main_window_qt: [watchdog] main_window.init.ready | pid=26084 | rss=196MB | private=160MB | wset=196MB | vms=160MB | threads=11 | source=psutil
2026-08-12 16:45:11,198 [WARNING] infra.diagnostics.ui_stall_probe: [事件] ui.stall.event_loop | elapsed_ms=670.046 | event_loop_gap_ms=695.046 | severity=critical | tab=watchlist
2026-08-12 16:45:11,198 [DEBUG] infra.diagnostics.ui_stall_probe: [structured] {"event": "metric.recorded", "fields": {"metric": "ui_event_loop_stall_ms", "recorded_at": 1786524311.198942, "tags": {"method": "", "severity": "critical", "signal": "", "tab": "watchlist"}, "unit": "ms", "value": 670.0455999995029}}
2026-08-12 16:45:11,209 [DEBUG] core.observability: [structured] {"event": "metric.recorded", "fields": {"metric": "main_window_first_paint_ms", "recorded_at": 1786524311.2089942, "tags": {}, "unit": "ms", "value": 744.8919999997088}}
2026-08-12 16:45:11,209 [INFO] core.observability: [启动] 主界面已显示 | 745ms
2026-08-12 16:45:11,231 [DEBUG] core.observability: [structured] {"event": "metric.recorded", "fields": {"metric": "main_window_post_paint_runtime_ms", "recorded_at": 1786524311.231248, "tags": {}, "unit": "ms", "value": 1.4661999994132202}}
2026-08-12 16:45:11,231 [INFO] core.observability: [事件] main_window.post_paint_runtime | elapsed_ms=1.466 | succeeded=False
2026-08-12 16:45:11,238 [DEBUG] core.observability: [structured] {"event": "metric.recorded", "fields": {"metric": "main_window_post_paint_runtime_ms", "recorded_at": 1786524311.238669, "tags": {}, "unit": "ms", "value": 1.2841999996453524}}
2026-08-12 16:45:11,238 [INFO] core.observability: [事件] main_window.post_paint_runtime | elapsed_ms=1.284 | succeeded=False
2026-08-12 16:45:11,321 [INFO] infra.market_data.tdx_data_provider: [启动] 已启用通达信本地K线数据: D:\HT\vipdoc
2026-08-12 16:45:11,321 [INFO] infra.market_data.tdx_data_provider: [启动] gbbq 复权缓存改为按需加载
2026-08-12 16:45:11,321 [WARNING] infra.market_data.tdx_data_provider: [启动] 离线模式启动：跳过联网检测，使用本地数据
2026-08-12 16:45:11,361 [INFO] vcp.data_provider_history_mixin: [名称映射] 已从缓存载入 52882 条标的名称
2026-08-12 16:45:11,382 [DEBUG] core.observability: [structured] {"event": "metric.recorded", "fields": {"metric": "main_window_post_paint_runtime_ms", "recorded_at": 1786524311.3827019, "tags": {}, "unit": "ms", "value": 0.18219999947177712}}
2026-08-12 16:45:11,382 [INFO] core.observability: [事件] main_window.post_paint_runtime | elapsed_ms=0.182 | succeeded=False
2026-08-12 16:45:11,387 [DEBUG] core.observability: [structured] {"event": "metric.recorded", "fields": {"metric": "main_window_post_paint_runtime_ms", "recorded_at": 1786524311.3874567, "tags": {}, "unit": "ms", "value": 1.560800000333984}}
2026-08-12 16:45:11,387 [INFO] core.observability: [事件] main_window.post_paint_runtime | elapsed_ms=1.561 | succeeded=False
2026-08-12 16:45:11,390 [DEBUG] core.observability: [structured] {"event": "metric.recorded", "fields": {"metric": "main_window_post_paint_runtime_ms", "recorded_at": 1786524311.3902433, "tags": {}, "unit": "ms", "value": 2.3462999997718725}}
2026-08-12 16:45:11,390 [INFO] core.observability: [事件] main_window.post_paint_runtime | elapsed_ms=2.346 | succeeded=False
2026-08-12 16:45:11,391 [INFO] ui.main_window_qt: [UI] central quotes disabled for controlled window construction
2026-08-12 16:45:11,391 [DEBUG] core.observability: [structured] {"event": "metric.recorded", "fields": {"metric": "main_window_post_paint_runtime_ms", "recorded_at": 1786524311.3912306, "tags": {}, "unit": "ms", "value": 0.3378999999767984}}
2026-08-12 16:45:11,391 [INFO] core.observability: [事件] main_window.post_paint_runtime | elapsed_ms=0.338 | succeeded=False
2026-08-12 16:45:11,391 [DEBUG] core.observability: [structured] {"event": "metric.recorded", "fields": {"metric": "main_window_post_paint_runtime_ms", "recorded_at": 1786524311.3917468, "tags": {}, "unit": "ms", "value": 0.1796000005924725}}
2026-08-12 16:45:11,391 [INFO] core.observability: [事件] main_window.post_paint_runtime | elapsed_ms=0.18 | succeeded=False
2026-08-12 16:45:11,401 [DEBUG] core.observability: [structured] {"event": "metric.recorded", "fields": {"metric": "main_window_post_paint_runtime_ms", "recorded_at": 1786524311.4016106, "tags": {}, "unit": "ms", "value": 9.583799999745679}}
2026-08-12 16:45:11,401 [INFO] core.observability: [事件] main_window.post_paint_runtime | elapsed_ms=9.584 | succeeded=False
2026-08-12 16:45:11,402 [DEBUG] core.observability: [structured] {"event": "metric.recorded", "fields": {"metric": "main_window_post_paint_runtime_ms", "recorded_at": 1786524311.4023993, "tags": {}, "unit": "ms", "value": 0.10019999990618089}}
2026-08-12 16:45:11,402 [INFO] core.observability: [事件] main_window.post_paint_runtime | elapsed_ms=0.1 | succeeded=False
2026-08-12 16:45:11,403 [DEBUG] core.observability: [structured] {"event": "metric.recorded", "fields": {"metric": "main_window_post_paint_runtime_ms", "recorded_at": 1786524311.4029903, "tags": {}, "unit": "ms", "value": 0.07849999929021578}}
2026-08-12 16:45:11,403 [INFO] core.observability: [事件] main_window.post_paint_runtime | elapsed_ms=0.078 | succeeded=False
2026-08-12 16:45:11,403 [DEBUG] core.observability: [structured] {"event": "metric.recorded", "fields": {"metric": "main_window_post_paint_runtime_ms", "recorded_at": 1786524311.4034536, "tags": {}, "unit": "ms", "value": 0.0700999999025953}}
2026-08-12 16:45:11,403 [INFO] core.observability: [事件] main_window.post_paint_runtime | elapsed_ms=0.07 | succeeded=False
2026-08-12 16:45:11,403 [DEBUG] core.observability: [structured] {"event": "metric.recorded", "fields": {"metric": "main_window_post_paint_runtime_ms", "recorded_at": 1786524311.4038248, "tags": {}, "unit": "ms", "value": 0.04450000051292591}}
2026-08-12 16:45:11,403 [INFO] core.observability: [事件] main_window.post_paint_runtime | elapsed_ms=0.045 | succeeded=True
2026-08-12 16:45:11,576 [DEBUG] core.observability: [structured] {"event": "metric.recorded", "fields": {"metric": "watchlist_tab_import_ms", "recorded_at": 1786524311.576604, "tags": {}, "unit": "ms", "value": 16.17690000057337}}
2026-08-12 16:45:11,576 [DEBUG] core.observability: [structured] {"event": "metric.recorded", "fields": {"metric": "watchlist_tab_ui_construct_ms", "recorded_at": 1786524311.576791, "tags": {}, "unit": "ms", "value": 62.25379999978031}}
2026-08-12 16:45:11,580 [INFO] infra.diagnostics.ui_stall_probe: [事件] ui.stall.method | elapsed_ms=84.89 | method=ClassicWorkspace.ensure_tab_loaded | severity=warn | signal=background_prewarm
2026-08-12 16:45:11,580 [DEBUG] infra.diagnostics.ui_stall_probe: [structured] {"event": "metric.recorded", "fields": {"metric": "ui_method_stall_ms", "recorded_at": 1786524311.580878, "tags": {"method": "ClassicWorkspace.ensure_tab_loaded", "severity": "warn", "signal": "background_prewarm", "tab": "watchlist"}, "unit": "ms", "value": 84.89000000008673}}
2026-08-12 16:45:11,581 [INFO] infra.diagnostics.ui_stall_probe: [事件] ui.stall.method | elapsed_ms=85.329 | method=ClassicWorkspace._prewarm_next_tab | severity=warn | signal=background_prewarm
2026-08-12 16:45:11,581 [DEBUG] infra.diagnostics.ui_stall_probe: [structured] {"event": "metric.recorded", "fields": {"metric": "ui_method_stall_ms", "recorded_at": 1786524311.5811682, "tags": {"method": "ClassicWorkspace._prewarm_next_tab", "severity": "warn", "signal": "background_prewarm", "tab": ""}, "unit": "ms", "value": 85.32869999999093}}
2026-08-12 16:45:11,589 [INFO] infra.diagnostics.ui_stall_probe: [事件] ui.stall.event_loop | elapsed_ms=69.162 | event_loop_gap_ms=94.162 | method=ClassicWorkspace._prewarm_next_tab | severity=warn
2026-08-12 16:45:11,589 [DEBUG] infra.diagnostics.ui_stall_probe: [structured] {"event": "metric.recorded", "fields": {"metric": "ui_event_loop_stall_ms", "recorded_at": 1786524311.5897896, "tags": {"method": "ClassicWorkspace._prewarm_next_tab", "severity": "warn", "signal": "background_prewarm", "tab": "watchlist"}, "unit": "ms", "value": 69.16169999985868}}
2026-08-12 16:45:11,592 [DEBUG] core.observability: [structured] {"event": "metric.recorded", "fields": {"metric": "watchlist_tab_initial_data_ms", "recorded_at": 1786524311.59225, "tags": {"rows": "47"}, "unit": "ms", "value": 5.557700000281329}}
2026-08-12 16:45:11,593 [DEBUG] core.observability: [structured] {"event": "metric.recorded", "fields": {"metric": "watchlist_membership_reconcile", "recorded_at": 1786524311.5934474, "tags": {"mode": "reset_fallback", "new_rows": "47", "old_rows": "0", "source": "initial_data"}, "unit": "count", "value": 1.0}}
2026-08-12 16:45:12,096 [INFO] core.observability: [指标] watchlist_context_snapshot_capture_ms | 1ms | cached_rows=,candidate_source_rows=,captured_source_rows=,selected_sources=ai_industry_chain,earnings,foreign_block,lhb,na_daily,source_rows=,target_count=47,target_filter=True
2026-08-12 16:45:12,111 [DEBUG] ui.tabs.watchlist_tab: [watchlist] apply 47 metric rows
2026-08-12 16:45:12,283 [DEBUG] core.observability: [structured] {"event": "metric.recorded", "fields": {"metric": "stock_table_update_quotes_ms", "recorded_at": 1786524312.2830794, "tags": {"changed_rows": "47", "model": "StockTableModel", "payload_codes": "47", "scanned_rows": "47"}, "unit": "ms", "value": 1.467199999751756}}
2026-08-12 16:45:12,283 [DEBUG] core.observability: [structured] {"event": "metric.recorded", "fields": {"metric": "quote_snapshot_apply_ms", "recorded_at": 1786524312.283247, "tags": {"applied_codes": "47", "changed_rows": "47", "model": "StockTableModel", "payload_codes": "47", "tab": "WatchlistTab"}, "unit": "ms", "value": 1.6380999995817547}}
2026-08-12 16:45:12,283 [DEBUG] core.observability: [structured] {"event": "metric.recorded", "fields": {"metric": "watchlist_model_update_ms", "recorded_at": 1786524312.2833495, "tags": {"changed_headers": "买点,市价,市值,涨幅,涨幅%,现价", "mode": "direct", "reason": "quote_snapshot"}, "unit": "ms", "value": 1.879700000245066}}
2026-08-12 16:45:12,283 [DEBUG] core.observability: [structured] {"event": "metric.recorded", "fields": {"metric": "cache_snapshot_apply_ms", "recorded_at": 1786524312.2834594, "tags": {"changed_rows": "47", "codes": "47", "signal": "cache_snapshot", "tab": "WatchlistTab"}, "unit": "ms", "value": 2.0205999999234336}}
2026-08-12 16:45:12,350 [INFO] ui.workspaces.background_tab_preload: [Workspace] background tab preload finished scope=visible_watchlist_ready completed=1 startup_lazy_handoff=10 failures=[]
2026-08-12 16:45:12,489 [WARNING] infra.diagnostics.ui_stall_probe: [事件] ui.stall.method | delivered_full_viewport=true | dirty_bounding_area_ratio=1.0000 | elapsed_ms=129.275 | method=VCPTableView.paintEvent
2026-08-12 16:45:12,490 [DEBUG] infra.diagnostics.ui_stall_probe: [structured] {"event": "metric.recorded", "fields": {"metric": "ui_method_stall_ms", "recorded_at": 1786524312.4901543, "tags": {"method": "VCPTableView.paintEvent", "severity": "critical", "signal": "preload_reveal", "tab": "watchlist"}, "unit": "ms", "value": 129.2751999999382}}
2026-08-12 16:45:12,490 [DEBUG] core.observability: [structured] {"event": "metric.recorded", "fields": {"metric": "watchlist_table_paint_ms", "recorded_at": 1786524312.4902797, "tags": {"background_preload_ready": "true", "background_prewarm_active_key_at_paint": "", "delivered_dirty_bounding_area_ratio": "1.0000", "delivered_full_viewport": "true", "delivery_kind": "structural_full_viewport", "dirty_bounding_area_ratio": "1.0000", "dirty_region_rects": "1", "model_rows": "47", "paint_event_spontaneous": "true", "pending_reasons": "preload_reveal", "preload_staged": "false", "reason": "preload_reveal", "structural_reason": "preload_reveal", "tab": "watchlist", "workspace_load_reason": "restore_last_tab"}, "unit": "ms", "value": 129.6613000004072}}
2026-08-12 16:45:12,490 [DEBUG] core.observability: [structured] {"event": "metric.recorded", "fields": {"metric": "watchlist_table_paint_delay_ms", "recorded_at": 1786524312.490394, "tags": {"background_preload_ready": "true", "background_prewarm_active_key_at_paint": "", "delivered_dirty_bounding_area_ratio": "1.0000", "delivered_full_viewport": "true", "delivery_kind": "structural_full_viewport", "dirty_bounding_area_ratio": "1.0000", "dirty_region_rects": "1", "model_rows": "47", "paint_event_spontaneous": "true", "pending_reasons": "preload_reveal", "preload_staged": "false", "reason": "preload_reveal", "structural_reason": "preload_reveal", "tab": "watchlist", "workspace_load_reason": "restore_last_tab"}, "unit": "ms", "value": 26.111999999557156}}
2026-08-12 16:45:12,599 [INFO] infra.diagnostics.ui_stall_probe: [事件] ui.stall.method | delivered_full_viewport=true | dirty_bounding_area_ratio=1.0000 | elapsed_ms=96.398 | method=VCPTableView.paintEvent
2026-08-12 16:45:12,600 [DEBUG] infra.diagnostics.ui_stall_probe: [structured] {"event": "metric.recorded", "fields": {"metric": "ui_method_stall_ms", "recorded_at": 1786524312.600113, "tags": {"method": "VCPTableView.paintEvent", "severity": "warn", "signal": "other", "tab": "watchlist"}, "unit": "ms", "value": 96.39830000014626}}
2026-08-12 16:45:12,600 [DEBUG] core.observability: [structured] {"event": "metric.recorded", "fields": {"metric": "watchlist_table_paint_ms", "recorded_at": 1786524312.600259, "tags": {"background_preload_ready": "true", "background_prewarm_active_key_at_paint": "", "delivered_dirty_bounding_area_ratio": "1.0000", "delivered_full_viewport": "true", "delivery_kind": "full_viewport", "dirty_bounding_area_ratio": "1.0000", "dirty_region_rects": "1", "paint_event_spontaneous": "true", "preload_staged": "false", "reason": "other", "tab": "watchlist", "workspace_load_reason": "restore_last_tab"}, "unit": "ms", "value": 96.8260999998165}}
2026-08-12 16:45:13,854 [DEBUG] core.observability: [structured] {"event": "metric.recorded", "fields": {"metric": "kline_webengine_preflight_shutdown_ms", "recorded_at": 1786524313.8547077, "tags": {"clean": "true"}, "unit": "ms", "value": 0.005099999725644011}}
2026-08-12 16:45:13,854 [INFO] core.observability: [事件] kline.webengine_preflight_shutdown | clean=True | elapsed_ms=0.005
2026-08-12 16:45:13,855 [INFO] core.observability: [事件] kline.manager_shutdown | active_close_attempted=0 | active_close_clean=True | active_close_succeeded=0 | active_fallback_disposed=0
2026-08-12 16:45:13,874 [INFO] ui.main_window_qt: [watchdog] watchdog.stopped | pid=26084 | rss=268MB | private=271MB | wset=268MB | vms=271MB | threads=37 | source=psutil
2026-08-12 16:45:13,917 [INFO] infra.storage.data_store: [DataStore] SQLite 连接已关闭
