2026-08-12 16:46:25,191 [INFO] core.observability: [事件] settings.schema_migrated | application=NativeWatchlistProfile_26672_1786524383940449000 | description=bootstrap centralized settings repository | from_version=0 | organization=VCPHunterDiagnostics
2026-08-12 16:46:25,269 [INFO] ui.main_window_qt: [watchdog] watchdog.started | pid=26672 | rss=134MB | private=133MB | wset=134MB | vms=133MB | threads=10 | source=psutil
2026-08-12 16:46:25,274 [INFO] ui.main_window_qt: [watchdog] main_window.init.begin | pid=26672 | rss=134MB | private=134MB | wset=134MB | vms=134MB | threads=10 | source=psutil
2026-08-12 16:46:25,338 [INFO] infra.storage.data_store: [DataStore] SQLite 存储已就绪: D:\vcp_hunter_runtime_ab\20260812_layout_prelayout_ab\post_mount_layouts\post_tabs_layout\profile.db
2026-08-12 16:46:25,723 [WARNING] infra.diagnostics.ui_stall_probe: [事件] ui.stall.method | elapsed_ms=362.645 | method=MainWindowQT.create_workspace | severity=critical | threshold_ms=100.0
2026-08-12 16:46:25,723 [DEBUG] infra.diagnostics.ui_stall_probe: [structured] {"event": "metric.recorded", "fields": {"metric": "ui_method_stall_ms", "recorded_at": 1786524385.7235973, "tags": {"method": "MainWindowQT.create_workspace", "severity": "critical", "signal": "", "tab": ""}, "unit": "ms", "value": 362.6451999998608}}
2026-08-12 16:46:25,750 [DEBUG] core.observability: [structured] {"event": "metric.recorded", "fields": {"metric": "workspace_mount_ms", "recorded_at": 1786524385.7504303, "tags": {"workspace_mode": "classic"}, "unit": "ms", "value": 447.2566000004008}}
2026-08-12 16:46:25,750 [INFO] core.observability: [启动] 工作区已加载 | 11页 | 447ms
2026-08-12 16:46:25,785 [INFO] ui.main_window_qt: [startup] auto refresh scheduler disabled for controlled window construction
2026-08-12 16:46:25,794 [INFO] ui.main_window_qt: [watchdog] main_window.init.ready | pid=26672 | rss=195MB | private=160MB | wset=195MB | vms=160MB | threads=11 | source=psutil
2026-08-12 16:46:25,956 [WARNING] infra.diagnostics.ui_stall_probe: [事件] ui.stall.event_loop | elapsed_ms=654.523 | event_loop_gap_ms=679.523 | severity=critical | tab=watchlist
2026-08-12 16:46:25,956 [DEBUG] infra.diagnostics.ui_stall_probe: [structured] {"event": "metric.recorded", "fields": {"metric": "ui_event_loop_stall_ms", "recorded_at": 1786524385.9567144, "tags": {"method": "", "severity": "critical", "signal": "", "tab": "watchlist"}, "unit": "ms", "value": 654.5225000005303}}
2026-08-12 16:46:25,963 [DEBUG] core.observability: [structured] {"event": "metric.recorded", "fields": {"metric": "main_window_first_paint_ms", "recorded_at": 1786524385.963288, "tags": {}, "unit": "ms", "value": 729.3718999999328}}
2026-08-12 16:46:25,963 [INFO] core.observability: [启动] 主界面已显示 | 729ms
2026-08-12 16:46:25,982 [DEBUG] core.observability: [structured] {"event": "metric.recorded", "fields": {"metric": "main_window_post_paint_runtime_ms", "recorded_at": 1786524385.9827397, "tags": {}, "unit": "ms", "value": 1.3411999998425017}}
2026-08-12 16:46:25,982 [INFO] core.observability: [事件] main_window.post_paint_runtime | elapsed_ms=1.341 | succeeded=False
2026-08-12 16:46:25,986 [DEBUG] core.observability: [structured] {"event": "metric.recorded", "fields": {"metric": "main_window_post_paint_runtime_ms", "recorded_at": 1786524385.986234, "tags": {}, "unit": "ms", "value": 1.2354999998933636}}
2026-08-12 16:46:25,986 [INFO] core.observability: [事件] main_window.post_paint_runtime | elapsed_ms=1.235 | succeeded=False
2026-08-12 16:46:26,067 [INFO] infra.market_data.tdx_data_provider: [启动] 已启用通达信本地K线数据: D:\HT\vipdoc
2026-08-12 16:46:26,067 [INFO] infra.market_data.tdx_data_provider: [启动] gbbq 复权缓存改为按需加载
2026-08-12 16:46:26,067 [WARNING] infra.market_data.tdx_data_provider: [启动] 离线模式启动：跳过联网检测，使用本地数据
2026-08-12 16:46:26,105 [INFO] vcp.data_provider_history_mixin: [名称映射] 已从缓存载入 52882 条标的名称
2026-08-12 16:46:26,127 [DEBUG] core.observability: [structured] {"event": "metric.recorded", "fields": {"metric": "main_window_post_paint_runtime_ms", "recorded_at": 1786524386.1272838, "tags": {}, "unit": "ms", "value": 0.18309999995835824}}
2026-08-12 16:46:26,127 [INFO] core.observability: [事件] main_window.post_paint_runtime | elapsed_ms=0.183 | succeeded=False
2026-08-12 16:46:26,132 [DEBUG] core.observability: [structured] {"event": "metric.recorded", "fields": {"metric": "main_window_post_paint_runtime_ms", "recorded_at": 1786524386.1328235, "tags": {}, "unit": "ms", "value": 1.573699999426026}}
2026-08-12 16:46:26,133 [INFO] core.observability: [事件] main_window.post_paint_runtime | elapsed_ms=1.574 | succeeded=False
2026-08-12 16:46:26,135 [DEBUG] core.observability: [structured] {"event": "metric.recorded", "fields": {"metric": "main_window_post_paint_runtime_ms", "recorded_at": 1786524386.135329, "tags": {}, "unit": "ms", "value": 2.0332999993115664}}
2026-08-12 16:46:26,135 [INFO] core.observability: [事件] main_window.post_paint_runtime | elapsed_ms=2.033 | succeeded=False
2026-08-12 16:46:26,135 [INFO] ui.main_window_qt: [UI] central quotes disabled for controlled window construction
2026-08-12 16:46:26,136 [DEBUG] core.observability: [structured] {"event": "metric.recorded", "fields": {"metric": "main_window_post_paint_runtime_ms", "recorded_at": 1786524386.136, "tags": {}, "unit": "ms", "value": 0.25490000007266644}}
2026-08-12 16:46:26,136 [INFO] core.observability: [事件] main_window.post_paint_runtime | elapsed_ms=0.255 | succeeded=False
2026-08-12 16:46:26,136 [DEBUG] core.observability: [structured] {"event": "metric.recorded", "fields": {"metric": "main_window_post_paint_runtime_ms", "recorded_at": 1786524386.136443, "tags": {}, "unit": "ms", "value": 0.16959999993559904}}
2026-08-12 16:46:26,136 [INFO] core.observability: [事件] main_window.post_paint_runtime | elapsed_ms=0.17 | succeeded=False
2026-08-12 16:46:26,146 [DEBUG] core.observability: [structured] {"event": "metric.recorded", "fields": {"metric": "main_window_post_paint_runtime_ms", "recorded_at": 1786524386.1467016, "tags": {}, "unit": "ms", "value": 9.983599999941362}}
2026-08-12 16:46:26,146 [INFO] core.observability: [事件] main_window.post_paint_runtime | elapsed_ms=9.984 | succeeded=False
2026-08-12 16:46:26,147 [DEBUG] core.observability: [structured] {"event": "metric.recorded", "fields": {"metric": "main_window_post_paint_runtime_ms", "recorded_at": 1786524386.147397, "tags": {}, "unit": "ms", "value": 0.10350000047765207}}
2026-08-12 16:46:26,147 [INFO] core.observability: [事件] main_window.post_paint_runtime | elapsed_ms=0.104 | succeeded=False
2026-08-12 16:46:26,147 [DEBUG] core.observability: [structured] {"event": "metric.recorded", "fields": {"metric": "main_window_post_paint_runtime_ms", "recorded_at": 1786524386.1478684, "tags": {}, "unit": "ms", "value": 0.0777000004745787}}
2026-08-12 16:46:26,148 [INFO] core.observability: [事件] main_window.post_paint_runtime | elapsed_ms=0.078 | succeeded=False
2026-08-12 16:46:26,148 [DEBUG] core.observability: [structured] {"event": "metric.recorded", "fields": {"metric": "main_window_post_paint_runtime_ms", "recorded_at": 1786524386.1483295, "tags": {}, "unit": "ms", "value": 0.0667000003886642}}
2026-08-12 16:46:26,148 [INFO] core.observability: [事件] main_window.post_paint_runtime | elapsed_ms=0.067 | succeeded=False
2026-08-12 16:46:26,148 [DEBUG] core.observability: [structured] {"event": "metric.recorded", "fields": {"metric": "main_window_post_paint_runtime_ms", "recorded_at": 1786524386.1488163, "tags": {}, "unit": "ms", "value": 0.04660000013245735}}
2026-08-12 16:46:26,148 [INFO] core.observability: [事件] main_window.post_paint_runtime | elapsed_ms=0.047 | succeeded=True
2026-08-12 16:46:26,322 [DEBUG] core.observability: [structured] {"event": "metric.recorded", "fields": {"metric": "watchlist_tab_import_ms", "recorded_at": 1786524386.3226025, "tags": {}, "unit": "ms", "value": 16.40010000028269}}
2026-08-12 16:46:26,322 [DEBUG] core.observability: [structured] {"event": "metric.recorded", "fields": {"metric": "watchlist_tab_ui_construct_ms", "recorded_at": 1786524386.3227894, "tags": {}, "unit": "ms", "value": 49.07989999992424}}
2026-08-12 16:46:26,328 [INFO] infra.diagnostics.ui_stall_probe: [事件] ui.stall.method | elapsed_ms=73.138 | method=ClassicWorkspace.ensure_tab_loaded | severity=warn | signal=background_prewarm
2026-08-12 16:46:26,328 [DEBUG] infra.diagnostics.ui_stall_probe: [structured] {"event": "metric.recorded", "fields": {"metric": "ui_method_stall_ms", "recorded_at": 1786524386.3282871, "tags": {"method": "ClassicWorkspace.ensure_tab_loaded", "severity": "warn", "signal": "background_prewarm", "tab": "watchlist"}, "unit": "ms", "value": 73.1380999995963}}
2026-08-12 16:46:26,328 [INFO] infra.diagnostics.ui_stall_probe: [事件] ui.stall.method | elapsed_ms=73.8 | method=ClassicWorkspace._prewarm_next_tab | severity=warn | signal=background_prewarm
2026-08-12 16:46:26,328 [DEBUG] infra.diagnostics.ui_stall_probe: [structured] {"event": "metric.recorded", "fields": {"metric": "ui_method_stall_ms", "recorded_at": 1786524386.328792, "tags": {"method": "ClassicWorkspace._prewarm_next_tab", "severity": "warn", "signal": "background_prewarm", "tab": ""}, "unit": "ms", "value": 73.80000000011933}}
2026-08-12 16:46:26,337 [INFO] infra.diagnostics.ui_stall_probe: [事件] ui.stall.event_loop | elapsed_ms=57.557 | event_loop_gap_ms=82.557 | method=ClassicWorkspace._prewarm_next_tab | severity=warn
2026-08-12 16:46:26,337 [DEBUG] infra.diagnostics.ui_stall_probe: [structured] {"event": "metric.recorded", "fields": {"metric": "ui_event_loop_stall_ms", "recorded_at": 1786524386.3373306, "tags": {"method": "ClassicWorkspace._prewarm_next_tab", "severity": "warn", "signal": "background_prewarm", "tab": "watchlist"}, "unit": "ms", "value": 57.55670000016835}}
2026-08-12 16:46:26,338 [DEBUG] core.observability: [structured] {"event": "metric.recorded", "fields": {"metric": "watchlist_tab_initial_data_ms", "recorded_at": 1786524386.3385496, "tags": {"rows": "47"}, "unit": "ms", "value": 5.825600000207487}}
2026-08-12 16:46:26,339 [DEBUG] core.observability: [structured] {"event": "metric.recorded", "fields": {"metric": "watchlist_membership_reconcile", "recorded_at": 1786524386.3397932, "tags": {"mode": "reset_fallback", "new_rows": "47", "old_rows": "0", "source": "initial_data"}, "unit": "count", "value": 1.0}}
2026-08-12 16:46:26,829 [INFO] core.observability: [指标] watchlist_context_snapshot_capture_ms | 1ms | cached_rows=,candidate_source_rows=,captured_source_rows=,selected_sources=ai_industry_chain,earnings,foreign_block,lhb,na_daily,source_rows=,target_count=47,target_filter=True
2026-08-12 16:46:26,846 [DEBUG] ui.tabs.watchlist_tab: [watchlist] apply 47 metric rows
2026-08-12 16:46:27,031 [DEBUG] core.observability: [structured] {"event": "metric.recorded", "fields": {"metric": "stock_table_update_quotes_ms", "recorded_at": 1786524387.031819, "tags": {"changed_rows": "47", "model": "StockTableModel", "payload_codes": "47", "scanned_rows": "47"}, "unit": "ms", "value": 1.6097000006993767}}
2026-08-12 16:46:27,032 [DEBUG] core.observability: [structured] {"event": "metric.recorded", "fields": {"metric": "quote_snapshot_apply_ms", "recorded_at": 1786524387.032004, "tags": {"applied_codes": "47", "changed_rows": "47", "model": "StockTableModel", "payload_codes": "47", "tab": "WatchlistTab"}, "unit": "ms", "value": 1.7963999998755753}}
2026-08-12 16:46:27,032 [DEBUG] core.observability: [structured] {"event": "metric.recorded", "fields": {"metric": "watchlist_model_update_ms", "recorded_at": 1786524387.03211, "tags": {"changed_headers": "买点,市价,市值,涨幅,涨幅%,现价", "mode": "direct", "reason": "quote_snapshot"}, "unit": "ms", "value": 2.0500999999057967}}
2026-08-12 16:46:27,032 [DEBUG] core.observability: [structured] {"event": "metric.recorded", "fields": {"metric": "cache_snapshot_apply_ms", "recorded_at": 1786524387.0322275, "tags": {"changed_rows": "47", "codes": "47", "signal": "cache_snapshot", "tab": "WatchlistTab"}, "unit": "ms", "value": 2.2060000001147273}}
2026-08-12 16:46:27,102 [INFO] ui.workspaces.background_tab_preload: [Workspace] background tab preload finished scope=visible_watchlist_ready completed=1 startup_lazy_handoff=10 failures=[]
2026-08-12 16:46:27,247 [WARNING] infra.diagnostics.ui_stall_probe: [事件] ui.stall.method | delivered_full_viewport=true | dirty_bounding_area_ratio=1.0000 | elapsed_ms=134.559 | method=VCPTableView.paintEvent
2026-08-12 16:46:27,248 [DEBUG] infra.diagnostics.ui_stall_probe: [structured] {"event": "metric.recorded", "fields": {"metric": "ui_method_stall_ms", "recorded_at": 1786524387.248033, "tags": {"method": "VCPTableView.paintEvent", "severity": "critical", "signal": "preload_reveal", "tab": "watchlist"}, "unit": "ms", "value": 134.55900000008114}}
2026-08-12 16:46:27,248 [DEBUG] core.observability: [structured] {"event": "metric.recorded", "fields": {"metric": "watchlist_table_paint_ms", "recorded_at": 1786524387.248153, "tags": {"background_preload_ready": "true", "background_prewarm_active_key_at_paint": "", "delivered_dirty_bounding_area_ratio": "1.0000", "delivered_full_viewport": "true", "delivery_kind": "structural_full_viewport", "dirty_bounding_area_ratio": "1.0000", "dirty_region_rects": "1", "model_rows": "47", "paint_event_spontaneous": "true", "pending_reasons": "preload_reveal", "preload_staged": "false", "reason": "preload_reveal", "structural_reason": "preload_reveal", "tab": "watchlist", "workspace_load_reason": "restore_last_tab"}, "unit": "ms", "value": 134.92930000029446}}
2026-08-12 16:46:27,248 [DEBUG] core.observability: [structured] {"event": "metric.recorded", "fields": {"metric": "watchlist_table_paint_delay_ms", "recorded_at": 1786524387.2482803, "tags": {"background_preload_ready": "true", "background_prewarm_active_key_at_paint": "", "delivered_dirty_bounding_area_ratio": "1.0000", "delivered_full_viewport": "true", "delivery_kind": "structural_full_viewport", "dirty_bounding_area_ratio": "1.0000", "dirty_region_rects": "1", "model_rows": "47", "paint_event_spontaneous": "true", "pending_reasons": "preload_reveal", "preload_staged": "false", "reason": "preload_reveal", "structural_reason": "preload_reveal", "tab": "watchlist", "workspace_load_reason": "restore_last_tab"}, "unit": "ms", "value": 32.473299999765004}}
2026-08-12 16:46:27,359 [INFO] infra.diagnostics.ui_stall_probe: [事件] ui.stall.method | delivered_full_viewport=true | dirty_bounding_area_ratio=1.0000 | elapsed_ms=96.597 | method=VCPTableView.paintEvent
2026-08-12 16:46:27,359 [DEBUG] infra.diagnostics.ui_stall_probe: [structured] {"event": "metric.recorded", "fields": {"metric": "ui_method_stall_ms", "recorded_at": 1786524387.3597128, "tags": {"method": "VCPTableView.paintEvent", "severity": "warn", "signal": "other", "tab": "watchlist"}, "unit": "ms", "value": 96.59689999989496}}
2026-08-12 16:46:27,359 [DEBUG] core.observability: [structured] {"event": "metric.recorded", "fields": {"metric": "watchlist_table_paint_ms", "recorded_at": 1786524387.3598337, "tags": {"background_preload_ready": "true", "background_prewarm_active_key_at_paint": "", "delivered_dirty_bounding_area_ratio": "1.0000", "delivered_full_viewport": "true", "delivery_kind": "full_viewport", "dirty_bounding_area_ratio": "1.0000", "dirty_region_rects": "1", "paint_event_spontaneous": "true", "preload_staged": "false", "reason": "other", "tab": "watchlist", "workspace_load_reason": "restore_last_tab"}, "unit": "ms", "value": 96.98040000057517}}
2026-08-12 16:46:27,465 [INFO] infra.diagnostics.ui_stall_probe: [事件] ui.stall.method | delivered_full_viewport=true | dirty_bounding_area_ratio=1.0000 | elapsed_ms=97.565 | method=VCPTableView.paintEvent
2026-08-12 16:46:27,465 [DEBUG] infra.diagnostics.ui_stall_probe: [structured] {"event": "metric.recorded", "fields": {"metric": "ui_method_stall_ms", "recorded_at": 1786524387.465962, "tags": {"method": "VCPTableView.paintEvent", "severity": "warn", "signal": "other", "tab": "watchlist"}, "unit": "ms", "value": 97.56509999988339}}
2026-08-12 16:46:27,466 [DEBUG] core.observability: [structured] {"event": "metric.recorded", "fields": {"metric": "watchlist_table_paint_ms", "recorded_at": 1786524387.466077, "tags": {"background_preload_ready": "true", "background_prewarm_active_key_at_paint": "", "delivered_dirty_bounding_area_ratio": "1.0000", "delivered_full_viewport": "true", "delivery_kind": "full_viewport", "dirty_bounding_area_ratio": "1.0000", "dirty_region_rects": "1", "paint_event_spontaneous": "true", "preload_staged": "false", "reason": "other", "tab": "watchlist", "workspace_load_reason": "restore_last_tab"}, "unit": "ms", "value": 97.91880000011588}}
2026-08-12 16:46:28,604 [DEBUG] core.observability: [structured] {"event": "metric.recorded", "fields": {"metric": "kline_webengine_preflight_shutdown_ms", "recorded_at": 1786524388.604918, "tags": {"clean": "true"}, "unit": "ms", "value": 0.005000000783184078}}
2026-08-12 16:46:28,605 [INFO] core.observability: [事件] kline.webengine_preflight_shutdown | clean=True | elapsed_ms=0.005
2026-08-12 16:46:28,605 [INFO] core.observability: [事件] kline.manager_shutdown | active_close_attempted=0 | active_close_clean=True | active_close_succeeded=0 | active_fallback_disposed=0
2026-08-12 16:46:28,618 [INFO] ui.main_window_qt: [watchdog] watchdog.stopped | pid=26672 | rss=257MB | private=258MB | wset=257MB | vms=258MB | threads=25 | source=psutil
2026-08-12 16:46:28,643 [INFO] infra.storage.data_store: [DataStore] SQLite 连接已关闭
