2026-08-12 16:46:35,337 [INFO] core.observability: [事件] settings.schema_migrated | application=NativeWatchlistProfile_7124_1786524394174761900 | description=bootstrap centralized settings repository | from_version=0 | organization=VCPHunterDiagnostics
2026-08-12 16:46:35,406 [INFO] ui.main_window_qt: [watchdog] watchdog.started | pid=7124 | rss=134MB | private=134MB | wset=134MB | vms=134MB | threads=10 | source=psutil
2026-08-12 16:46:35,412 [INFO] ui.main_window_qt: [watchdog] main_window.init.begin | pid=7124 | rss=135MB | private=134MB | wset=135MB | vms=134MB | threads=10 | source=psutil
2026-08-12 16:46:35,474 [INFO] infra.storage.data_store: [DataStore] SQLite 存储已就绪: D:\vcp_hunter_runtime_ab\20260812_layout_prelayout_ab\post_mount_layouts\post_frame_layout\profile.db
2026-08-12 16:46:35,845 [WARNING] infra.diagnostics.ui_stall_probe: [事件] ui.stall.method | elapsed_ms=351.501 | method=MainWindowQT.create_workspace | severity=critical | threshold_ms=100.0
2026-08-12 16:46:35,845 [DEBUG] infra.diagnostics.ui_stall_probe: [structured] {"event": "metric.recorded", "fields": {"metric": "ui_method_stall_ms", "recorded_at": 1786524395.845825, "tags": {"method": "MainWindowQT.create_workspace", "severity": "critical", "signal": "", "tab": ""}, "unit": "ms", "value": 351.50119999980234}}
2026-08-12 16:46:35,873 [DEBUG] core.observability: [structured] {"event": "metric.recorded", "fields": {"metric": "workspace_mount_ms", "recorded_at": 1786524395.8729432, "tags": {"workspace_mode": "classic"}, "unit": "ms", "value": 433.097799999814}}
2026-08-12 16:46:35,873 [INFO] core.observability: [启动] 工作区已加载 | 11页 | 433ms
2026-08-12 16:46:35,907 [INFO] ui.main_window_qt: [startup] auto refresh scheduler disabled for controlled window construction
2026-08-12 16:46:35,915 [INFO] ui.main_window_qt: [watchdog] main_window.init.ready | pid=7124 | rss=196MB | private=160MB | wset=196MB | vms=160MB | threads=11 | source=psutil
2026-08-12 16:46:36,107 [WARNING] infra.diagnostics.ui_stall_probe: [事件] ui.stall.event_loop | elapsed_ms=668.721 | event_loop_gap_ms=693.721 | severity=critical | tab=watchlist
2026-08-12 16:46:36,107 [DEBUG] infra.diagnostics.ui_stall_probe: [structured] {"event": "metric.recorded", "fields": {"metric": "ui_event_loop_stall_ms", "recorded_at": 1786524396.1079352, "tags": {"method": "", "severity": "critical", "signal": "", "tab": "watchlist"}, "unit": "ms", "value": 668.7207999999373}}
2026-08-12 16:46:36,117 [DEBUG] core.observability: [structured] {"event": "metric.recorded", "fields": {"metric": "main_window_first_paint_ms", "recorded_at": 1786524396.1172018, "tags": {}, "unit": "ms", "value": 742.8828000001886}}
2026-08-12 16:46:36,117 [INFO] core.observability: [启动] 主界面已显示 | 743ms
2026-08-12 16:46:36,138 [DEBUG] core.observability: [structured] {"event": "metric.recorded", "fields": {"metric": "main_window_post_paint_runtime_ms", "recorded_at": 1786524396.138443, "tags": {}, "unit": "ms", "value": 1.3011000000915374}}
2026-08-12 16:46:36,138 [INFO] core.observability: [事件] main_window.post_paint_runtime | elapsed_ms=1.301 | succeeded=False
2026-08-12 16:46:36,146 [DEBUG] core.observability: [structured] {"event": "metric.recorded", "fields": {"metric": "main_window_post_paint_runtime_ms", "recorded_at": 1786524396.1464467, "tags": {}, "unit": "ms", "value": 1.286699999582197}}
2026-08-12 16:46:36,146 [INFO] core.observability: [事件] main_window.post_paint_runtime | elapsed_ms=1.287 | succeeded=False
2026-08-12 16:46:36,229 [INFO] infra.market_data.tdx_data_provider: [启动] 已启用通达信本地K线数据: D:\HT\vipdoc
2026-08-12 16:46:36,229 [INFO] infra.market_data.tdx_data_provider: [启动] gbbq 复权缓存改为按需加载
2026-08-12 16:46:36,229 [WARNING] infra.market_data.tdx_data_provider: [启动] 离线模式启动：跳过联网检测，使用本地数据
2026-08-12 16:46:36,265 [INFO] vcp.data_provider_history_mixin: [名称映射] 已从缓存载入 52882 条标的名称
2026-08-12 16:46:36,285 [DEBUG] core.observability: [structured] {"event": "metric.recorded", "fields": {"metric": "main_window_post_paint_runtime_ms", "recorded_at": 1786524396.2858095, "tags": {}, "unit": "ms", "value": 0.1733999997668434}}
2026-08-12 16:46:36,286 [INFO] core.observability: [事件] main_window.post_paint_runtime | elapsed_ms=0.173 | succeeded=False
2026-08-12 16:46:36,287 [DEBUG] core.observability: [structured] {"event": "metric.recorded", "fields": {"metric": "main_window_post_paint_runtime_ms", "recorded_at": 1786524396.2879076, "tags": {}, "unit": "ms", "value": 1.5243999996528146}}
2026-08-12 16:46:36,288 [INFO] core.observability: [事件] main_window.post_paint_runtime | elapsed_ms=1.524 | succeeded=False
2026-08-12 16:46:36,293 [DEBUG] core.observability: [structured] {"event": "metric.recorded", "fields": {"metric": "main_window_post_paint_runtime_ms", "recorded_at": 1786524396.293429, "tags": {}, "unit": "ms", "value": 2.342300000236719}}
2026-08-12 16:46:36,293 [INFO] core.observability: [事件] main_window.post_paint_runtime | elapsed_ms=2.342 | succeeded=False
2026-08-12 16:46:36,294 [INFO] ui.main_window_qt: [UI] central quotes disabled for controlled window construction
2026-08-12 16:46:36,294 [DEBUG] core.observability: [structured] {"event": "metric.recorded", "fields": {"metric": "main_window_post_paint_runtime_ms", "recorded_at": 1786524396.2942698, "tags": {}, "unit": "ms", "value": 0.2797999995891587}}
2026-08-12 16:46:36,294 [INFO] core.observability: [事件] main_window.post_paint_runtime | elapsed_ms=0.28 | succeeded=False
2026-08-12 16:46:36,294 [DEBUG] core.observability: [structured] {"event": "metric.recorded", "fields": {"metric": "main_window_post_paint_runtime_ms", "recorded_at": 1786524396.29472, "tags": {}, "unit": "ms", "value": 0.17019999995682156}}
2026-08-12 16:46:36,294 [INFO] core.observability: [事件] main_window.post_paint_runtime | elapsed_ms=0.17 | succeeded=False
2026-08-12 16:46:36,305 [DEBUG] core.observability: [structured] {"event": "metric.recorded", "fields": {"metric": "main_window_post_paint_runtime_ms", "recorded_at": 1786524396.3052702, "tags": {}, "unit": "ms", "value": 10.27449999946839}}
2026-08-12 16:46:36,305 [INFO] core.observability: [事件] main_window.post_paint_runtime | elapsed_ms=10.274 | succeeded=False
2026-08-12 16:46:36,306 [DEBUG] core.observability: [structured] {"event": "metric.recorded", "fields": {"metric": "main_window_post_paint_runtime_ms", "recorded_at": 1786524396.3066378, "tags": {}, "unit": "ms", "value": 0.11769999946409371}}
2026-08-12 16:46:36,306 [INFO] core.observability: [事件] main_window.post_paint_runtime | elapsed_ms=0.118 | succeeded=False
2026-08-12 16:46:36,307 [DEBUG] core.observability: [structured] {"event": "metric.recorded", "fields": {"metric": "main_window_post_paint_runtime_ms", "recorded_at": 1786524396.3079097, "tags": {}, "unit": "ms", "value": 0.08059999981924193}}
2026-08-12 16:46:36,308 [INFO] core.observability: [事件] main_window.post_paint_runtime | elapsed_ms=0.081 | succeeded=False
2026-08-12 16:46:36,308 [DEBUG] core.observability: [structured] {"event": "metric.recorded", "fields": {"metric": "main_window_post_paint_runtime_ms", "recorded_at": 1786524396.3083408, "tags": {}, "unit": "ms", "value": 0.0638999999864609}}
2026-08-12 16:46:36,308 [INFO] core.observability: [事件] main_window.post_paint_runtime | elapsed_ms=0.064 | succeeded=False
2026-08-12 16:46:36,308 [DEBUG] core.observability: [structured] {"event": "metric.recorded", "fields": {"metric": "main_window_post_paint_runtime_ms", "recorded_at": 1786524396.3087568, "tags": {}, "unit": "ms", "value": 0.06450000000768341}}
2026-08-12 16:46:36,308 [INFO] core.observability: [事件] main_window.post_paint_runtime | elapsed_ms=0.065 | succeeded=True
2026-08-12 16:46:36,486 [DEBUG] core.observability: [structured] {"event": "metric.recorded", "fields": {"metric": "watchlist_tab_import_ms", "recorded_at": 1786524396.4859834, "tags": {}, "unit": "ms", "value": 16.92300000013347}}
2026-08-12 16:46:36,486 [DEBUG] core.observability: [structured] {"event": "metric.recorded", "fields": {"metric": "watchlist_tab_ui_construct_ms", "recorded_at": 1786524396.4861526, "tags": {}, "unit": "ms", "value": 60.79090000002907}}
2026-08-12 16:46:36,489 [INFO] infra.diagnostics.ui_stall_probe: [事件] ui.stall.method | elapsed_ms=83.927 | method=ClassicWorkspace.ensure_tab_loaded | severity=warn | signal=background_prewarm
2026-08-12 16:46:36,490 [DEBUG] infra.diagnostics.ui_stall_probe: [structured] {"event": "metric.recorded", "fields": {"metric": "ui_method_stall_ms", "recorded_at": 1786524396.4901502, "tags": {"method": "ClassicWorkspace.ensure_tab_loaded", "severity": "warn", "signal": "background_prewarm", "tab": "watchlist"}, "unit": "ms", "value": 83.92689999982395}}
2026-08-12 16:46:36,490 [INFO] infra.diagnostics.ui_stall_probe: [事件] ui.stall.method | elapsed_ms=84.49 | method=ClassicWorkspace._prewarm_next_tab | severity=warn | signal=background_prewarm
2026-08-12 16:46:36,490 [DEBUG] infra.diagnostics.ui_stall_probe: [structured] {"event": "metric.recorded", "fields": {"metric": "ui_method_stall_ms", "recorded_at": 1786524396.4905732, "tags": {"method": "ClassicWorkspace._prewarm_next_tab", "severity": "warn", "signal": "background_prewarm", "tab": ""}, "unit": "ms", "value": 84.48969999972178}}
2026-08-12 16:46:36,499 [INFO] infra.diagnostics.ui_stall_probe: [事件] ui.stall.event_loop | elapsed_ms=68.771 | event_loop_gap_ms=93.771 | method=ClassicWorkspace._prewarm_next_tab | severity=warn
2026-08-12 16:46:36,499 [DEBUG] infra.diagnostics.ui_stall_probe: [structured] {"event": "metric.recorded", "fields": {"metric": "ui_event_loop_stall_ms", "recorded_at": 1786524396.4995165, "tags": {"method": "ClassicWorkspace._prewarm_next_tab", "severity": "warn", "signal": "background_prewarm", "tab": "watchlist"}, "unit": "ms", "value": 68.7712000004467}}
2026-08-12 16:46:36,501 [DEBUG] core.observability: [structured] {"event": "metric.recorded", "fields": {"metric": "watchlist_tab_initial_data_ms", "recorded_at": 1786524396.501037, "tags": {"rows": "47"}, "unit": "ms", "value": 6.392500000401924}}
2026-08-12 16:46:36,502 [DEBUG] core.observability: [structured] {"event": "metric.recorded", "fields": {"metric": "watchlist_membership_reconcile", "recorded_at": 1786524396.502361, "tags": {"mode": "reset_fallback", "new_rows": "47", "old_rows": "0", "source": "initial_data"}, "unit": "count", "value": 1.0}}
2026-08-12 16:46:37,006 [INFO] core.observability: [指标] watchlist_context_snapshot_capture_ms | 1ms | cached_rows=,candidate_source_rows=,captured_source_rows=,selected_sources=ai_industry_chain,earnings,foreign_block,lhb,na_daily,source_rows=,target_count=47,target_filter=True
2026-08-12 16:46:37,024 [DEBUG] ui.tabs.watchlist_tab: [watchlist] apply 47 metric rows
2026-08-12 16:46:37,179 [DEBUG] core.observability: [structured] {"event": "metric.recorded", "fields": {"metric": "stock_table_update_quotes_ms", "recorded_at": 1786524397.1795647, "tags": {"changed_rows": "47", "model": "StockTableModel", "payload_codes": "47", "scanned_rows": "47"}, "unit": "ms", "value": 1.6598999991401797}}
2026-08-12 16:46:37,179 [DEBUG] core.observability: [structured] {"event": "metric.recorded", "fields": {"metric": "quote_snapshot_apply_ms", "recorded_at": 1786524397.1797614, "tags": {"applied_codes": "47", "changed_rows": "47", "model": "StockTableModel", "payload_codes": "47", "tab": "WatchlistTab"}, "unit": "ms", "value": 1.8589999999676365}}
2026-08-12 16:46:37,179 [DEBUG] core.observability: [structured] {"event": "metric.recorded", "fields": {"metric": "watchlist_model_update_ms", "recorded_at": 1786524397.1798666, "tags": {"changed_headers": "买点,市价,市值,涨幅,涨幅%,现价", "mode": "direct", "reason": "quote_snapshot"}, "unit": "ms", "value": 2.114199999596167}}
2026-08-12 16:46:37,180 [DEBUG] core.observability: [structured] {"event": "metric.recorded", "fields": {"metric": "cache_snapshot_apply_ms", "recorded_at": 1786524397.1799798, "tags": {"changed_rows": "47", "codes": "47", "signal": "cache_snapshot", "tab": "WatchlistTab"}, "unit": "ms", "value": 2.2730000000592554}}
2026-08-12 16:46:37,259 [INFO] ui.workspaces.background_tab_preload: [Workspace] background tab preload finished scope=visible_watchlist_ready completed=1 startup_lazy_handoff=10 failures=[]
2026-08-12 16:46:37,409 [WARNING] infra.diagnostics.ui_stall_probe: [事件] ui.stall.method | delivered_full_viewport=true | dirty_bounding_area_ratio=1.0000 | elapsed_ms=140.356 | method=VCPTableView.paintEvent
2026-08-12 16:46:37,409 [DEBUG] infra.diagnostics.ui_stall_probe: [structured] {"event": "metric.recorded", "fields": {"metric": "ui_method_stall_ms", "recorded_at": 1786524397.4093091, "tags": {"method": "VCPTableView.paintEvent", "severity": "critical", "signal": "preload_reveal", "tab": "watchlist"}, "unit": "ms", "value": 140.35580000017944}}
2026-08-12 16:46:37,409 [DEBUG] core.observability: [structured] {"event": "metric.recorded", "fields": {"metric": "watchlist_table_paint_ms", "recorded_at": 1786524397.4094827, "tags": {"background_preload_ready": "true", "background_prewarm_active_key_at_paint": "", "delivered_dirty_bounding_area_ratio": "1.0000", "delivered_full_viewport": "true", "delivery_kind": "structural_full_viewport", "dirty_bounding_area_ratio": "1.0000", "dirty_region_rects": "1", "model_rows": "47", "paint_event_spontaneous": "true", "pending_reasons": "preload_reveal", "preload_staged": "false", "reason": "preload_reveal", "structural_reason": "preload_reveal", "tab": "watchlist", "workspace_load_reason": "restore_last_tab"}, "unit": "ms", "value": 140.87259999996604}}
2026-08-12 16:46:37,410 [DEBUG] core.observability: [structured] {"event": "metric.recorded", "fields": {"metric": "watchlist_table_paint_delay_ms", "recorded_at": 1786524397.410007, "tags": {"background_preload_ready": "true", "background_prewarm_active_key_at_paint": "", "delivered_dirty_bounding_area_ratio": "1.0000", "delivered_full_viewport": "true", "delivery_kind": "structural_full_viewport", "dirty_bounding_area_ratio": "1.0000", "dirty_region_rects": "1", "model_rows": "47", "paint_event_spontaneous": "true", "pending_reasons": "preload_reveal", "preload_staged": "false", "reason": "preload_reveal", "structural_reason": "preload_reveal", "tab": "watchlist", "workspace_load_reason": "restore_last_tab"}, "unit": "ms", "value": 31.41719999985071}}
2026-08-12 16:46:37,513 [INFO] infra.diagnostics.ui_stall_probe: [事件] ui.stall.method | delivered_full_viewport=true | dirty_bounding_area_ratio=1.0000 | elapsed_ms=95.719 | method=VCPTableView.paintEvent
2026-08-12 16:46:37,513 [DEBUG] infra.diagnostics.ui_stall_probe: [structured] {"event": "metric.recorded", "fields": {"metric": "ui_method_stall_ms", "recorded_at": 1786524397.513733, "tags": {"method": "VCPTableView.paintEvent", "severity": "warn", "signal": "other", "tab": "watchlist"}, "unit": "ms", "value": 95.71850000065751}}
2026-08-12 16:46:37,513 [DEBUG] core.observability: [structured] {"event": "metric.recorded", "fields": {"metric": "watchlist_table_paint_ms", "recorded_at": 1786524397.5138512, "tags": {"background_preload_ready": "true", "background_prewarm_active_key_at_paint": "", "delivered_dirty_bounding_area_ratio": "1.0000", "delivered_full_viewport": "true", "delivery_kind": "full_viewport", "dirty_bounding_area_ratio": "1.0000", "dirty_region_rects": "1", "paint_event_spontaneous": "true", "preload_staged": "false", "reason": "other", "tab": "watchlist", "workspace_load_reason": "restore_last_tab"}, "unit": "ms", "value": 96.07689999938884}}
2026-08-12 16:46:37,613 [INFO] infra.diagnostics.ui_stall_probe: [事件] ui.stall.method | delivered_full_viewport=true | dirty_bounding_area_ratio=1.0000 | elapsed_ms=91.41 | method=VCPTableView.paintEvent
2026-08-12 16:46:37,613 [DEBUG] infra.diagnostics.ui_stall_probe: [structured] {"event": "metric.recorded", "fields": {"metric": "ui_method_stall_ms", "recorded_at": 1786524397.6133924, "tags": {"method": "VCPTableView.paintEvent", "severity": "warn", "signal": "other", "tab": "watchlist"}, "unit": "ms", "value": 91.41019999970013}}
2026-08-12 16:46:37,613 [DEBUG] core.observability: [structured] {"event": "metric.recorded", "fields": {"metric": "watchlist_table_paint_ms", "recorded_at": 1786524397.6135132, "tags": {"background_preload_ready": "true", "background_prewarm_active_key_at_paint": "", "delivered_dirty_bounding_area_ratio": "1.0000", "delivered_full_viewport": "true", "delivery_kind": "full_viewport", "dirty_bounding_area_ratio": "1.0000", "dirty_region_rects": "1", "paint_event_spontaneous": "true", "preload_staged": "false", "reason": "other", "tab": "watchlist", "workspace_load_reason": "restore_last_tab"}, "unit": "ms", "value": 91.7741000002934}}
2026-08-12 16:46:38,762 [DEBUG] core.observability: [structured] {"event": "metric.recorded", "fields": {"metric": "kline_webengine_preflight_shutdown_ms", "recorded_at": 1786524398.7628264, "tags": {"clean": "true"}, "unit": "ms", "value": 0.004800000169780105}}
2026-08-12 16:46:38,763 [INFO] core.observability: [事件] kline.webengine_preflight_shutdown | clean=True | elapsed_ms=0.005
2026-08-12 16:46:38,763 [INFO] core.observability: [事件] kline.manager_shutdown | active_close_attempted=0 | active_close_clean=True | active_close_succeeded=0 | active_fallback_disposed=0
2026-08-12 16:46:38,780 [INFO] ui.main_window_qt: [watchdog] watchdog.stopped | pid=7124 | rss=267MB | private=269MB | wset=267MB | vms=269MB | threads=37 | source=psutil
2026-08-12 16:46:38,823 [INFO] infra.storage.data_store: [DataStore] SQLite 连接已关闭
