2026-08-12 16:45:15,492 [INFO] core.observability: [事件] settings.schema_migrated | application=NativeWatchlistProfile_27404_1786524314350322700 | description=bootstrap centralized settings repository | from_version=0 | organization=VCPHunterDiagnostics
2026-08-12 16:45:15,570 [INFO] ui.main_window_qt: [watchdog] watchdog.started | pid=27404 | rss=134MB | private=134MB | wset=134MB | vms=134MB | threads=10 | source=psutil
2026-08-12 16:45:15,576 [INFO] ui.main_window_qt: [watchdog] main_window.init.begin | pid=27404 | rss=135MB | private=134MB | wset=135MB | vms=134MB | threads=10 | source=psutil
2026-08-12 16:45:15,636 [INFO] infra.storage.data_store: [DataStore] SQLite 存储已就绪: D:\vcp_hunter_runtime_ab\20260812_layout_prelayout_ab\single_vars\table_geometry\profile.db
2026-08-12 16:45:16,008 [WARNING] infra.diagnostics.ui_stall_probe: [事件] ui.stall.method | elapsed_ms=352.443 | method=MainWindowQT.create_workspace | severity=critical | threshold_ms=100.0
2026-08-12 16:45:16,008 [DEBUG] infra.diagnostics.ui_stall_probe: [structured] {"event": "metric.recorded", "fields": {"metric": "ui_method_stall_ms", "recorded_at": 1786524316.0088215, "tags": {"method": "MainWindowQT.create_workspace", "severity": "critical", "signal": "", "tab": ""}, "unit": "ms", "value": 352.4427000002106}}
2026-08-12 16:45:16,040 [DEBUG] core.observability: [structured] {"event": "metric.recorded", "fields": {"metric": "workspace_mount_ms", "recorded_at": 1786524316.039933, "tags": {"workspace_mode": "classic"}, "unit": "ms", "value": 436.5992000002734}}
2026-08-12 16:45:16,040 [INFO] core.observability: [启动] 工作区已加载 | 11页 | 437ms
2026-08-12 16:45:16,075 [INFO] ui.main_window_qt: [startup] auto refresh scheduler disabled for controlled window construction
2026-08-12 16:45:16,082 [INFO] ui.main_window_qt: [watchdog] main_window.init.ready | pid=27404 | rss=196MB | private=161MB | wset=196MB | vms=161MB | threads=11 | source=psutil
2026-08-12 16:45:16,276 [WARNING] infra.diagnostics.ui_stall_probe: [事件] ui.stall.event_loop | elapsed_ms=673.332 | event_loop_gap_ms=698.332 | severity=critical | tab=watchlist
2026-08-12 16:45:16,276 [DEBUG] infra.diagnostics.ui_stall_probe: [structured] {"event": "metric.recorded", "fields": {"metric": "ui_event_loop_stall_ms", "recorded_at": 1786524316.276473, "tags": {"method": "", "severity": "critical", "signal": "", "tab": "watchlist"}, "unit": "ms", "value": 673.3319999999367}}
2026-08-12 16:45:16,284 [DEBUG] core.observability: [structured] {"event": "metric.recorded", "fields": {"metric": "main_window_first_paint_ms", "recorded_at": 1786524316.2843416, "tags": {}, "unit": "ms", "value": 746.1422999995193}}
2026-08-12 16:45:16,284 [INFO] core.observability: [启动] 主界面已显示 | 746ms
2026-08-12 16:45:16,304 [DEBUG] core.observability: [structured] {"event": "metric.recorded", "fields": {"metric": "main_window_post_paint_runtime_ms", "recorded_at": 1786524316.304795, "tags": {}, "unit": "ms", "value": 1.2588999998115469}}
2026-08-12 16:45:16,304 [INFO] core.observability: [事件] main_window.post_paint_runtime | elapsed_ms=1.259 | succeeded=False
2026-08-12 16:45:16,311 [DEBUG] core.observability: [structured] {"event": "metric.recorded", "fields": {"metric": "main_window_post_paint_runtime_ms", "recorded_at": 1786524316.3116736, "tags": {}, "unit": "ms", "value": 1.280300000871648}}
2026-08-12 16:45:16,311 [INFO] core.observability: [事件] main_window.post_paint_runtime | elapsed_ms=1.28 | succeeded=False
2026-08-12 16:45:16,392 [INFO] infra.market_data.tdx_data_provider: [启动] 已启用通达信本地K线数据: D:\HT\vipdoc
2026-08-12 16:45:16,393 [INFO] infra.market_data.tdx_data_provider: [启动] gbbq 复权缓存改为按需加载
2026-08-12 16:45:16,393 [WARNING] infra.market_data.tdx_data_provider: [启动] 离线模式启动：跳过联网检测，使用本地数据
2026-08-12 16:45:16,430 [INFO] vcp.data_provider_history_mixin: [名称映射] 已从缓存载入 52882 条标的名称
2026-08-12 16:45:16,450 [DEBUG] core.observability: [structured] {"event": "metric.recorded", "fields": {"metric": "main_window_post_paint_runtime_ms", "recorded_at": 1786524316.45037, "tags": {}, "unit": "ms", "value": 0.17610000031709205}}
2026-08-12 16:45:16,450 [INFO] core.observability: [事件] main_window.post_paint_runtime | elapsed_ms=0.176 | succeeded=False
2026-08-12 16:45:16,452 [DEBUG] core.observability: [structured] {"event": "metric.recorded", "fields": {"metric": "main_window_post_paint_runtime_ms", "recorded_at": 1786524316.4528794, "tags": {}, "unit": "ms", "value": 1.5014999999038992}}
2026-08-12 16:45:16,453 [INFO] core.observability: [事件] main_window.post_paint_runtime | elapsed_ms=1.501 | succeeded=False
2026-08-12 16:45:16,455 [DEBUG] core.observability: [structured] {"event": "metric.recorded", "fields": {"metric": "main_window_post_paint_runtime_ms", "recorded_at": 1786524316.4556513, "tags": {}, "unit": "ms", "value": 2.058000000033644}}
2026-08-12 16:45:16,455 [INFO] core.observability: [事件] main_window.post_paint_runtime | elapsed_ms=2.058 | succeeded=False
2026-08-12 16:45:16,456 [INFO] ui.main_window_qt: [UI] central quotes disabled for controlled window construction
2026-08-12 16:45:16,456 [DEBUG] core.observability: [structured] {"event": "metric.recorded", "fields": {"metric": "main_window_post_paint_runtime_ms", "recorded_at": 1786524316.456836, "tags": {}, "unit": "ms", "value": 0.5221999999776017}}
2026-08-12 16:45:16,457 [INFO] core.observability: [事件] main_window.post_paint_runtime | elapsed_ms=0.522 | succeeded=False
2026-08-12 16:45:16,460 [DEBUG] core.observability: [structured] {"event": "metric.recorded", "fields": {"metric": "main_window_post_paint_runtime_ms", "recorded_at": 1786524316.4606602, "tags": {}, "unit": "ms", "value": 0.19629999951575883}}
2026-08-12 16:45:16,460 [INFO] core.observability: [事件] main_window.post_paint_runtime | elapsed_ms=0.196 | succeeded=False
2026-08-12 16:45:16,470 [DEBUG] core.observability: [structured] {"event": "metric.recorded", "fields": {"metric": "main_window_post_paint_runtime_ms", "recorded_at": 1786524316.470795, "tags": {}, "unit": "ms", "value": 9.751199999300297}}
2026-08-12 16:45:16,471 [INFO] core.observability: [事件] main_window.post_paint_runtime | elapsed_ms=9.751 | succeeded=False
2026-08-12 16:45:16,471 [DEBUG] core.observability: [structured] {"event": "metric.recorded", "fields": {"metric": "main_window_post_paint_runtime_ms", "recorded_at": 1786524316.4719105, "tags": {}, "unit": "ms", "value": 0.5060999992565485}}
2026-08-12 16:45:16,472 [INFO] core.observability: [事件] main_window.post_paint_runtime | elapsed_ms=0.506 | succeeded=False
2026-08-12 16:45:16,473 [DEBUG] core.observability: [structured] {"event": "metric.recorded", "fields": {"metric": "main_window_post_paint_runtime_ms", "recorded_at": 1786524316.4731684, "tags": {}, "unit": "ms", "value": 0.17240000033780234}}
2026-08-12 16:45:16,473 [INFO] core.observability: [事件] main_window.post_paint_runtime | elapsed_ms=0.172 | succeeded=False
2026-08-12 16:45:16,474 [DEBUG] core.observability: [structured] {"event": "metric.recorded", "fields": {"metric": "main_window_post_paint_runtime_ms", "recorded_at": 1786524316.4744942, "tags": {}, "unit": "ms", "value": 0.16729999970266363}}
2026-08-12 16:45:16,474 [INFO] core.observability: [事件] main_window.post_paint_runtime | elapsed_ms=0.167 | succeeded=False
2026-08-12 16:45:16,475 [DEBUG] core.observability: [structured] {"event": "metric.recorded", "fields": {"metric": "main_window_post_paint_runtime_ms", "recorded_at": 1786524316.4752026, "tags": {}, "unit": "ms", "value": 0.08680000064487103}}
2026-08-12 16:45:16,475 [INFO] core.observability: [事件] main_window.post_paint_runtime | elapsed_ms=0.087 | succeeded=True
2026-08-12 16:45:16,652 [DEBUG] core.observability: [structured] {"event": "metric.recorded", "fields": {"metric": "watchlist_tab_import_ms", "recorded_at": 1786524316.6520228, "tags": {}, "unit": "ms", "value": 15.930300000036368}}
2026-08-12 16:45:16,652 [DEBUG] core.observability: [structured] {"event": "metric.recorded", "fields": {"metric": "watchlist_tab_ui_construct_ms", "recorded_at": 1786524316.6522164, "tags": {}, "unit": "ms", "value": 59.74179999975604}}
2026-08-12 16:45:16,656 [INFO] infra.diagnostics.ui_stall_probe: [事件] ui.stall.method | elapsed_ms=82.267 | method=ClassicWorkspace.ensure_tab_loaded | severity=warn | signal=background_prewarm
2026-08-12 16:45:16,657 [DEBUG] infra.diagnostics.ui_stall_probe: [structured] {"event": "metric.recorded", "fields": {"metric": "ui_method_stall_ms", "recorded_at": 1786524316.6570163, "tags": {"method": "ClassicWorkspace.ensure_tab_loaded", "severity": "warn", "signal": "background_prewarm", "tab": "watchlist"}, "unit": "ms", "value": 82.26710000053572}}
2026-08-12 16:45:16,657 [INFO] infra.diagnostics.ui_stall_probe: [事件] ui.stall.method | elapsed_ms=83.647 | method=ClassicWorkspace._prewarm_next_tab | severity=warn | signal=background_prewarm
2026-08-12 16:45:16,658 [DEBUG] infra.diagnostics.ui_stall_probe: [structured] {"event": "metric.recorded", "fields": {"metric": "ui_method_stall_ms", "recorded_at": 1786524316.658001, "tags": {"method": "ClassicWorkspace._prewarm_next_tab", "severity": "warn", "signal": "background_prewarm", "tab": ""}, "unit": "ms", "value": 83.64660000006552}}
2026-08-12 16:45:16,666 [INFO] infra.diagnostics.ui_stall_probe: [事件] ui.stall.event_loop | elapsed_ms=68.227 | event_loop_gap_ms=93.227 | method=ClassicWorkspace._prewarm_next_tab | severity=warn
2026-08-12 16:45:16,666 [DEBUG] infra.diagnostics.ui_stall_probe: [structured] {"event": "metric.recorded", "fields": {"metric": "ui_event_loop_stall_ms", "recorded_at": 1786524316.6669166, "tags": {"method": "ClassicWorkspace._prewarm_next_tab", "severity": "warn", "signal": "background_prewarm", "tab": "watchlist"}, "unit": "ms", "value": 68.22679999968386}}
2026-08-12 16:45:16,668 [DEBUG] core.observability: [structured] {"event": "metric.recorded", "fields": {"metric": "watchlist_tab_initial_data_ms", "recorded_at": 1786524316.6683896, "tags": {"rows": "47"}, "unit": "ms", "value": 7.111199999599194}}
2026-08-12 16:45:16,669 [DEBUG] core.observability: [structured] {"event": "metric.recorded", "fields": {"metric": "watchlist_membership_reconcile", "recorded_at": 1786524316.6695673, "tags": {"mode": "reset_fallback", "new_rows": "47", "old_rows": "0", "source": "initial_data"}, "unit": "count", "value": 1.0}}
2026-08-12 16:45:17,164 [INFO] core.observability: [指标] watchlist_context_snapshot_capture_ms | 1ms | cached_rows=,candidate_source_rows=,captured_source_rows=,selected_sources=ai_industry_chain,earnings,foreign_block,lhb,na_daily,source_rows=,target_count=47,target_filter=True
2026-08-12 16:45:17,180 [DEBUG] ui.tabs.watchlist_tab: [watchlist] apply 47 metric rows
2026-08-12 16:45:17,349 [DEBUG] core.observability: [structured] {"event": "metric.recorded", "fields": {"metric": "stock_table_update_quotes_ms", "recorded_at": 1786524317.3496077, "tags": {"changed_rows": "47", "model": "StockTableModel", "payload_codes": "47", "scanned_rows": "47"}, "unit": "ms", "value": 1.4714999997522682}}
2026-08-12 16:45:17,349 [DEBUG] core.observability: [structured] {"event": "metric.recorded", "fields": {"metric": "quote_snapshot_apply_ms", "recorded_at": 1786524317.349781, "tags": {"applied_codes": "47", "changed_rows": "47", "model": "StockTableModel", "payload_codes": "47", "tab": "WatchlistTab"}, "unit": "ms", "value": 1.648399999794492}}
2026-08-12 16:45:17,349 [DEBUG] core.observability: [structured] {"event": "metric.recorded", "fields": {"metric": "watchlist_model_update_ms", "recorded_at": 1786524317.3498838, "tags": {"changed_headers": "买点,市价,市值,涨幅,涨幅%,现价", "mode": "direct", "reason": "quote_snapshot"}, "unit": "ms", "value": 1.8955000005007605}}
2026-08-12 16:45:17,350 [DEBUG] core.observability: [structured] {"event": "metric.recorded", "fields": {"metric": "cache_snapshot_apply_ms", "recorded_at": 1786524317.3499959, "tags": {"changed_rows": "47", "codes": "47", "signal": "cache_snapshot", "tab": "WatchlistTab"}, "unit": "ms", "value": 2.040100000158418}}
2026-08-12 16:45:17,435 [INFO] ui.workspaces.background_tab_preload: [Workspace] background tab preload finished scope=visible_watchlist_ready completed=1 startup_lazy_handoff=10 failures=[]
2026-08-12 16:45:17,588 [WARNING] infra.diagnostics.ui_stall_probe: [事件] ui.stall.method | delivered_full_viewport=true | dirty_bounding_area_ratio=1.0000 | elapsed_ms=142.348 | method=VCPTableView.paintEvent
2026-08-12 16:45:17,588 [DEBUG] infra.diagnostics.ui_stall_probe: [structured] {"event": "metric.recorded", "fields": {"metric": "ui_method_stall_ms", "recorded_at": 1786524317.5888157, "tags": {"method": "VCPTableView.paintEvent", "severity": "critical", "signal": "preload_reveal", "tab": "watchlist"}, "unit": "ms", "value": 142.34769999984564}}
2026-08-12 16:45:17,588 [DEBUG] core.observability: [structured] {"event": "metric.recorded", "fields": {"metric": "watchlist_table_paint_ms", "recorded_at": 1786524317.5889335, "tags": {"background_preload_ready": "true", "background_prewarm_active_key_at_paint": "", "delivered_dirty_bounding_area_ratio": "1.0000", "delivered_full_viewport": "true", "delivery_kind": "structural_full_viewport", "dirty_bounding_area_ratio": "1.0000", "dirty_region_rects": "1", "model_rows": "47", "paint_event_spontaneous": "true", "pending_reasons": "preload_reveal", "preload_staged": "false", "reason": "preload_reveal", "structural_reason": "preload_reveal", "tab": "watchlist", "workspace_load_reason": "restore_last_tab"}, "unit": "ms", "value": 142.71069999995234}}
2026-08-12 16:45:17,589 [DEBUG] core.observability: [structured] {"event": "metric.recorded", "fields": {"metric": "watchlist_table_paint_delay_ms", "recorded_at": 1786524317.5890384, "tags": {"background_preload_ready": "true", "background_prewarm_active_key_at_paint": "", "delivered_dirty_bounding_area_ratio": "1.0000", "delivered_full_viewport": "true", "delivery_kind": "structural_full_viewport", "dirty_bounding_area_ratio": "1.0000", "dirty_region_rects": "1", "model_rows": "47", "paint_event_spontaneous": "true", "pending_reasons": "preload_reveal", "preload_staged": "false", "reason": "preload_reveal", "structural_reason": "preload_reveal", "tab": "watchlist", "workspace_load_reason": "restore_last_tab"}, "unit": "ms", "value": 32.384400000410096}}
2026-08-12 16:45:17,695 [INFO] infra.diagnostics.ui_stall_probe: [事件] ui.stall.method | delivered_full_viewport=true | dirty_bounding_area_ratio=1.0000 | elapsed_ms=98.101 | method=VCPTableView.paintEvent
2026-08-12 16:45:17,695 [DEBUG] infra.diagnostics.ui_stall_probe: [structured] {"event": "metric.recorded", "fields": {"metric": "ui_method_stall_ms", "recorded_at": 1786524317.6954262, "tags": {"method": "VCPTableView.paintEvent", "severity": "warn", "signal": "other", "tab": "watchlist"}, "unit": "ms", "value": 98.10149999975692}}
2026-08-12 16:45:17,695 [DEBUG] core.observability: [structured] {"event": "metric.recorded", "fields": {"metric": "watchlist_table_paint_ms", "recorded_at": 1786524317.6955469, "tags": {"background_preload_ready": "true", "background_prewarm_active_key_at_paint": "", "delivered_dirty_bounding_area_ratio": "1.0000", "delivered_full_viewport": "true", "delivery_kind": "full_viewport", "dirty_bounding_area_ratio": "1.0000", "dirty_region_rects": "1", "paint_event_spontaneous": "true", "preload_staged": "false", "reason": "other", "tab": "watchlist", "workspace_load_reason": "restore_last_tab"}, "unit": "ms", "value": 98.46949999973731}}
2026-08-12 16:45:17,798 [INFO] infra.diagnostics.ui_stall_probe: [事件] ui.stall.method | delivered_full_viewport=true | dirty_bounding_area_ratio=1.0000 | elapsed_ms=96.557 | method=VCPTableView.paintEvent
2026-08-12 16:45:17,799 [DEBUG] infra.diagnostics.ui_stall_probe: [structured] {"event": "metric.recorded", "fields": {"metric": "ui_method_stall_ms", "recorded_at": 1786524317.7990234, "tags": {"method": "VCPTableView.paintEvent", "severity": "warn", "signal": "other", "tab": "watchlist"}, "unit": "ms", "value": 96.55739999925572}}
2026-08-12 16:45:17,799 [DEBUG] core.observability: [structured] {"event": "metric.recorded", "fields": {"metric": "watchlist_table_paint_ms", "recorded_at": 1786524317.799145, "tags": {"background_preload_ready": "true", "background_prewarm_active_key_at_paint": "", "delivered_dirty_bounding_area_ratio": "1.0000", "delivered_full_viewport": "true", "delivery_kind": "full_viewport", "dirty_bounding_area_ratio": "1.0000", "dirty_region_rects": "1", "paint_event_spontaneous": "true", "preload_staged": "false", "reason": "other", "tab": "watchlist", "workspace_load_reason": "restore_last_tab"}, "unit": "ms", "value": 96.92650000033609}}
2026-08-12 16:45:18,467 [INFO] infra.diagnostics.ui_stall_probe: [事件] ui.stall.method | delivered_full_viewport=true | dirty_bounding_area_ratio=1.0000 | elapsed_ms=89.078 | method=VCPTableView.paintEvent
2026-08-12 16:45:18,467 [DEBUG] infra.diagnostics.ui_stall_probe: [structured] {"event": "metric.recorded", "fields": {"metric": "ui_method_stall_ms", "recorded_at": 1786524318.467329, "tags": {"method": "VCPTableView.paintEvent", "severity": "warn", "signal": "other", "tab": "watchlist"}, "unit": "ms", "value": 89.07779999935883}}
2026-08-12 16:45:18,467 [DEBUG] core.observability: [structured] {"event": "metric.recorded", "fields": {"metric": "watchlist_table_paint_ms", "recorded_at": 1786524318.4674544, "tags": {"background_preload_ready": "true", "background_prewarm_active_key_at_paint": "", "delivered_dirty_bounding_area_ratio": "1.0000", "delivered_full_viewport": "true", "delivery_kind": "full_viewport", "dirty_bounding_area_ratio": "1.0000", "dirty_region_rects": "1", "paint_event_spontaneous": "true", "preload_staged": "false", "reason": "other", "tab": "watchlist", "workspace_load_reason": "restore_last_tab"}, "unit": "ms", "value": 89.45459999995364}}
2026-08-12 16:45:18,564 [INFO] infra.diagnostics.ui_stall_probe: [事件] ui.stall.method | delivered_full_viewport=true | dirty_bounding_area_ratio=1.0000 | elapsed_ms=89.879 | method=VCPTableView.paintEvent
2026-08-12 16:45:18,564 [DEBUG] infra.diagnostics.ui_stall_probe: [structured] {"event": "metric.recorded", "fields": {"metric": "ui_method_stall_ms", "recorded_at": 1786524318.564955, "tags": {"method": "VCPTableView.paintEvent", "severity": "warn", "signal": "other", "tab": "watchlist"}, "unit": "ms", "value": 89.87909999996191}}
2026-08-12 16:45:18,565 [DEBUG] core.observability: [structured] {"event": "metric.recorded", "fields": {"metric": "watchlist_table_paint_ms", "recorded_at": 1786524318.5650775, "tags": {"background_preload_ready": "true", "background_prewarm_active_key_at_paint": "", "delivered_dirty_bounding_area_ratio": "1.0000", "delivered_full_viewport": "true", "delivery_kind": "full_viewport", "dirty_bounding_area_ratio": "1.0000", "dirty_region_rects": "1", "paint_event_spontaneous": "true", "preload_staged": "false", "reason": "other", "tab": "watchlist", "workspace_load_reason": "restore_last_tab"}, "unit": "ms", "value": 90.2592000002187}}
2026-08-12 16:45:18,939 [DEBUG] core.observability: [structured] {"event": "metric.recorded", "fields": {"metric": "kline_webengine_preflight_shutdown_ms", "recorded_at": 1786524318.9395244, "tags": {"clean": "true"}, "unit": "ms", "value": 0.007099999493220821}}
2026-08-12 16:45:18,939 [INFO] core.observability: [事件] kline.webengine_preflight_shutdown | clean=True | elapsed_ms=0.007
2026-08-12 16:45:18,940 [INFO] core.observability: [事件] kline.manager_shutdown | active_close_attempted=0 | active_close_clean=True | active_close_succeeded=0 | active_fallback_disposed=0
2026-08-12 16:45:18,959 [INFO] ui.main_window_qt: [watchdog] watchdog.stopped | pid=27404 | rss=267MB | private=273MB | wset=267MB | vms=273MB | threads=37 | source=psutil
2026-08-12 16:45:18,998 [INFO] infra.storage.data_store: [DataStore] SQLite 连接已关闭
