2026-08-12 16:32:11,646 [INFO] core.observability: [事件] settings.schema_migrated | application=NativeWatchlistProfile_19848_1786523530244920300 | description=bootstrap centralized settings repository | from_version=0 | organization=VCPHunterDiagnostics
2026-08-12 16:32:11,725 [INFO] ui.main_window_qt: [watchdog] watchdog.started | pid=19848 | rss=134MB | private=133MB | wset=134MB | vms=133MB | threads=10 | source=psutil
2026-08-12 16:32:11,732 [INFO] ui.main_window_qt: [watchdog] main_window.init.begin | pid=19848 | rss=134MB | private=134MB | wset=134MB | vms=134MB | threads=10 | source=psutil
2026-08-12 16:32:11,801 [INFO] infra.storage.data_store: [DataStore] SQLite 存储已就绪: D:\vcp_hunter_runtime_ab\20260812_shell_timer_ab\freeze_all_window_timers_mount_v2\profile.db
2026-08-12 16:32:12,191 [WARNING] infra.diagnostics.ui_stall_probe: [事件] ui.stall.method | elapsed_ms=369.895 | method=MainWindowQT.create_workspace | severity=critical | threshold_ms=100.0
2026-08-12 16:32:12,191 [DEBUG] infra.diagnostics.ui_stall_probe: [structured] {"event": "metric.recorded", "fields": {"metric": "ui_method_stall_ms", "recorded_at": 1786523532.191235, "tags": {"method": "MainWindowQT.create_workspace", "severity": "critical", "signal": "", "tab": ""}, "unit": "ms", "value": 369.8952000004283}}
2026-08-12 16:32:12,218 [DEBUG] core.observability: [structured] {"event": "metric.recorded", "fields": {"metric": "workspace_mount_ms", "recorded_at": 1786523532.2183228, "tags": {"workspace_mode": "classic"}, "unit": "ms", "value": 452.3264999997991}}
2026-08-12 16:32:12,218 [INFO] core.observability: [启动] 工作区已加载 | 11页 | 452ms
2026-08-12 16:32:12,254 [INFO] ui.main_window_qt: [startup] auto refresh scheduler disabled for controlled window construction
2026-08-12 16:32:12,261 [INFO] ui.main_window_qt: [watchdog] main_window.init.ready | pid=19848 | rss=195MB | private=160MB | wset=195MB | vms=160MB | threads=11 | source=psutil
2026-08-12 16:32:12,469 [WARNING] infra.diagnostics.ui_stall_probe: [事件] ui.stall.event_loop | elapsed_ms=710.574 | event_loop_gap_ms=735.574 | severity=critical | tab=watchlist
2026-08-12 16:32:12,469 [DEBUG] infra.diagnostics.ui_stall_probe: [structured] {"event": "metric.recorded", "fields": {"metric": "ui_event_loop_stall_ms", "recorded_at": 1786523532.4692962, "tags": {"method": "", "severity": "critical", "signal": "", "tab": "watchlist"}, "unit": "ms", "value": 710.5739000004178}}
2026-08-12 16:32:12,476 [DEBUG] core.observability: [structured] {"event": "metric.recorded", "fields": {"metric": "main_window_first_paint_ms", "recorded_at": 1786523532.4761057, "tags": {}, "unit": "ms", "value": 783.2768999996915}}
2026-08-12 16:32:12,476 [INFO] core.observability: [启动] 主界面已显示 | 783ms
2026-08-12 16:32:12,499 [DEBUG] core.observability: [structured] {"event": "metric.recorded", "fields": {"metric": "main_window_post_paint_runtime_ms", "recorded_at": 1786523532.4993086, "tags": {}, "unit": "ms", "value": 2.25979999959236}}
2026-08-12 16:32:12,499 [INFO] core.observability: [事件] main_window.post_paint_runtime | elapsed_ms=2.26 | succeeded=False
2026-08-12 16:32:12,506 [DEBUG] core.observability: [structured] {"event": "metric.recorded", "fields": {"metric": "main_window_post_paint_runtime_ms", "recorded_at": 1786523532.506198, "tags": {}, "unit": "ms", "value": 1.3066000001344946}}
2026-08-12 16:32:12,506 [INFO] core.observability: [事件] main_window.post_paint_runtime | elapsed_ms=1.307 | succeeded=False
2026-08-12 16:32:12,589 [INFO] infra.market_data.tdx_data_provider: [启动] 已启用通达信本地K线数据: D:\HT\vipdoc
2026-08-12 16:32:12,589 [INFO] infra.market_data.tdx_data_provider: [启动] gbbq 复权缓存改为按需加载
2026-08-12 16:32:12,589 [WARNING] infra.market_data.tdx_data_provider: [启动] 离线模式启动：跳过联网检测，使用本地数据
2026-08-12 16:32:12,628 [INFO] vcp.data_provider_history_mixin: [名称映射] 已从缓存载入 52882 条标的名称
2026-08-12 16:32:12,650 [DEBUG] core.observability: [structured] {"event": "metric.recorded", "fields": {"metric": "main_window_post_paint_runtime_ms", "recorded_at": 1786523532.6500757, "tags": {}, "unit": "ms", "value": 0.18279999949299963}}
2026-08-12 16:32:12,650 [INFO] core.observability: [事件] main_window.post_paint_runtime | elapsed_ms=0.183 | succeeded=False
2026-08-12 16:32:12,652 [DEBUG] core.observability: [structured] {"event": "metric.recorded", "fields": {"metric": "main_window_post_paint_runtime_ms", "recorded_at": 1786523532.6521065, "tags": {}, "unit": "ms", "value": 1.5315999999074847}}
2026-08-12 16:32:12,652 [INFO] core.observability: [事件] main_window.post_paint_runtime | elapsed_ms=1.532 | succeeded=False
2026-08-12 16:32:12,655 [DEBUG] core.observability: [structured] {"event": "metric.recorded", "fields": {"metric": "main_window_post_paint_runtime_ms", "recorded_at": 1786523532.6553278, "tags": {}, "unit": "ms", "value": 2.1815999998580082}}
2026-08-12 16:32:12,655 [INFO] core.observability: [事件] main_window.post_paint_runtime | elapsed_ms=2.182 | succeeded=False
2026-08-12 16:32:12,655 [INFO] ui.main_window_qt: [UI] central quotes disabled for controlled window construction
2026-08-12 16:32:12,656 [DEBUG] core.observability: [structured] {"event": "metric.recorded", "fields": {"metric": "main_window_post_paint_runtime_ms", "recorded_at": 1786523532.6561365, "tags": {}, "unit": "ms", "value": 0.33320000056846766}}
2026-08-12 16:32:12,656 [INFO] core.observability: [事件] main_window.post_paint_runtime | elapsed_ms=0.333 | succeeded=False
2026-08-12 16:32:12,656 [DEBUG] core.observability: [structured] {"event": "metric.recorded", "fields": {"metric": "main_window_post_paint_runtime_ms", "recorded_at": 1786523532.656942, "tags": {}, "unit": "ms", "value": 0.1903000002130284}}
2026-08-12 16:32:12,657 [INFO] core.observability: [事件] main_window.post_paint_runtime | elapsed_ms=0.19 | succeeded=False
2026-08-12 16:32:12,670 [DEBUG] core.observability: [structured] {"event": "metric.recorded", "fields": {"metric": "main_window_post_paint_runtime_ms", "recorded_at": 1786523532.6701398, "tags": {}, "unit": "ms", "value": 10.26579999961541}}
2026-08-12 16:32:12,670 [INFO] core.observability: [事件] main_window.post_paint_runtime | elapsed_ms=10.266 | succeeded=False
2026-08-12 16:32:12,670 [DEBUG] core.observability: [structured] {"event": "metric.recorded", "fields": {"metric": "main_window_post_paint_runtime_ms", "recorded_at": 1786523532.6708457, "tags": {}, "unit": "ms", "value": 0.0976999999693362}}
2026-08-12 16:32:12,670 [INFO] core.observability: [事件] main_window.post_paint_runtime | elapsed_ms=0.098 | succeeded=False
2026-08-12 16:32:12,671 [DEBUG] core.observability: [structured] {"event": "metric.recorded", "fields": {"metric": "main_window_post_paint_runtime_ms", "recorded_at": 1786523532.6713326, "tags": {}, "unit": "ms", "value": 0.07610000011482043}}
2026-08-12 16:32:12,671 [INFO] core.observability: [事件] main_window.post_paint_runtime | elapsed_ms=0.076 | succeeded=False
2026-08-12 16:32:12,672 [DEBUG] core.observability: [structured] {"event": "metric.recorded", "fields": {"metric": "main_window_post_paint_runtime_ms", "recorded_at": 1786523532.6722796, "tags": {}, "unit": "ms", "value": 0.2693999995244667}}
2026-08-12 16:32:12,672 [INFO] core.observability: [事件] main_window.post_paint_runtime | elapsed_ms=0.269 | succeeded=False
2026-08-12 16:32:12,673 [DEBUG] core.observability: [structured] {"event": "metric.recorded", "fields": {"metric": "main_window_post_paint_runtime_ms", "recorded_at": 1786523532.6733892, "tags": {}, "unit": "ms", "value": 0.05210000017541461}}
2026-08-12 16:32:12,673 [INFO] core.observability: [事件] main_window.post_paint_runtime | elapsed_ms=0.052 | succeeded=True
2026-08-12 16:32:12,849 [DEBUG] core.observability: [structured] {"event": "metric.recorded", "fields": {"metric": "watchlist_tab_import_ms", "recorded_at": 1786523532.849381, "tags": {}, "unit": "ms", "value": 19.92840000002616}}
2026-08-12 16:32:12,849 [DEBUG] core.observability: [structured] {"event": "metric.recorded", "fields": {"metric": "watchlist_tab_ui_construct_ms", "recorded_at": 1786523532.8497791, "tags": {}, "unit": "ms", "value": 59.64880000010453}}
2026-08-12 16:32:12,854 [INFO] infra.diagnostics.ui_stall_probe: [事件] ui.stall.method | elapsed_ms=86.908 | method=ClassicWorkspace.ensure_tab_loaded | severity=warn | signal=background_prewarm
2026-08-12 16:32:12,854 [DEBUG] infra.diagnostics.ui_stall_probe: [structured] {"event": "metric.recorded", "fields": {"metric": "ui_method_stall_ms", "recorded_at": 1786523532.8544152, "tags": {"method": "ClassicWorkspace.ensure_tab_loaded", "severity": "warn", "signal": "background_prewarm", "tab": "watchlist"}, "unit": "ms", "value": 86.90829999977723}}
2026-08-12 16:32:12,854 [INFO] infra.diagnostics.ui_stall_probe: [事件] ui.stall.method | elapsed_ms=87.632 | method=ClassicWorkspace._prewarm_next_tab | severity=warn | signal=background_prewarm
2026-08-12 16:32:12,854 [DEBUG] infra.diagnostics.ui_stall_probe: [structured] {"event": "metric.recorded", "fields": {"metric": "ui_method_stall_ms", "recorded_at": 1786523532.854826, "tags": {"method": "ClassicWorkspace._prewarm_next_tab", "severity": "warn", "signal": "background_prewarm", "tab": ""}, "unit": "ms", "value": 87.63199999975768}}
2026-08-12 16:32:12,863 [INFO] infra.diagnostics.ui_stall_probe: [事件] ui.stall.event_loop | elapsed_ms=72.427 | event_loop_gap_ms=97.427 | method=ClassicWorkspace._prewarm_next_tab | severity=warn
2026-08-12 16:32:12,864 [DEBUG] infra.diagnostics.ui_stall_probe: [structured] {"event": "metric.recorded", "fields": {"metric": "ui_event_loop_stall_ms", "recorded_at": 1786523532.8639429, "tags": {"method": "ClassicWorkspace._prewarm_next_tab", "severity": "warn", "signal": "background_prewarm", "tab": "watchlist"}, "unit": "ms", "value": 72.42650000043795}}
2026-08-12 16:32:12,866 [DEBUG] core.observability: [structured] {"event": "metric.recorded", "fields": {"metric": "watchlist_tab_initial_data_ms", "recorded_at": 1786523532.8659472, "tags": {"rows": "47"}, "unit": "ms", "value": 5.803499999274209}}
2026-08-12 16:32:12,867 [DEBUG] core.observability: [structured] {"event": "metric.recorded", "fields": {"metric": "watchlist_membership_reconcile", "recorded_at": 1786523532.8672235, "tags": {"mode": "reset_fallback", "new_rows": "47", "old_rows": "0", "source": "initial_data"}, "unit": "count", "value": 1.0}}
2026-08-12 16:32:13,360 [INFO] core.observability: [指标] watchlist_context_snapshot_capture_ms | 1ms | cached_rows=,candidate_source_rows=,captured_source_rows=,selected_sources=ai_industry_chain,earnings,foreign_block,lhb,na_daily,source_rows=,target_count=47,target_filter=True
2026-08-12 16:32:13,376 [DEBUG] ui.tabs.watchlist_tab: [watchlist] apply 47 metric rows
2026-08-12 16:32:13,541 [DEBUG] core.observability: [structured] {"event": "metric.recorded", "fields": {"metric": "stock_table_update_quotes_ms", "recorded_at": 1786523533.541665, "tags": {"changed_rows": "47", "model": "StockTableModel", "payload_codes": "47", "scanned_rows": "47"}, "unit": "ms", "value": 1.4830000000074506}}
2026-08-12 16:32:13,541 [DEBUG] core.observability: [structured] {"event": "metric.recorded", "fields": {"metric": "quote_snapshot_apply_ms", "recorded_at": 1786523533.5418334, "tags": {"applied_codes": "47", "changed_rows": "47", "model": "StockTableModel", "payload_codes": "47", "tab": "WatchlistTab"}, "unit": "ms", "value": 1.6538000008949894}}
2026-08-12 16:32:13,541 [DEBUG] core.observability: [structured] {"event": "metric.recorded", "fields": {"metric": "watchlist_model_update_ms", "recorded_at": 1786523533.5419357, "tags": {"changed_headers": "买点,市价,市值,涨幅,涨幅%,现价", "mode": "direct", "reason": "quote_snapshot"}, "unit": "ms", "value": 1.8989000000146916}}
2026-08-12 16:32:13,542 [DEBUG] core.observability: [structured] {"event": "metric.recorded", "fields": {"metric": "cache_snapshot_apply_ms", "recorded_at": 1786523533.542044, "tags": {"changed_rows": "47", "codes": "47", "signal": "cache_snapshot", "tab": "WatchlistTab"}, "unit": "ms", "value": 2.0363000003271736}}
2026-08-12 16:32:13,618 [INFO] ui.workspaces.background_tab_preload: [Workspace] background tab preload finished scope=visible_watchlist_ready completed=1 startup_lazy_handoff=10 failures=[]
2026-08-12 16:32:13,768 [WARNING] infra.diagnostics.ui_stall_probe: [事件] ui.stall.method | delivered_full_viewport=true | dirty_bounding_area_ratio=1.0000 | elapsed_ms=140.366 | method=VCPTableView.paintEvent
2026-08-12 16:32:13,768 [DEBUG] infra.diagnostics.ui_stall_probe: [structured] {"event": "metric.recorded", "fields": {"metric": "ui_method_stall_ms", "recorded_at": 1786523533.7689102, "tags": {"method": "VCPTableView.paintEvent", "severity": "critical", "signal": "preload_reveal", "tab": "watchlist"}, "unit": "ms", "value": 140.36559999931342}}
2026-08-12 16:32:13,769 [DEBUG] core.observability: [structured] {"event": "metric.recorded", "fields": {"metric": "watchlist_table_paint_ms", "recorded_at": 1786523533.7690597, "tags": {"background_preload_ready": "true", "background_prewarm_active_key_at_paint": "", "delivered_dirty_bounding_area_ratio": "1.0000", "delivered_full_viewport": "true", "delivery_kind": "structural_full_viewport", "dirty_bounding_area_ratio": "1.0000", "dirty_region_rects": "1", "model_rows": "47", "paint_event_spontaneous": "true", "pending_reasons": "preload_reveal", "preload_staged": "false", "reason": "preload_reveal", "structural_reason": "preload_reveal", "tab": "watchlist", "workspace_load_reason": "restore_last_tab"}, "unit": "ms", "value": 140.8873999998832}}
2026-08-12 16:32:13,769 [DEBUG] core.observability: [structured] {"event": "metric.recorded", "fields": {"metric": "watchlist_table_paint_delay_ms", "recorded_at": 1786523533.7691844, "tags": {"background_preload_ready": "true", "background_prewarm_active_key_at_paint": "", "delivered_dirty_bounding_area_ratio": "1.0000", "delivered_full_viewport": "true", "delivery_kind": "structural_full_viewport", "dirty_bounding_area_ratio": "1.0000", "dirty_region_rects": "1", "model_rows": "47", "paint_event_spontaneous": "true", "pending_reasons": "preload_reveal", "preload_staged": "false", "reason": "preload_reveal", "structural_reason": "preload_reveal", "tab": "watchlist", "workspace_load_reason": "restore_last_tab"}, "unit": "ms", "value": 30.964000000494707}}
2026-08-12 16:32:13,873 [INFO] infra.diagnostics.ui_stall_probe: [事件] ui.stall.method | delivered_full_viewport=true | dirty_bounding_area_ratio=1.0000 | elapsed_ms=94.408 | method=VCPTableView.paintEvent
2026-08-12 16:32:13,873 [DEBUG] infra.diagnostics.ui_stall_probe: [structured] {"event": "metric.recorded", "fields": {"metric": "ui_method_stall_ms", "recorded_at": 1786523533.8733277, "tags": {"method": "VCPTableView.paintEvent", "severity": "warn", "signal": "other", "tab": "watchlist"}, "unit": "ms", "value": 94.40810000069177}}
2026-08-12 16:32:13,873 [DEBUG] core.observability: [structured] {"event": "metric.recorded", "fields": {"metric": "watchlist_table_paint_ms", "recorded_at": 1786523533.8734512, "tags": {"background_preload_ready": "true", "background_prewarm_active_key_at_paint": "", "delivered_dirty_bounding_area_ratio": "1.0000", "delivered_full_viewport": "true", "delivery_kind": "full_viewport", "dirty_bounding_area_ratio": "1.0000", "dirty_region_rects": "1", "paint_event_spontaneous": "true", "preload_staged": "false", "reason": "other", "tab": "watchlist", "workspace_load_reason": "restore_last_tab"}, "unit": "ms", "value": 94.76410000024771}}
2026-08-12 16:32:13,975 [INFO] infra.diagnostics.ui_stall_probe: [事件] ui.stall.method | delivered_full_viewport=true | dirty_bounding_area_ratio=1.0000 | elapsed_ms=92.964 | method=VCPTableView.paintEvent
2026-08-12 16:32:13,975 [DEBUG] infra.diagnostics.ui_stall_probe: [structured] {"event": "metric.recorded", "fields": {"metric": "ui_method_stall_ms", "recorded_at": 1786523533.9756393, "tags": {"method": "VCPTableView.paintEvent", "severity": "warn", "signal": "other", "tab": "watchlist"}, "unit": "ms", "value": 92.96399999948335}}
2026-08-12 16:32:13,975 [DEBUG] core.observability: [structured] {"event": "metric.recorded", "fields": {"metric": "watchlist_table_paint_ms", "recorded_at": 1786523533.9757626, "tags": {"background_preload_ready": "true", "background_prewarm_active_key_at_paint": "", "delivered_dirty_bounding_area_ratio": "1.0000", "delivered_full_viewport": "true", "delivery_kind": "full_viewport", "dirty_bounding_area_ratio": "1.0000", "dirty_region_rects": "1", "paint_event_spontaneous": "true", "preload_staged": "false", "reason": "other", "tab": "watchlist", "workspace_load_reason": "restore_last_tab"}, "unit": "ms", "value": 93.3245000005627}}
2026-08-12 16:32:15,021 [DEBUG] core.observability: [structured] {"event": "metric.recorded", "fields": {"metric": "kline_webengine_preflight_shutdown_ms", "recorded_at": 1786523535.0213962, "tags": {"clean": "true"}, "unit": "ms", "value": 0.004999999873689376}}
2026-08-12 16:32:15,021 [INFO] core.observability: [事件] kline.webengine_preflight_shutdown | clean=True | elapsed_ms=0.005
2026-08-12 16:32:15,021 [INFO] core.observability: [事件] kline.manager_shutdown | active_close_attempted=0 | active_close_clean=True | active_close_succeeded=0 | active_fallback_disposed=0
2026-08-12 16:32:15,034 [INFO] ui.main_window_qt: [watchdog] watchdog.stopped | pid=19848 | rss=267MB | private=269MB | wset=267MB | vms=269MB | threads=37 | source=psutil
2026-08-12 16:32:15,069 [INFO] infra.storage.data_store: [DataStore] SQLite 连接已关闭
