2026-08-12 16:42:15,203 [INFO] core.observability: [事件] settings.schema_migrated | application=NativeWatchlistProfile_6164_1786524133623738900 | description=bootstrap centralized settings repository | from_version=0 | organization=VCPHunterDiagnostics
2026-08-12 16:42:15,284 [INFO] ui.main_window_qt: [watchdog] watchdog.started | pid=6164 | rss=134MB | private=133MB | wset=134MB | vms=133MB | threads=10 | source=psutil
2026-08-12 16:42:15,289 [INFO] ui.main_window_qt: [watchdog] main_window.init.begin | pid=6164 | rss=134MB | private=134MB | wset=134MB | vms=134MB | threads=10 | source=psutil
2026-08-12 16:42:15,350 [INFO] infra.storage.data_store: [DataStore] SQLite 存储已就绪: D:\vcp_hunter_runtime_ab\20260812_layout_prelayout_ab\staging_force_layout\profile.db
2026-08-12 16:42:15,718 [WARNING] infra.diagnostics.ui_stall_probe: [事件] ui.stall.method | elapsed_ms=347.838 | method=MainWindowQT.create_workspace | severity=critical | threshold_ms=100.0
2026-08-12 16:42:15,718 [DEBUG] infra.diagnostics.ui_stall_probe: [structured] {"event": "metric.recorded", "fields": {"metric": "ui_method_stall_ms", "recorded_at": 1786524135.7185411, "tags": {"method": "MainWindowQT.create_workspace", "severity": "critical", "signal": "", "tab": ""}, "unit": "ms", "value": 347.8377999999793}}
2026-08-12 16:42:15,746 [DEBUG] core.observability: [structured] {"event": "metric.recorded", "fields": {"metric": "workspace_mount_ms", "recorded_at": 1786524135.7466936, "tags": {"workspace_mode": "classic"}, "unit": "ms", "value": 429.69929999981105}}
2026-08-12 16:42:15,746 [INFO] core.observability: [启动] 工作区已加载 | 11页 | 430ms
2026-08-12 16:42:15,788 [INFO] ui.main_window_qt: [startup] auto refresh scheduler disabled for controlled window construction
2026-08-12 16:42:15,796 [INFO] ui.main_window_qt: [watchdog] main_window.init.ready | pid=6164 | rss=195MB | private=160MB | wset=195MB | vms=160MB | threads=11 | source=psutil
2026-08-12 16:42:15,992 [WARNING] infra.diagnostics.ui_stall_probe: [事件] ui.stall.event_loop | elapsed_ms=676.214 | event_loop_gap_ms=701.214 | severity=critical | tab=watchlist
2026-08-12 16:42:15,992 [DEBUG] infra.diagnostics.ui_stall_probe: [structured] {"event": "metric.recorded", "fields": {"metric": "ui_event_loop_stall_ms", "recorded_at": 1786524135.992932, "tags": {"method": "", "severity": "critical", "signal": "", "tab": "watchlist"}, "unit": "ms", "value": 676.213700000153}}
2026-08-12 16:42:16,001 [DEBUG] core.observability: [structured] {"event": "metric.recorded", "fields": {"metric": "main_window_first_paint_ms", "recorded_at": 1786524136.001562, "tags": {}, "unit": "ms", "value": 751.1464000008345}}
2026-08-12 16:42:16,001 [INFO] core.observability: [启动] 主界面已显示 | 751ms
2026-08-12 16:42:16,025 [DEBUG] core.observability: [structured] {"event": "metric.recorded", "fields": {"metric": "main_window_post_paint_runtime_ms", "recorded_at": 1786524136.0256152, "tags": {}, "unit": "ms", "value": 1.5851999996812083}}
2026-08-12 16:42:16,025 [INFO] core.observability: [事件] main_window.post_paint_runtime | elapsed_ms=1.585 | succeeded=False
2026-08-12 16:42:16,031 [DEBUG] core.observability: [structured] {"event": "metric.recorded", "fields": {"metric": "main_window_post_paint_runtime_ms", "recorded_at": 1786524136.0319352, "tags": {}, "unit": "ms", "value": 1.2727000002996647}}
2026-08-12 16:42:16,032 [INFO] core.observability: [事件] main_window.post_paint_runtime | elapsed_ms=1.273 | succeeded=False
2026-08-12 16:42:16,113 [INFO] infra.market_data.tdx_data_provider: [启动] 已启用通达信本地K线数据: D:\HT\vipdoc
2026-08-12 16:42:16,113 [INFO] infra.market_data.tdx_data_provider: [启动] gbbq 复权缓存改为按需加载
2026-08-12 16:42:16,113 [WARNING] infra.market_data.tdx_data_provider: [启动] 离线模式启动：跳过联网检测，使用本地数据
2026-08-12 16:42:16,151 [INFO] vcp.data_provider_history_mixin: [名称映射] 已从缓存载入 52882 条标的名称
2026-08-12 16:42:16,173 [DEBUG] core.observability: [structured] {"event": "metric.recorded", "fields": {"metric": "main_window_post_paint_runtime_ms", "recorded_at": 1786524136.173558, "tags": {}, "unit": "ms", "value": 0.19270000029791845}}
2026-08-12 16:42:16,173 [INFO] core.observability: [事件] main_window.post_paint_runtime | elapsed_ms=0.193 | succeeded=False
2026-08-12 16:42:16,175 [DEBUG] core.observability: [structured] {"event": "metric.recorded", "fields": {"metric": "main_window_post_paint_runtime_ms", "recorded_at": 1786524136.175719, "tags": {}, "unit": "ms", "value": 1.5091000004758826}}
2026-08-12 16:42:16,175 [INFO] core.observability: [事件] main_window.post_paint_runtime | elapsed_ms=1.509 | succeeded=False
2026-08-12 16:42:16,180 [DEBUG] core.observability: [structured] {"event": "metric.recorded", "fields": {"metric": "main_window_post_paint_runtime_ms", "recorded_at": 1786524136.1807778, "tags": {}, "unit": "ms", "value": 2.085899999656249}}
2026-08-12 16:42:16,180 [INFO] core.observability: [事件] main_window.post_paint_runtime | elapsed_ms=2.086 | succeeded=False
2026-08-12 16:42:16,181 [INFO] ui.main_window_qt: [UI] central quotes disabled for controlled window construction
2026-08-12 16:42:16,181 [DEBUG] core.observability: [structured] {"event": "metric.recorded", "fields": {"metric": "main_window_post_paint_runtime_ms", "recorded_at": 1786524136.1815245, "tags": {}, "unit": "ms", "value": 0.2958999994007172}}
2026-08-12 16:42:16,181 [INFO] core.observability: [事件] main_window.post_paint_runtime | elapsed_ms=0.296 | succeeded=False
2026-08-12 16:42:16,182 [DEBUG] core.observability: [structured] {"event": "metric.recorded", "fields": {"metric": "main_window_post_paint_runtime_ms", "recorded_at": 1786524136.182049, "tags": {}, "unit": "ms", "value": 0.19489999976940453}}
2026-08-12 16:42:16,182 [INFO] core.observability: [事件] main_window.post_paint_runtime | elapsed_ms=0.195 | succeeded=False
2026-08-12 16:42:16,195 [DEBUG] core.observability: [structured] {"event": "metric.recorded", "fields": {"metric": "main_window_post_paint_runtime_ms", "recorded_at": 1786524136.1951883, "tags": {}, "unit": "ms", "value": 12.800499999684689}}
2026-08-12 16:42:16,195 [INFO] core.observability: [事件] main_window.post_paint_runtime | elapsed_ms=12.8 | succeeded=False
2026-08-12 16:42:16,195 [DEBUG] core.observability: [structured] {"event": "metric.recorded", "fields": {"metric": "main_window_post_paint_runtime_ms", "recorded_at": 1786524136.195866, "tags": {}, "unit": "ms", "value": 0.10230000043520704}}
2026-08-12 16:42:16,196 [INFO] core.observability: [事件] main_window.post_paint_runtime | elapsed_ms=0.102 | succeeded=False
2026-08-12 16:42:16,196 [DEBUG] core.observability: [structured] {"event": "metric.recorded", "fields": {"metric": "main_window_post_paint_runtime_ms", "recorded_at": 1786524136.1963558, "tags": {}, "unit": "ms", "value": 0.07500000083382474}}
2026-08-12 16:42:16,196 [INFO] core.observability: [事件] main_window.post_paint_runtime | elapsed_ms=0.075 | succeeded=False
2026-08-12 16:42:16,196 [DEBUG] core.observability: [structured] {"event": "metric.recorded", "fields": {"metric": "main_window_post_paint_runtime_ms", "recorded_at": 1786524136.1968415, "tags": {}, "unit": "ms", "value": 0.06959999973332742}}
2026-08-12 16:42:16,196 [INFO] core.observability: [事件] main_window.post_paint_runtime | elapsed_ms=0.07 | succeeded=False
2026-08-12 16:42:16,197 [DEBUG] core.observability: [structured] {"event": "metric.recorded", "fields": {"metric": "main_window_post_paint_runtime_ms", "recorded_at": 1786524136.1972415, "tags": {}, "unit": "ms", "value": 0.044800000068789814}}
2026-08-12 16:42:16,197 [INFO] core.observability: [事件] main_window.post_paint_runtime | elapsed_ms=0.045 | succeeded=True
2026-08-12 16:42:16,375 [DEBUG] core.observability: [structured] {"event": "metric.recorded", "fields": {"metric": "watchlist_tab_import_ms", "recorded_at": 1786524136.3757505, "tags": {}, "unit": "ms", "value": 18.356099999436992}}
2026-08-12 16:42:16,375 [DEBUG] core.observability: [structured] {"event": "metric.recorded", "fields": {"metric": "watchlist_tab_ui_construct_ms", "recorded_at": 1786524136.3759587, "tags": {}, "unit": "ms", "value": 65.13229999927717}}
2026-08-12 16:42:16,379 [INFO] infra.diagnostics.ui_stall_probe: [事件] ui.stall.method | elapsed_ms=89.282 | method=ClassicWorkspace.ensure_tab_loaded | severity=warn | signal=background_prewarm
2026-08-12 16:42:16,379 [DEBUG] infra.diagnostics.ui_stall_probe: [structured] {"event": "metric.recorded", "fields": {"metric": "ui_method_stall_ms", "recorded_at": 1786524136.3795981, "tags": {"method": "ClassicWorkspace.ensure_tab_loaded", "severity": "warn", "signal": "background_prewarm", "tab": "watchlist"}, "unit": "ms", "value": 89.28159999959462}}
2026-08-12 16:42:16,379 [INFO] infra.diagnostics.ui_stall_probe: [事件] ui.stall.method | elapsed_ms=89.929 | method=ClassicWorkspace._prewarm_next_tab | severity=warn | signal=background_prewarm
2026-08-12 16:42:16,380 [DEBUG] infra.diagnostics.ui_stall_probe: [structured] {"event": "metric.recorded", "fields": {"metric": "ui_method_stall_ms", "recorded_at": 1786524136.379998, "tags": {"method": "ClassicWorkspace._prewarm_next_tab", "severity": "warn", "signal": "background_prewarm", "tab": ""}, "unit": "ms", "value": 89.92899999975634}}
2026-08-12 16:42:16,388 [INFO] infra.diagnostics.ui_stall_probe: [事件] ui.stall.event_loop | elapsed_ms=73.85 | event_loop_gap_ms=98.85 | method=ClassicWorkspace._prewarm_next_tab | severity=warn
2026-08-12 16:42:16,388 [DEBUG] infra.diagnostics.ui_stall_probe: [structured] {"event": "metric.recorded", "fields": {"metric": "ui_event_loop_stall_ms", "recorded_at": 1786524136.3885217, "tags": {"method": "ClassicWorkspace._prewarm_next_tab", "severity": "warn", "signal": "background_prewarm", "tab": "watchlist"}, "unit": "ms", "value": 73.84970000075555}}
2026-08-12 16:42:16,390 [DEBUG] core.observability: [structured] {"event": "metric.recorded", "fields": {"metric": "watchlist_tab_initial_data_ms", "recorded_at": 1786524136.3901212, "tags": {"rows": "47"}, "unit": "ms", "value": 5.469499999890104}}
2026-08-12 16:42:16,391 [DEBUG] core.observability: [structured] {"event": "metric.recorded", "fields": {"metric": "watchlist_membership_reconcile", "recorded_at": 1786524136.3915384, "tags": {"mode": "reset_fallback", "new_rows": "47", "old_rows": "0", "source": "initial_data"}, "unit": "count", "value": 1.0}}
2026-08-12 16:42:16,893 [INFO] core.observability: [指标] watchlist_context_snapshot_capture_ms | 1ms | cached_rows=,candidate_source_rows=,captured_source_rows=,selected_sources=ai_industry_chain,earnings,foreign_block,lhb,na_daily,source_rows=,target_count=47,target_filter=True
2026-08-12 16:42:16,909 [DEBUG] ui.tabs.watchlist_tab: [watchlist] apply 47 metric rows
2026-08-12 16:42:17,081 [DEBUG] core.observability: [structured] {"event": "metric.recorded", "fields": {"metric": "stock_table_update_quotes_ms", "recorded_at": 1786524137.08184, "tags": {"changed_rows": "47", "model": "StockTableModel", "payload_codes": "47", "scanned_rows": "47"}, "unit": "ms", "value": 1.5202000004137517}}
2026-08-12 16:42:17,082 [DEBUG] core.observability: [structured] {"event": "metric.recorded", "fields": {"metric": "quote_snapshot_apply_ms", "recorded_at": 1786524137.082027, "tags": {"applied_codes": "47", "changed_rows": "47", "model": "StockTableModel", "payload_codes": "47", "tab": "WatchlistTab"}, "unit": "ms", "value": 1.7098999996960629}}
2026-08-12 16:42:17,082 [DEBUG] core.observability: [structured] {"event": "metric.recorded", "fields": {"metric": "watchlist_model_update_ms", "recorded_at": 1786524137.0821476, "tags": {"changed_headers": "买点,市价,市值,涨幅,涨幅%,现价", "mode": "direct", "reason": "quote_snapshot"}, "unit": "ms", "value": 1.9792000002780696}}
2026-08-12 16:42:17,082 [DEBUG] core.observability: [structured] {"event": "metric.recorded", "fields": {"metric": "cache_snapshot_apply_ms", "recorded_at": 1786524137.0823343, "tags": {"changed_rows": "47", "codes": "47", "signal": "cache_snapshot", "tab": "WatchlistTab"}, "unit": "ms", "value": 2.2028000003047055}}
2026-08-12 16:42:17,154 [INFO] ui.workspaces.background_tab_preload: [Workspace] background tab preload finished scope=visible_watchlist_ready completed=1 startup_lazy_handoff=10 failures=[]
2026-08-12 16:42:17,319 [WARNING] infra.diagnostics.ui_stall_probe: [事件] ui.stall.method | delivered_full_viewport=true | dirty_bounding_area_ratio=1.0000 | elapsed_ms=153.651 | method=VCPTableView.paintEvent
2026-08-12 16:42:17,319 [DEBUG] infra.diagnostics.ui_stall_probe: [structured] {"event": "metric.recorded", "fields": {"metric": "ui_method_stall_ms", "recorded_at": 1786524137.3199496, "tags": {"method": "VCPTableView.paintEvent", "severity": "critical", "signal": "preload_reveal", "tab": "watchlist"}, "unit": "ms", "value": 153.65070000007108}}
2026-08-12 16:42:17,320 [DEBUG] core.observability: [structured] {"event": "metric.recorded", "fields": {"metric": "watchlist_table_paint_ms", "recorded_at": 1786524137.3200994, "tags": {"background_preload_ready": "true", "background_prewarm_active_key_at_paint": "", "delivered_dirty_bounding_area_ratio": "1.0000", "delivered_full_viewport": "true", "delivery_kind": "structural_full_viewport", "dirty_bounding_area_ratio": "1.0000", "dirty_region_rects": "1", "model_rows": "47", "paint_event_spontaneous": "true", "pending_reasons": "preload_reveal", "preload_staged": "false", "reason": "preload_reveal", "structural_reason": "preload_reveal", "tab": "watchlist", "workspace_load_reason": "restore_last_tab"}, "unit": "ms", "value": 154.0498000003936}}
2026-08-12 16:42:17,320 [DEBUG] core.observability: [structured] {"event": "metric.recorded", "fields": {"metric": "watchlist_table_paint_delay_ms", "recorded_at": 1786524137.3202112, "tags": {"background_preload_ready": "true", "background_prewarm_active_key_at_paint": "", "delivered_dirty_bounding_area_ratio": "1.0000", "delivered_full_viewport": "true", "delivery_kind": "structural_full_viewport", "dirty_bounding_area_ratio": "1.0000", "dirty_region_rects": "1", "model_rows": "47", "paint_event_spontaneous": "true", "pending_reasons": "preload_reveal", "preload_staged": "false", "reason": "preload_reveal", "structural_reason": "preload_reveal", "tab": "watchlist", "workspace_load_reason": "restore_last_tab"}, "unit": "ms", "value": 27.304999999614665}}
2026-08-12 16:42:17,431 [WARNING] infra.diagnostics.ui_stall_probe: [事件] ui.stall.method | delivered_full_viewport=true | dirty_bounding_area_ratio=1.0000 | elapsed_ms=103.773 | method=VCPTableView.paintEvent
2026-08-12 16:42:17,432 [DEBUG] infra.diagnostics.ui_stall_probe: [structured] {"event": "metric.recorded", "fields": {"metric": "ui_method_stall_ms", "recorded_at": 1786524137.4321022, "tags": {"method": "VCPTableView.paintEvent", "severity": "critical", "signal": "other", "tab": "watchlist"}, "unit": "ms", "value": 103.77330000028451}}
2026-08-12 16:42:17,432 [DEBUG] core.observability: [structured] {"event": "metric.recorded", "fields": {"metric": "watchlist_table_paint_ms", "recorded_at": 1786524137.4322395, "tags": {"background_preload_ready": "true", "background_prewarm_active_key_at_paint": "", "delivered_dirty_bounding_area_ratio": "1.0000", "delivered_full_viewport": "true", "delivery_kind": "full_viewport", "dirty_bounding_area_ratio": "1.0000", "dirty_region_rects": "1", "paint_event_spontaneous": "true", "preload_staged": "false", "reason": "other", "tab": "watchlist", "workspace_load_reason": "restore_last_tab"}, "unit": "ms", "value": 104.16299999997136}}
2026-08-12 16:42:18,658 [DEBUG] core.observability: [structured] {"event": "metric.recorded", "fields": {"metric": "kline_webengine_preflight_shutdown_ms", "recorded_at": 1786524138.6585214, "tags": {"clean": "true"}, "unit": "ms", "value": 0.00470000031782547}}
2026-08-12 16:42:18,658 [INFO] core.observability: [事件] kline.webengine_preflight_shutdown | clean=True | elapsed_ms=0.005
2026-08-12 16:42:18,658 [INFO] core.observability: [事件] kline.manager_shutdown | active_close_attempted=0 | active_close_clean=True | active_close_succeeded=0 | active_fallback_disposed=0
2026-08-12 16:42:18,671 [INFO] ui.main_window_qt: [watchdog] watchdog.stopped | pid=6164 | rss=266MB | private=268MB | wset=266MB | vms=268MB | threads=37 | source=psutil
2026-08-12 16:42:18,713 [INFO] infra.storage.data_store: [DataStore] SQLite 连接已关闭
