2026-08-12 16:38:09,383 [INFO] core.observability: [事件] settings.schema_migrated | application=NativeWatchlistProfile_24796_1786523888249690800 | description=bootstrap centralized settings repository | from_version=0 | organization=VCPHunterDiagnostics
2026-08-12 16:38:09,456 [INFO] ui.main_window_qt: [watchdog] watchdog.started | pid=24796 | rss=134MB | private=133MB | wset=134MB | vms=133MB | threads=10 | source=psutil
2026-08-12 16:38:09,462 [INFO] ui.main_window_qt: [watchdog] main_window.init.begin | pid=24796 | rss=134MB | private=134MB | wset=134MB | vms=134MB | threads=10 | source=psutil
2026-08-12 16:38:09,521 [INFO] infra.storage.data_store: [DataStore] SQLite 存储已就绪: D:\vcp_hunter_runtime_ab\20260812_animation_creator_trace\freeze_window_timers\profile.db
2026-08-12 16:38:09,930 [WARNING] infra.diagnostics.ui_stall_probe: [事件] ui.stall.method | elapsed_ms=383.816 | method=MainWindowQT.create_workspace | severity=critical | threshold_ms=100.0
2026-08-12 16:38:09,931 [DEBUG] infra.diagnostics.ui_stall_probe: [structured] {"event": "metric.recorded", "fields": {"metric": "ui_method_stall_ms", "recorded_at": 1786523889.931035, "tags": {"method": "MainWindowQT.create_workspace", "severity": "critical", "signal": "", "tab": ""}, "unit": "ms", "value": 383.8158000007752}}
2026-08-12 16:38:09,960 [DEBUG] core.observability: [structured] {"event": "metric.recorded", "fields": {"metric": "workspace_mount_ms", "recorded_at": 1786523889.960769, "tags": {"workspace_mode": "classic"}, "unit": "ms", "value": 471.9217000001663}}
2026-08-12 16:38:09,960 [INFO] core.observability: [启动] 工作区已加载 | 11页 | 472ms
2026-08-12 16:38:09,995 [INFO] ui.main_window_qt: [startup] auto refresh scheduler disabled for controlled window construction
2026-08-12 16:38:10,003 [INFO] ui.main_window_qt: [watchdog] main_window.init.ready | pid=24796 | rss=195MB | private=160MB | wset=195MB | vms=160MB | threads=11 | source=psutil
2026-08-12 16:38:10,207 [WARNING] infra.diagnostics.ui_stall_probe: [事件] ui.stall.event_loop | elapsed_ms=719.12 | event_loop_gap_ms=744.12 | severity=critical | tab=watchlist
2026-08-12 16:38:10,208 [DEBUG] infra.diagnostics.ui_stall_probe: [structured] {"event": "metric.recorded", "fields": {"metric": "ui_event_loop_stall_ms", "recorded_at": 1786523890.2080235, "tags": {"method": "", "severity": "critical", "signal": "", "tab": "watchlist"}, "unit": "ms", "value": 719.1201000001456}}
2026-08-12 16:38:10,217 [DEBUG] core.observability: [structured] {"event": "metric.recorded", "fields": {"metric": "main_window_first_paint_ms", "recorded_at": 1786523890.2171097, "tags": {}, "unit": "ms", "value": 795.822699999917}}
2026-08-12 16:38:10,217 [INFO] core.observability: [启动] 主界面已显示 | 796ms
2026-08-12 16:38:10,240 [DEBUG] core.observability: [structured] {"event": "metric.recorded", "fields": {"metric": "main_window_post_paint_runtime_ms", "recorded_at": 1786523890.2407937, "tags": {}, "unit": "ms", "value": 1.304800000070827}}
2026-08-12 16:38:10,240 [INFO] core.observability: [事件] main_window.post_paint_runtime | elapsed_ms=1.305 | succeeded=False
2026-08-12 16:38:10,256 [DEBUG] core.observability: [structured] {"event": "metric.recorded", "fields": {"metric": "main_window_post_paint_runtime_ms", "recorded_at": 1786523890.2565725, "tags": {}, "unit": "ms", "value": 1.2424000005921698}}
2026-08-12 16:38:10,256 [INFO] core.observability: [事件] main_window.post_paint_runtime | elapsed_ms=1.242 | succeeded=False
2026-08-12 16:38:10,346 [INFO] infra.market_data.tdx_data_provider: [启动] 已启用通达信本地K线数据: D:\HT\vipdoc
2026-08-12 16:38:10,346 [INFO] infra.market_data.tdx_data_provider: [启动] gbbq 复权缓存改为按需加载
2026-08-12 16:38:10,347 [WARNING] infra.market_data.tdx_data_provider: [启动] 离线模式启动：跳过联网检测，使用本地数据
2026-08-12 16:38:10,390 [INFO] vcp.data_provider_history_mixin: [名称映射] 已从缓存载入 52882 条标的名称
2026-08-12 16:38:10,414 [DEBUG] core.observability: [structured] {"event": "metric.recorded", "fields": {"metric": "main_window_post_paint_runtime_ms", "recorded_at": 1786523890.4143088, "tags": {}, "unit": "ms", "value": 0.18110000019078143}}
2026-08-12 16:38:10,414 [INFO] core.observability: [事件] main_window.post_paint_runtime | elapsed_ms=0.181 | succeeded=False
2026-08-12 16:38:10,416 [DEBUG] core.observability: [structured] {"event": "metric.recorded", "fields": {"metric": "main_window_post_paint_runtime_ms", "recorded_at": 1786523890.416328, "tags": {}, "unit": "ms", "value": 1.4941999997972744}}
2026-08-12 16:38:10,416 [INFO] core.observability: [事件] main_window.post_paint_runtime | elapsed_ms=1.494 | succeeded=False
2026-08-12 16:38:10,419 [DEBUG] core.observability: [structured] {"event": "metric.recorded", "fields": {"metric": "main_window_post_paint_runtime_ms", "recorded_at": 1786523890.419311, "tags": {}, "unit": "ms", "value": 2.0260000001144363}}
2026-08-12 16:38:10,419 [INFO] core.observability: [事件] main_window.post_paint_runtime | elapsed_ms=2.026 | succeeded=False
2026-08-12 16:38:10,419 [INFO] ui.main_window_qt: [UI] central quotes disabled for controlled window construction
2026-08-12 16:38:10,420 [DEBUG] core.observability: [structured] {"event": "metric.recorded", "fields": {"metric": "main_window_post_paint_runtime_ms", "recorded_at": 1786523890.420027, "tags": {}, "unit": "ms", "value": 0.2652000002854038}}
2026-08-12 16:38:10,420 [INFO] core.observability: [事件] main_window.post_paint_runtime | elapsed_ms=0.265 | succeeded=False
2026-08-12 16:38:10,420 [DEBUG] core.observability: [structured] {"event": "metric.recorded", "fields": {"metric": "main_window_post_paint_runtime_ms", "recorded_at": 1786523890.4204946, "tags": {}, "unit": "ms", "value": 0.17350000052829273}}
2026-08-12 16:38:10,420 [INFO] core.observability: [事件] main_window.post_paint_runtime | elapsed_ms=0.174 | succeeded=False
2026-08-12 16:38:10,431 [DEBUG] core.observability: [structured] {"event": "metric.recorded", "fields": {"metric": "main_window_post_paint_runtime_ms", "recorded_at": 1786523890.4316163, "tags": {}, "unit": "ms", "value": 10.808600000018487}}
2026-08-12 16:38:10,431 [INFO] core.observability: [事件] main_window.post_paint_runtime | elapsed_ms=10.809 | succeeded=False
2026-08-12 16:38:10,432 [DEBUG] core.observability: [structured] {"event": "metric.recorded", "fields": {"metric": "main_window_post_paint_runtime_ms", "recorded_at": 1786523890.4323125, "tags": {}, "unit": "ms", "value": 0.09969999973691301}}
2026-08-12 16:38:10,432 [INFO] core.observability: [事件] main_window.post_paint_runtime | elapsed_ms=0.1 | succeeded=False
2026-08-12 16:38:10,434 [DEBUG] core.observability: [structured] {"event": "metric.recorded", "fields": {"metric": "main_window_post_paint_runtime_ms", "recorded_at": 1786523890.4343488, "tags": {}, "unit": "ms", "value": 0.08579999939684058}}
2026-08-12 16:38:10,434 [INFO] core.observability: [事件] main_window.post_paint_runtime | elapsed_ms=0.086 | succeeded=False
2026-08-12 16:38:10,434 [DEBUG] core.observability: [structured] {"event": "metric.recorded", "fields": {"metric": "main_window_post_paint_runtime_ms", "recorded_at": 1786523890.4348152, "tags": {}, "unit": "ms", "value": 0.06510000002890592}}
2026-08-12 16:38:10,434 [INFO] core.observability: [事件] main_window.post_paint_runtime | elapsed_ms=0.065 | succeeded=False
2026-08-12 16:38:10,435 [DEBUG] core.observability: [structured] {"event": "metric.recorded", "fields": {"metric": "main_window_post_paint_runtime_ms", "recorded_at": 1786523890.4351895, "tags": {}, "unit": "ms", "value": 0.0655999992886791}}
2026-08-12 16:38:10,435 [INFO] core.observability: [事件] main_window.post_paint_runtime | elapsed_ms=0.066 | succeeded=True
2026-08-12 16:38:10,606 [DEBUG] core.observability: [structured] {"event": "metric.recorded", "fields": {"metric": "watchlist_tab_import_ms", "recorded_at": 1786523890.6067255, "tags": {}, "unit": "ms", "value": 19.472500000119908}}
2026-08-12 16:38:10,606 [DEBUG] core.observability: [structured] {"event": "metric.recorded", "fields": {"metric": "watchlist_tab_ui_construct_ms", "recorded_at": 1786523890.6069586, "tags": {}, "unit": "ms", "value": 77.51369999914459}}
2026-08-12 16:38:10,611 [WARNING] infra.diagnostics.ui_stall_probe: [事件] ui.stall.method | elapsed_ms=105.566 | method=ClassicWorkspace.ensure_tab_loaded | severity=critical | signal=background_prewarm
2026-08-12 16:38:10,612 [DEBUG] infra.diagnostics.ui_stall_probe: [structured] {"event": "metric.recorded", "fields": {"metric": "ui_method_stall_ms", "recorded_at": 1786523890.612263, "tags": {"method": "ClassicWorkspace.ensure_tab_loaded", "severity": "critical", "signal": "background_prewarm", "tab": "watchlist"}, "unit": "ms", "value": 105.56590000032884}}
2026-08-12 16:38:10,612 [WARNING] infra.diagnostics.ui_stall_probe: [事件] ui.stall.method | elapsed_ms=106.365 | method=ClassicWorkspace._prewarm_next_tab | severity=critical | signal=background_prewarm
2026-08-12 16:38:10,612 [DEBUG] infra.diagnostics.ui_stall_probe: [structured] {"event": "metric.recorded", "fields": {"metric": "ui_method_stall_ms", "recorded_at": 1786523890.6127808, "tags": {"method": "ClassicWorkspace._prewarm_next_tab", "severity": "critical", "signal": "background_prewarm", "tab": ""}, "unit": "ms", "value": 106.36470000008558}}
2026-08-12 16:38:10,623 [INFO] infra.diagnostics.ui_stall_probe: [事件] ui.stall.event_loop | elapsed_ms=94.013 | event_loop_gap_ms=119.013 | method=ClassicWorkspace._prewarm_next_tab | severity=warn
2026-08-12 16:38:10,623 [DEBUG] infra.diagnostics.ui_stall_probe: [structured] {"event": "metric.recorded", "fields": {"metric": "ui_event_loop_stall_ms", "recorded_at": 1786523890.62357, "tags": {"method": "ClassicWorkspace._prewarm_next_tab", "severity": "warn", "signal": "background_prewarm", "tab": "watchlist"}, "unit": "ms", "value": 94.0134999997099}}
2026-08-12 16:38:10,626 [DEBUG] core.observability: [structured] {"event": "metric.recorded", "fields": {"metric": "watchlist_tab_initial_data_ms", "recorded_at": 1786523890.626437, "tags": {"rows": "47"}, "unit": "ms", "value": 6.610200000068289}}
2026-08-12 16:38:10,628 [DEBUG] core.observability: [structured] {"event": "metric.recorded", "fields": {"metric": "watchlist_membership_reconcile", "recorded_at": 1786523890.628357, "tags": {"mode": "reset_fallback", "new_rows": "47", "old_rows": "0", "source": "initial_data"}, "unit": "count", "value": 1.0}}
2026-08-12 16:38:11,127 [INFO] core.observability: [指标] watchlist_context_snapshot_capture_ms | 2ms | cached_rows=,candidate_source_rows=,captured_source_rows=,selected_sources=ai_industry_chain,earnings,foreign_block,lhb,na_daily,source_rows=,target_count=47,target_filter=True
2026-08-12 16:38:11,144 [DEBUG] ui.tabs.watchlist_tab: [watchlist] apply 47 metric rows
2026-08-12 16:38:11,311 [DEBUG] core.observability: [structured] {"event": "metric.recorded", "fields": {"metric": "stock_table_update_quotes_ms", "recorded_at": 1786523891.3115242, "tags": {"changed_rows": "47", "model": "StockTableModel", "payload_codes": "47", "scanned_rows": "47"}, "unit": "ms", "value": 1.8728999993982143}}
2026-08-12 16:38:11,311 [DEBUG] core.observability: [structured] {"event": "metric.recorded", "fields": {"metric": "quote_snapshot_apply_ms", "recorded_at": 1786523891.311739, "tags": {"applied_codes": "47", "changed_rows": "47", "model": "StockTableModel", "payload_codes": "47", "tab": "WatchlistTab"}, "unit": "ms", "value": 2.0919999997204286}}
2026-08-12 16:38:11,311 [DEBUG] core.observability: [structured] {"event": "metric.recorded", "fields": {"metric": "watchlist_model_update_ms", "recorded_at": 1786523891.3118477, "tags": {"changed_headers": "买点,市价,市值,涨幅,涨幅%,现价", "mode": "direct", "reason": "quote_snapshot"}, "unit": "ms", "value": 2.375699999902281}}
2026-08-12 16:38:11,312 [DEBUG] core.observability: [structured] {"event": "metric.recorded", "fields": {"metric": "cache_snapshot_apply_ms", "recorded_at": 1786523891.311963, "tags": {"changed_rows": "47", "codes": "47", "signal": "cache_snapshot", "tab": "WatchlistTab"}, "unit": "ms", "value": 2.5517999993098783}}
2026-08-12 16:38:11,388 [INFO] ui.workspaces.background_tab_preload: [Workspace] background tab preload finished scope=visible_watchlist_ready completed=1 startup_lazy_handoff=10 failures=[]
2026-08-12 16:38:11,533 [WARNING] infra.diagnostics.ui_stall_probe: [事件] ui.stall.method | delivered_full_viewport=true | dirty_bounding_area_ratio=1.0000 | elapsed_ms=132.64 | method=VCPTableView.paintEvent
2026-08-12 16:38:11,534 [DEBUG] infra.diagnostics.ui_stall_probe: [structured] {"event": "metric.recorded", "fields": {"metric": "ui_method_stall_ms", "recorded_at": 1786523891.534137, "tags": {"method": "VCPTableView.paintEvent", "severity": "critical", "signal": "preload_reveal", "tab": "watchlist"}, "unit": "ms", "value": 132.63970000025438}}
2026-08-12 16:38:11,534 [DEBUG] core.observability: [structured] {"event": "metric.recorded", "fields": {"metric": "watchlist_table_paint_ms", "recorded_at": 1786523891.534257, "tags": {"background_preload_ready": "true", "background_prewarm_active_key_at_paint": "", "delivered_dirty_bounding_area_ratio": "1.0000", "delivered_full_viewport": "true", "delivery_kind": "structural_full_viewport", "dirty_bounding_area_ratio": "1.0000", "dirty_region_rects": "1", "model_rows": "47", "paint_event_spontaneous": "true", "pending_reasons": "preload_reveal", "preload_staged": "false", "reason": "preload_reveal", "structural_reason": "preload_reveal", "tab": "watchlist", "workspace_load_reason": "restore_last_tab"}, "unit": "ms", "value": 133.00379999964207}}
2026-08-12 16:38:11,534 [DEBUG] core.observability: [structured] {"event": "metric.recorded", "fields": {"metric": "watchlist_table_paint_delay_ms", "recorded_at": 1786523891.5343602, "tags": {"background_preload_ready": "true", "background_prewarm_active_key_at_paint": "", "delivered_dirty_bounding_area_ratio": "1.0000", "delivered_full_viewport": "true", "delivery_kind": "structural_full_viewport", "dirty_bounding_area_ratio": "1.0000", "dirty_region_rects": "1", "model_rows": "47", "paint_event_spontaneous": "true", "pending_reasons": "preload_reveal", "preload_staged": "false", "reason": "preload_reveal", "structural_reason": "preload_reveal", "tab": "watchlist", "workspace_load_reason": "restore_last_tab"}, "unit": "ms", "value": 36.37740000067424}}
2026-08-12 16:38:11,637 [INFO] infra.diagnostics.ui_stall_probe: [事件] ui.stall.method | delivered_full_viewport=true | dirty_bounding_area_ratio=1.0000 | elapsed_ms=93.447 | method=VCPTableView.paintEvent
2026-08-12 16:38:11,637 [DEBUG] infra.diagnostics.ui_stall_probe: [structured] {"event": "metric.recorded", "fields": {"metric": "ui_method_stall_ms", "recorded_at": 1786523891.6372383, "tags": {"method": "VCPTableView.paintEvent", "severity": "warn", "signal": "other", "tab": "watchlist"}, "unit": "ms", "value": 93.44700000019657}}
2026-08-12 16:38:11,637 [DEBUG] core.observability: [structured] {"event": "metric.recorded", "fields": {"metric": "watchlist_table_paint_ms", "recorded_at": 1786523891.6373599, "tags": {"background_preload_ready": "true", "background_prewarm_active_key_at_paint": "", "delivered_dirty_bounding_area_ratio": "1.0000", "delivered_full_viewport": "true", "delivery_kind": "full_viewport", "dirty_bounding_area_ratio": "1.0000", "dirty_region_rects": "1", "paint_event_spontaneous": "true", "preload_staged": "false", "reason": "other", "tab": "watchlist", "workspace_load_reason": "restore_last_tab"}, "unit": "ms", "value": 93.82519999962824}}
2026-08-12 16:38:11,738 [INFO] infra.diagnostics.ui_stall_probe: [事件] ui.stall.method | delivered_full_viewport=true | dirty_bounding_area_ratio=1.0000 | elapsed_ms=91.766 | method=VCPTableView.paintEvent
2026-08-12 16:38:11,738 [DEBUG] infra.diagnostics.ui_stall_probe: [structured] {"event": "metric.recorded", "fields": {"metric": "ui_method_stall_ms", "recorded_at": 1786523891.7382748, "tags": {"method": "VCPTableView.paintEvent", "severity": "warn", "signal": "other", "tab": "watchlist"}, "unit": "ms", "value": 91.76620000016555}}
2026-08-12 16:38:11,738 [DEBUG] core.observability: [structured] {"event": "metric.recorded", "fields": {"metric": "watchlist_table_paint_ms", "recorded_at": 1786523891.7383952, "tags": {"background_preload_ready": "true", "background_prewarm_active_key_at_paint": "", "delivered_dirty_bounding_area_ratio": "1.0000", "delivered_full_viewport": "true", "delivery_kind": "full_viewport", "dirty_bounding_area_ratio": "1.0000", "dirty_region_rects": "1", "paint_event_spontaneous": "true", "preload_staged": "false", "reason": "other", "tab": "watchlist", "workspace_load_reason": "restore_last_tab"}, "unit": "ms", "value": 92.12990000014543}}
2026-08-12 16:38:12,892 [DEBUG] core.observability: [structured] {"event": "metric.recorded", "fields": {"metric": "kline_webengine_preflight_shutdown_ms", "recorded_at": 1786523892.8921325, "tags": {"clean": "true"}, "unit": "ms", "value": 0.005099999725644011}}
2026-08-12 16:38:12,892 [INFO] core.observability: [事件] kline.webengine_preflight_shutdown | clean=True | elapsed_ms=0.005
2026-08-12 16:38:12,892 [INFO] core.observability: [事件] kline.manager_shutdown | active_close_attempted=0 | active_close_clean=True | active_close_succeeded=0 | active_fallback_disposed=0
2026-08-12 16:38:12,910 [INFO] ui.main_window_qt: [watchdog] watchdog.stopped | pid=24796 | rss=267MB | private=264MB | wset=267MB | vms=264MB | threads=37 | source=psutil
2026-08-12 16:38:12,952 [INFO] infra.storage.data_store: [DataStore] SQLite 连接已关闭
